06-20 10:55:00.124 D/PHONE   (  792): [GeminiDataSubUtil] UAPP_C2: active Phone =0
06-20 10:55:00.124 D/GSM     (  792): [GDCT][simId1]apnType = default
06-20 10:55:00.124 D/GSM     (  792): [GDCT][simId1]isDataPossible(default): possible=true isDataAllowed=true apnTypePossible=true apnContextisEnabled=true apnContextState()=IDLE
06-20 10:55:00.230 I/RILJ    (  792): RIL received ACTION_SCREEN_OFF
06-20 10:55:00.230 D/RILJ    (  792):  RIL(1) :[0333]> SCREEN_STATE: false
06-20 10:55:00.231 I/RILC    (  608): RIL(1) SOCKET REQUEST: SCREEN_STATE length:16
06-20 10:55:00.231 I/RILC    (  608): 3D 00 00 00 4D 01 00 00 01 00 00 00 00 00 00 00
06-20 10:55:00.231 D/RILC    (  608): New command received from RIL(1)
06-20 10:55:00.231 D/RIL     (  608): SCREEN_STATE dispatched to RIL_CMD_PROXY_3
06-20 10:55:00.232 I/RIL     (  608): RIL_CMD2_PROXY_2 wakeup
06-20 10:55:00.232 I/RIL     (  608): RIL_CMD2_PROXY_2 sleep
06-20 10:55:00.232 I/RIL     (  608): RIL_ATCI2_PROXY wakeup
06-20 10:55:00.232 I/RIL     (  608): RIL_CMD2_PROXY_1 wakeup
06-20 10:55:00.232 I/RIL     (  608): RIL_ATCI2_PROXY sleep
06-20 10:55:00.232 I/RIL     (  608): RIL_CMD2_PROXY_1 sleep
06-20 10:55:00.232 I/RIL     (  608): RIL_ATCI_PROXY wakeup
06-20 10:55:00.232 I/RIL     (  608): RIL_ATCI_PROXY sleep
06-20 10:55:00.232 I/RIL     (  608): RIL_URC_PROXY wakeup
06-20 10:55:00.232 I/RIL     (  608): RIL_URC_PROXY sleep
06-20 10:55:00.232 I/RIL     (  608): RIL_URC2_PROXY wakeup
06-20 10:55:00.232 I/RIL     (  608): RIL_CMD2_PROXY_3 wakeup
06-20 10:55:00.232 I/RIL     (  608): RIL_URC2_PROXY sleep
06-20 10:55:00.232 I/RIL     (  608): RIL_CMD_PROXY_4 wakeup
06-20 10:55:00.232 I/RIL     (  608): RIL_CMD_PROXY_4 sleep
06-20 10:55:00.232 I/RIL     (  608): RIL_CMD2_PROXY_4 wakeup
06-20 10:55:00.232 I/RIL     (  608): RIL_CMD2_PROXY_4 sleep
06-20 10:55:00.232 I/RIL     (  608): RIL_CMD_PROXY_2 wakeup
06-20 10:55:00.232 I/RIL     (  608): RIL_CMD_PROXY_2 sleep
06-20 10:55:00.232 I/RIL     (  608): RIL_CMD_PROXY_3 wakeup
06-20 10:55:00.232 D/RIL     (  608): SCREEN_STATE execute on RIL_CMD_PROXY_3 using channel 1
06-20 10:55:00.232 D/RIL     (  608): onRequest: SCREEN_STATE, datalen = 4
06-20 10:55:00.232 D/RIL     (  608): radioState:4
06-20 10:55:00.232 D/AT      (  608): AT send on RIL_CMD_READER_1, tid:1084949272
06-20 10:55:00.232 D/AT      (  608): AT> AT+CREG=1
06-20 10:55:00.232 D/AT      (  608): AT+CREG=1
06-20 10:55:00.232 I/RIL     (  608): RIL_CMD2_PROXY_3 sleep
06-20 10:55:00.232 I/RIL     (  608): RIL_CMD_PROXY_1 wakeup
06-20 10:55:00.232 I/MUXD    (  331): [gsm0710muxd] 955:pseudo_device_read(): Enter
06-20 10:55:00.232 I/RIL     (  608): RIL_CMD_PROXY_1 sleep
06-20 10:55:00.232 I/MUXD    (  331): [gsm0710muxd] 599:write_frame(): Sending frame to channel 3
06-20 10:55:00.232 I/MUXD    (  331): [gsm0710muxd] 677:write_frame(): Write a frame on channel 3 with length 10
06-20 10:55:00.234 I/RILJ    (  792): RIL received ACTION_SCREEN_OFF
06-20 10:55:00.235 D/RILJ    (  792):  RIL(2) :[0334]> SCREEN_STATE: false
06-20 10:55:00.236 I/RILC    (  608): RIL(2) SOCKET REQUEST: SCREEN_STATE length:16
06-20 10:55:00.236 I/RILC    (  608): 3D 00 00 00 4E 01 00 00 01 00 00 00 00 00 00 00
06-20 10:55:00.236 D/RILC    (  608): New command received from RIL(2)
06-20 10:55:00.236 D/RIL     (  608): SCREEN_STATE dispatched to RIL_CMD2_PROXY_3
06-20 10:55:00.236 I/RIL     (  608): RIL_CMD2_PROXY_2 wakeup
06-20 10:55:00.236 I/RIL     (  608): RIL_CMD2_PROXY_2 sleep
06-20 10:55:00.236 I/RIL     (  608): RIL_ATCI_PROXY wakeup
06-20 10:55:00.236 I/RIL     (  608): RIL_ATCI2_PROXY wakeup
06-20 10:55:00.236 I/RIL     (  608): RIL_ATCI_PROXY sleep
06-20 10:55:00.236 I/RIL     (  608): RIL_ATCI2_PROXY sleep
06-20 10:55:00.236 I/RIL     (  608): RIL_URC2_PROXY wakeup
06-20 10:55:00.236 I/RIL     (  608): RIL_URC2_PROXY sleep
06-20 10:55:00.236 I/RIL     (  608): RIL_CMD2_PROXY_1 wakeup
06-20 10:55:00.236 I/RIL     (  608): RIL_CMD2_PROXY_1 sleep
06-20 10:55:00.236 I/RIL     (  608): RIL_URC_PROXY wakeup
06-20 10:55:00.236 I/RIL     (  608): RIL_URC_PROXY sleep
06-20 10:55:00.236 I/RIL     (  608): RIL_CMD_PROXY_4 wakeup
06-20 10:55:00.236 I/RIL     (  608): RIL_CMD_PROXY_4 sleep
06-20 10:55:00.236 I/RIL     (  608): RIL_CMD2_PROXY_4 wakeup
06-20 10:55:00.236 I/RIL     (  608): RIL_CMD2_PROXY_4 sleep
06-20 10:55:00.236 I/RIL     (  608): RIL_CMD_PROXY_2 wakeup
06-20 10:55:00.236 I/RIL     (  608): RIL_CMD_PROXY_2 sleep
06-20 10:55:00.236 I/RIL     (  608): RIL_CMD2_PROXY_3 wakeup
06-20 10:55:00.236 D/RIL     (  608): SCREEN_STATE execute on RIL_CMD2_PROXY_3 using channel 7
06-20 10:55:00.236 D/RIL     (  608): onRequest: SCREEN_STATE, datalen = 4
06-20 10:55:00.236 D/RIL     (  608): radioState:3
06-20 10:55:00.236 D/AT      (  608): AT send on RIL_CMD2_READER_1, tid:1084949656
06-20 10:55:00.236 D/AT      (  608): AT> AT+CREG=1
06-20 10:55:00.236 D/AT      (  608): AT+CREG=1
06-20 10:55:00.236 I/RIL     (  608): RIL_CMD_PROXY_1 wakeup
06-20 10:55:00.236 I/RIL     (  608): RIL_CMD_PROXY_1 sleep
06-20 10:55:00.236 I/MUXD    (  331): [gsm0710muxd] 955:pseudo_device_read(): Enter
06-20 10:55:00.236 I/MUXD    (  331): [gsm0710muxd] 599:write_frame(): Sending frame to channel 8
06-20 10:55:00.236 I/MUXD    (  331): [gsm0710muxd] 677:write_frame(): Write a frame on channel 8 with length 10
06-20 10:55:00.237 I/MUXD    (  331): [gsm0710muxd] 1550:gsm0710_base_buffer_get_frame(): Get a complete frame. ch:3, ctrl:239, len:6
06-20 10:55:00.238 D/AT      (  608): 
06-20 10:55:00.238 D/AT      (  608): OK
06-20 10:55:00.238 D/AT      (  608): AT< OK
06-20 10:55:00.238 D/AT      (  608): RIL_CMD_READER_1:OK
06-20 10:55:00.238 D/AT      (  608): RIL_CMD_READER_1 Enter processLine
06-20 10:55:00.238 D/AT      (  608): response received on RIL_CMD_READER_1, tid:1084949272
06-20 10:55:00.238 D/AT      (  608): AT send on RIL_CMD_READER_1, tid:1084949272
06-20 10:55:00.238 D/AT      (  608): AT> AT+CGREG=1
06-20 10:55:00.238 D/AT      (  608): AT+CGREG=1
06-20 10:55:00.238 I/MUXD    (  331): [gsm0710muxd] 1550:gsm0710_base_buffer_get_frame(): Get a complete frame. ch:8, ctrl:239, len:6
06-20 10:55:00.238 I/MUXD    (  331): [gsm0710muxd] 955:pseudo_device_read(): Enter
06-20 10:55:00.238 I/MUXD    (  331): [gsm0710muxd] 599:write_frame(): Sending frame to channel 3
06-20 10:55:00.238 I/MUXD    (  331): [gsm0710muxd] 677:write_frame(): Write a frame on channel 3 with length 11
06-20 10:55:00.238 D/AT      (  608): 
06-20 10:55:00.238 D/AT      (  608): OK
06-20 10:55:00.238 D/AT      (  608): AT< OK
06-20 10:55:00.238 D/AT      (  608): RIL_CMD2_READER_1:OK
06-20 10:55:00.238 D/AT      (  608): RIL_CMD2_READER_1 Enter processLine
06-20 10:55:00.238 D/AT      (  608): response received on RIL_CMD2_READER_1, tid:1084949656
06-20 10:55:00.238 D/AT      (  608): AT send on RIL_CMD2_READER_1, tid:1084949656
06-20 10:55:00.238 D/AT      (  608): AT> AT+CGREG=1
06-20 10:55:00.238 D/AT      (  608): AT+CGREG=1
06-20 10:55:00.238 I/MUXD    (  331): [gsm0710muxd] 955:pseudo_device_read(): Enter
06-20 10:55:00.238 I/MUXD    (  331): [gsm0710muxd] 599:write_frame(): Sending frame to channel 8
06-20 10:55:00.238 I/MUXD    (  331): [gsm0710muxd] 677:write_frame(): Write a frame on channel 8 with length 11
06-20 10:55:00.239 I/MUXD    (  331): [gsm0710muxd] 1550:gsm0710_base_buffer_get_frame(): Get a complete frame. ch:3, ctrl:239, len:6
06-20 10:55:00.239 D/AT      (  608): 
06-20 10:55:00.239 D/AT      (  608): OK
06-20 10:55:00.239 D/AT      (  608): AT< OK
06-20 10:55:00.239 D/AT      (  608): RIL_CMD_READER_1:OK
06-20 10:55:00.239 D/AT      (  608): RIL_CMD_READER_1 Enter processLine
06-20 10:55:00.239 D/AT      (  608): response received on RIL_CMD_READER_1, tid:1084949272
06-20 10:55:00.239 D/AT      (  608): AT send on RIL_CMD_READER_1, tid:1084949272
06-20 10:55:00.239 D/AT      (  608): AT> AT+ECSQ=0
06-20 10:55:00.239 D/AT      (  608): AT+ECSQ=0
06-20 10:55:00.239 I/MUXD    (  331): [gsm0710muxd] 1550:gsm0710_base_buffer_get_frame(): Get a complete frame. ch:8, ctrl:239, len:6
06-20 10:55:00.239 I/MUXD    (  331): [gsm0710muxd] 955:pseudo_device_read(): Enter
06-20 10:55:00.239 I/MUXD    (  331): [gsm0710muxd] 599:write_frame(): Sending frame to channel 3
06-20 10:55:00.239 I/MUXD    (  331): [gsm0710muxd] 677:write_frame(): Write a frame on channel 3 with length 10
06-20 10:55:00.239 D/AT      (  608): 
06-20 10:55:00.239 D/AT      (  608): OK
06-20 10:55:00.239 D/AT      (  608): AT< OK
06-20 10:55:00.239 D/AT      (  608): RIL_CMD2_READER_1:OK
06-20 10:55:00.239 D/AT      (  608): RIL_CMD2_READER_1 Enter processLine
06-20 10:55:00.239 D/AT      (  608): response received on RIL_CMD2_READER_1, tid:1084949656
06-20 10:55:00.239 D/AT      (  608): AT send on RIL_CMD2_READER_1, tid:1084949656
06-20 10:55:00.239 D/AT      (  608): AT> AT+ECSQ=0
06-20 10:55:00.239 D/AT      (  608): AT+ECSQ=0
06-20 10:55:00.239 I/MUXD    (  331): [gsm0710muxd] 955:pseudo_device_read(): Enter
06-20 10:55:00.239 I/MUXD    (  331): [gsm0710muxd] 599:write_frame(): Sending frame to channel 8
06-20 10:55:00.239 I/MUXD    (  331): [gsm0710muxd] 677:write_frame(): Write a frame on channel 8 with length 10
06-20 10:55:00.239 D/GSM     (  792): [GsmSST0] BroadcastReceiver: android.intent.action.SCREEN_OFF
06-20 10:55:00.239 D/GSM     (  792): [GsmSST0] ACTION_SCREEN_OFF
06-20 10:55:00.240 D/GSM     (  792): [GsmSST0] Default Data Setting value=-1
06-20 10:55:00.242 D/GSM     (  792): [GDCT][simId1]onReceive: action=android.intent.action.SCREEN_OFF
06-20 10:55:00.242 D/GSM     (  792): [GDCT][simId1]stopNetStatPoll
06-20 10:55:00.245 I/MUXD    (  331): [gsm0710muxd] 1550:gsm0710_base_buffer_get_frame(): Get a complete frame. ch:3, ctrl:239, len:6
06-20 10:55:00.245 D/AT      (  608): 
06-20 10:55:00.245 D/AT      (  608): OK
06-20 10:55:00.245 D/AT      (  608): AT< OK
06-20 10:55:00.245 D/AT      (  608): RIL_CMD_READER_1:OK
06-20 10:55:00.245 D/AT      (  608): RIL_CMD_READER_1 Enter processLine
06-20 10:55:00.245 D/AT      (  608): response received on RIL_CMD_READER_1, tid:1084949272
06-20 10:55:00.245 D/AT      (  608): AT send on RIL_CMD_READER_1, tid:1084949272
06-20 10:55:00.245 D/AT      (  608): AT> AT+PSBEARER=0
06-20 10:55:00.245 D/AT      (  608): AT+PSBEARER=0
06-20 10:55:00.245 I/MUXD    (  331): [gsm0710muxd] 1550:gsm0710_base_buffer_get_frame(): Get a complete frame. ch:8, ctrl:239, len:6
06-20 10:55:00.245 I/MUXD    (  331): [gsm0710muxd] 955:pseudo_device_read(): Enter
06-20 10:55:00.245 I/MUXD    (  331): [gsm0710muxd] 599:write_frame(): Sending frame to channel 3
06-20 10:55:00.245 I/MUXD    (  331): [gsm0710muxd] 677:write_frame(): Write a frame on channel 3 with length 14
06-20 10:55:00.245 D/AT      (  608): 
06-20 10:55:00.245 D/AT      (  608): OK
06-20 10:55:00.245 D/AT      (  608): AT< OK
06-20 10:55:00.245 D/AT      (  608): RIL_CMD2_READER_1:OK
06-20 10:55:00.245 D/AT      (  608): RIL_CMD2_READER_1 Enter processLine
06-20 10:55:00.245 D/AT      (  608): response received on RIL_CMD2_READER_1, tid:1084949656
06-20 10:55:00.245 D/AT      (  608): AT send on RIL_CMD2_READER_1, tid:1084949656
06-20 10:55:00.245 D/AT      (  608): AT> AT+PSBEARER=0
06-20 10:55:00.245 D/AT      (  608): AT+PSBEARER=0
06-20 10:55:00.245 I/MUXD    (  331): [gsm0710muxd] 955:pseudo_device_read(): Enter
06-20 10:55:00.245 I/MUXD    (  331): [gsm0710muxd] 599:write_frame(): Sending frame to channel 8
06-20 10:55:00.245 I/MUXD    (  331): [gsm0710muxd] 677:write_frame(): Write a frame on channel 8 with length 14
06-20 10:55:00.246 I/MUXD    (  331): [gsm0710muxd] 1550:gsm0710_base_buffer_get_frame(): Get a complete frame. ch:3, ctrl:239, len:6
06-20 10:55:00.246 D/AT      (  608): 
06-20 10:55:00.246 D/AT      (  608): OK
06-20 10:55:00.246 D/AT      (  608): AT< OK
06-20 10:55:00.246 D/AT      (  608): RIL_CMD_READER_1:OK
06-20 10:55:00.246 D/AT      (  608): RIL_CMD_READER_1 Enter processLine
06-20 10:55:00.246 D/AT      (  608): response received on RIL_CMD_READER_1, tid:1084949272
06-20 10:55:00.246 D/AT      (  608): AT send on RIL_CMD_READER_1, tid:1084949272
06-20 10:55:00.246 D/AT      (  608): AT> AT+GPLMN=0
06-20 10:55:00.246 D/AT      (  608): AT+GPLMN=0
06-20 10:55:00.246 I/MUXD    (  331): [gsm0710muxd] 1550:gsm0710_base_buffer_get_frame(): Get a complete frame. ch:8, ctrl:239, len:6
06-20 10:55:00.246 I/MUXD    (  331): [gsm0710muxd] 955:pseudo_device_read(): Enter
06-20 10:55:00.246 I/MUXD    (  331): [gsm0710muxd] 599:write_frame(): Sending frame to channel 3
06-20 10:55:00.246 I/MUXD    (  331): [gsm0710muxd] 677:write_frame(): Write a frame on channel 3 with length 11
06-20 10:55:00.246 D/AT      (  608): 
06-20 10:55:00.246 D/AT      (  608): OK
06-20 10:55:00.246 D/AT      (  608): AT< OK
06-20 10:55:00.246 D/AT      (  608): RIL_CMD2_READER_1:OK
06-20 10:55:00.246 D/AT      (  608): RIL_CMD2_READER_1 Enter processLine
06-20 10:55:00.246 D/AT      (  608): response received on RIL_CMD2_READER_1, tid:1084949656
06-20 10:55:00.246 D/AT      (  608): AT send on RIL_CMD2_READER_1, tid:1084949656
06-20 10:55:00.246 D/AT      (  608): AT> AT+GPLMN=0
06-20 10:55:00.246 D/AT      (  608): AT+GPLMN=0
06-20 10:55:00.246 I/MUXD    (  331): [gsm0710muxd] 955:pseudo_device_read(): Enter
06-20 10:55:00.246 I/MUXD    (  331): [gsm0710muxd] 599:write_frame(): Sending frame to channel 8
06-20 10:55:00.246 I/MUXD    (  331): [gsm0710muxd] 677:write_frame(): Write a frame on channel 8 with length 11
06-20 10:55:00.247 D/GSM     (  792): [GDCT][simId1]overall state is {mApnType=dm mState=IDLE mWaitingApns=null mWaitingApnsPermanentFailureCountDown=0 mApnSetting=null mDataConnectionAc=null mReason=apnChanged mRetryCount=0 mDataEnabled=false mDependencyMet=true}, {mApnType=wap mState=IDLE mWaitingApns=null mWaitingApnsPermanentFailureCountDown=0 mApnSetting=null mDataConnectionAc=null mReason=apnChanged mRetryCount=0 mDataEnabled=false mDependencyMet=true}, {mApnType=cmmail mState=IDLE mWaitingApns=null mWaitingApnsPermanentFailureCountDown=0 mApnSetting=null mDataConnectionAc=null mReason=apnChanged mRetryCount=0 mDataEnabled=false mDependencyMet=true}, {mApnType=fota mState=IDLE mWaitingApns=null mWaitingApnsPermanentFailureCountDown=0 mApnSetting=null mDataConnectionAc=null mReason=apnChanged mRetryCount=0 mDataEnabled=false mDependencyMet=true}, {mApnType=dun mState=IDLE mWaitingApns=null mWaitingApnsPermanentFailureCountDown=0 mApnSetting=null mDataConnectionAc=null mReason=apnChanged mRetryCount=0 mDataEnabled=false mDependencyMet=true}, {mApnType=supl mState=IDLE mWaitingApns=null mWaitingApnsPermanentFailureCountDown=0 mApnSetting=null mDataConnectionAc=null mReason=apnChanged mRetryCount=0 mDataEnabled=false mDependencyMet=true}, {mApnType=hipri mState=IDLE mWaitingApns=null mWaitingApnsPermanentFailureCountDown=0 mApnSetting=null mDataConnectionAc=null mReason=apnChanged mRetryCount=0 mDataEnabled=false mDependencyMet=true}, {mApnType=ims mState=IDLE mWaitingApns=null mWaitingApnsPermanentFailureCountDown=0 mApnSetting=null mDataConnectionAc=null mReason=apnChanged mRetryCount=0 mDataEnabled=false mDependencyMet=true}, {mApnType=default mState=IDLE mWaitingApns=null mWaitingApnsPermanentFailureCountDown=0 mApnSetting=null mDataConnectionAc=null mReason=dataAttached mRetryCount=0 mDataEnabled=true mDependencyMet=true}, {mApnType=mms mState=IDLE mWaitingApns=[[ApnSettingV2]  (China Mobile), 884, 46000, cmwap, 10.0.0.172, http://mmsc.monternet.com, 10.0.0.172, 80, 80, -1, mms, IP, IP, true, 0] mWaitingApnsPermanentFailureCountDown=1 mApnSetting=null mDataConnectionAc=null mReason=dataDisabled mRetryCount=0 mDataEnabled=false mDependencyMet=true}, {mApnType=net mState=IDLE mWaitingApns=null mWaitingApnsPermanentFailureCountDown=0 mApnSetting=null mDataConnectionAc=null mReason=apnChanged mRetryCount=0 mDataEnabled=false mDependencyMet=true}, {mApnType=rcse mState=IDLE mWaitingApns=null mWaitingApnsPermanentFailureCountDown=0 mApnSetting=null mDataConnectionAc=null mReason=apnChanged mRetryCount=0 mDataEnabled=false mDependencyMet=true}, {mApnType=cbs mState=IDLE mWaitingApns=null mWaitingApnsPermanentFailureCountDown=0 mApnSetting=null mDataConnectionAc=null mReason=apnChanged mRetryCount=0 mDataEnabled=false mDependencyMet=true}, 
06-20 10:55:00.247 D/GSM     (  792): [GDCT][simId1]overall state is IDLE
06-20 10:55:00.248 D/GSM     (  792): [GDCT][simId1]FD_MD_Enable_Mode=1, 3gSimID=0, when switching to SCREEN OFF
06-20 10:55:00.248 D/RILJ    (  792):  RIL(1) :[0335]> RIL_REQUEST_SET_FD_MODE
06-20 10:55:00.251 D/GSM     (  792): [GsmSST1] BroadcastReceiver: android.intent.action.SCREEN_OFF
06-20 10:55:00.251 D/GSM     (  792): [GsmSST1] ACTION_SCREEN_OFF
06-20 10:55:00.252 I/MUXD    (  331): [gsm0710muxd] 1550:gsm0710_base_buffer_get_frame(): Get a complete frame. ch:3, ctrl:239, len:19
06-20 10:55:00.252 D/AT      (  608): 
06-20 10:55:00.252 D/AT      (  608): +CME ERROR: 100
06-20 10:55:00.252 D/AT      (  608): AT< +CME ERROR: 100
06-20 10:55:00.252 D/AT      (  608): RIL_CMD_READER_1:+CME ERROR: 100
06-20 10:55:00.252 D/AT      (  608): RIL_CMD_READER_1 Enter processLine
06-20 10:55:00.252 D/AT      (  608): response received on RIL_CMD_READER_1, tid:1084949272
06-20 10:55:00.252 W/RIL     (  608): There is something wrong with the exectution of AT+GPLMN=0
06-20 10:55:00.252 I/RILC    (  608): RIL SOCKET RESPONSE: SCREEN_STATE length:12
06-20 10:55:00.252 I/RILC    (  608): 00 00 00 00 4D 01 00 00 00 00 00 00 13 00 00 00
06-20 10:55:00.252 I/RIL     (  608): RIL_CMD_PROXY_3 sleep
06-20 10:55:00.252 I/MUXD    (  331): [gsm0710muxd] 1550:gsm0710_base_buffer_get_frame(): Get a complete frame. ch:8, ctrl:239, len:19
06-20 10:55:00.252 D/AT      (  608): 
06-20 10:55:00.252 D/AT      (  608): +CME ERROR: 100
06-20 10:55:00.252 D/AT      (  608): AT< +CME ERROR: 100
06-20 10:55:00.252 D/AT      (  608): RIL_CMD2_READER_1:+CME ERROR: 100
06-20 10:55:00.252 D/AT      (  608): RIL_CMD2_READER_1 Enter processLine
06-20 10:55:00.252 D/AT      (  608): response received on RIL_CMD2_READER_1, tid:1084949656
06-20 10:55:00.252 W/RIL     (  608): There is something wrong with the exectution of AT+GPLMN=0
06-20 10:55:00.252 I/RILC    (  608): RIL SOCKET RESPONSE: SCREEN_STATE length:12
06-20 10:55:00.252 I/RILC    (  608): 00 00 00 00 4E 01 00 00 00 00 00 00 13 00 00 00
06-20 10:55:00.252 I/RIL     (  608): RIL_CMD2_PROXY_3 sleep
06-20 10:55:00.252 D/GSM     (  792): [GsmSST1] Default Data Setting value=-1
06-20 10:55:00.254 I/RILC    (  608): RIL(1) SOCKET REQUEST: SET_FD_MODE length:20
06-20 10:55:00.254 I/RILC    (  608): 19 08 00 00 4F 01 00 00 02 00 00 00 03 00 00 00
06-20 10:55:00.254 I/RILC    (  608): 00 00 00 00 01 00 00 00 30 00 00 00 30 00 31 00
06-20 10:55:00.254 D/RILC    (  608): New command received from RIL(1)
06-20 10:55:00.254 D/RIL     (  608): SET_FD_MODE dispatched to RIL_CMD_PROXY_3
06-20 10:55:00.254 I/RIL     (  608): RIL_URC2_PROXY wakeup
06-20 10:55:00.254 I/RIL     (  608): RIL_URC2_PROXY sleep
06-20 10:55:00.254 I/RIL     (  608): RIL_ATCI2_PROXY wakeup
06-20 10:55:00.254 I/RIL     (  608): RIL_CMD2_PROXY_4 wakeup
06-20 10:55:00.254 I/RIL     (  608): RIL_ATCI2_PROXY sleep
06-20 10:55:00.254 I/RIL     (  608): RIL_CMD_PROXY_2 wakeup
06-20 10:55:00.254 I/RIL     (  608): RIL_CMD2_PROXY_1 wakeup
06-20 10:55:00.254 I/RIL     (  608): RIL_CMD_PROXY_2 sleep
06-20 10:55:00.254 I/RIL     (  608): RIL_URC_PROXY wakeup
06-20 10:55:00.254 I/RIL     (  608): RIL_CMD_PROXY_3 wakeup
06-20 10:55:00.254 I/RIL     (  608): RIL_URC_PROXY sleep
06-20 10:55:00.254 I/RIL     (  608): RIL_CMD2_PROXY_3 wakeup
06-20 10:55:00.254 I/RIL     (  608): RIL_CMD2_PROXY_3 sleep
06-20 10:55:00.254 I/RIL     (  608): RIL_CMD_PROXY_4 wakeup
06-20 10:55:00.254 I/RIL     (  608): RIL_CMD_PROXY_4 sleep
06-20 10:55:00.254 I/RIL     (  608): RIL_CMD_PROXY_1 wakeup
06-20 10:55:00.254 I/RIL     (  608): RIL_CMD2_PROXY_2 wakeup
06-20 10:55:00.254 I/RIL     (  608): RIL_CMD_PROXY_1 sleep
06-20 10:55:00.254 I/RIL     (  608): RIL_CMD2_PROXY_4 sleep
06-20 10:55:00.254 D/RIL     (  608): SET_FD_MODE execute on RIL_CMD_PROXY_3 using channel 1
06-20 10:55:00.254 D/RIL     (  608): onRequest: SET_FD_MODE, datalen = 16
06-20 10:55:00.254 I/RIL     (  608): RIL_CMD2_PROXY_1 sleep
06-20 10:55:00.254 D/RIL     (  608): radioState:4
06-20 10:55:00.254 D/RIL     (  608): requestSetFDMode:args_num=2
06-20 10:55:00.254 D/RIL     (  608): requestSetFDMode:cmd=AT+EFD=3,0
06-20 10:55:00.254 D/AT      (  608): AT send on RIL_CMD_READER_1, tid:1084949272
06-20 10:55:00.254 D/AT      (  608): AT> AT+EFD=3,0
06-20 10:55:00.254 D/AT      (  608): AT+EFD=3,0
06-20 10:55:00.254 I/RIL     (  608): RIL_ATCI_PROXY wakeup
06-20 10:55:00.254 I/RIL     (  608): RIL_ATCI_PROXY sleep
06-20 10:55:00.254 I/MUXD    (  331): [gsm0710muxd] 955:pseudo_device_read(): Enter
06-20 10:55:00.254 I/RIL     (  608): RIL_CMD2_PROXY_2 sleep
06-20 10:55:00.254 I/MUXD    (  331): [gsm0710muxd] 599:write_frame(): Sending frame to channel 3
06-20 10:55:00.254 I/MUXD    (  331): [gsm0710muxd] 677:write_frame(): Write a frame on channel 3 with length 11
06-20 10:55:00.255 D/RILJ    (  792):  RIL(2) :[0334]< SCREEN_STATE 
06-20 10:55:00.255 I/MUXD    (  331): [gsm0710muxd] 1550:gsm0710_base_buffer_get_frame(): Get a complete frame. ch:3, ctrl:239, len:6
06-20 10:55:00.255 D/AT      (  608): 
06-20 10:55:00.255 D/AT      (  608): OK
06-20 10:55:00.255 D/AT      (  608): AT< OK
06-20 10:55:00.255 D/AT      (  608): RIL_CMD_READER_1:OK
06-20 10:55:00.255 D/AT      (  608): RIL_CMD_READER_1 Enter processLine
06-20 10:55:00.255 D/AT      (  608): response received on RIL_CMD_READER_1, tid:1084949272
06-20 10:55:00.255 I/RILC    (  608): RIL SOCKET RESPONSE: SET_FD_MODE length:16
06-20 10:55:00.255 I/RILC    (  608): 00 00 00 00 4F 01 00 00 00 00 00 00 00 00 00 00
06-20 10:55:00.255 I/RIL     (  608): RIL_CMD_PROXY_3 sleep
06-20 10:55:00.255 D/RILJ    (  792):  RIL(1) :[0333]< SCREEN_STATE 
06-20 10:55:00.255 D/RILJ    (  792):  RIL(1) :[0335]< RIL_REQUEST_SET_FD_MODE {}
06-20 10:55:00.258 D/GSM     (  792): [GDCT][simId2]onReceive: action=android.intent.action.SCREEN_OFF
06-20 10:55:00.259 D/GSM     (  792): [GDCT][simId2]stopNetStatPoll
06-20 10:55:00.260 D/GSM     (  792): [GDCT][simId2]overall state is {mApnType=dm mState=IDLE mWaitingApns=null mWaitingApnsPermanentFailureCountDown=0 mApnSetting=null mDataConnectionAc=null mReason=radioTurnedOff mRetryCount=0 mDataEnabled=false mDependencyMet=true}, {mApnType=wap mState=IDLE mWaitingApns=null mWaitingApnsPermanentFailureCountDown=0 mApnSetting=null mDataConnectionAc=null mReason=radioTurnedOff mRetryCount=0 mDataEnabled=false mDependencyMet=true}, {mApnType=cmmail mState=IDLE mWaitingApns=null mWaitingApnsPermanentFailureCountDown=0 mApnSetting=null mDataConnectionAc=null mReason=radioTurnedOff mRetryCount=0 mDataEnabled=false mDependencyMet=true}, {mApnType=fota mState=IDLE mWaitingApns=null mWaitingApnsPermanentFailureCountDown=0 mApnSetting=null mDataConnectionAc=null mReason=radioTurnedOff mRetryCount=0 mDataEnabled=false mDependencyMet=true}, {mApnType=dun mState=IDLE mWaitingApns=null mWaitingApnsPermanentFailureCountDown=0 mApnSetting=null mDataConnectionAc=null mReason=radioTurnedOff mRetryCount=0 mDataEnabled=false mDependencyMet=true}, {mApnType=supl mState=IDLE mWaitingApns=null mWaitingApnsPermanentFailureCountDown=0 mApnSetting=null mDataConnectionAc=null mReason=radioTurnedOff mRetryCount=0 mDataEnabled=false mDependencyMet=true}, {mApnType=hipri mState=IDLE mWaitingApns=null mWaitingApnsPermanentFailureCountDown=0 mApnSetting=null mDataConnectionAc=null mReason=radioTurnedOff mRetryCount=0 mDataEnabled=false mDependencyMet=true}, {mApnType=ims mState=IDLE mWaitingApns=null mWaitingApnsPermanentFailureCountDown=0 mApnSetting=null mDataConnectionAc=null mReason=radioTurnedOff mRetryCount=0 mDataEnabled=false mDependencyMet=true}, {mApnType=default mState=IDLE mWaitingApns=null mWaitingApnsPermanentFailureCountDown=0 mApnSetting=null mDataConnectionAc=null mReason=radioTurnedOff mRetryCount=0 mDataEnabled=true mDependencyMet=true}, {mApnType=mms mState=IDLE mWaitingApns=null mWaitingApnsPermanentFailureCountDown=0 mApnSetting=null mDataConnectionAc=null mReason=radioTurnedOff mRetryCount=0 mDataEnabled=false mDependencyMet=true}, {mApnType=net mState=IDLE mWaitingApns=null mWaitingApnsPermanentFailureCountDown=0 mApnSetting=null mDataConnectionAc=null mReason=radioTurnedOff mRetryCount=0 mDataEnabled=false mDependencyMet=true}, {mApnType=rcse mState=IDLE mWaitingApns=null mWaitingApnsPermanentFailureCountDown=0 mApnSetting=null mDataConnectionAc=null mReason=radioTurnedOff mRetryCount=0 mDataEnabled=false mDependencyMet=true}, {mApnType=cbs mState=IDLE mWaitingApns=null mWaitingApnsPermanentFailureCountDown=0 mApnSetting=null mDataConnectionAc=null mReason=radioTurnedOff mRetryCount=0 mDataEnabled=false mDependencyMet=true}, 
06-20 10:55:00.260 D/GSM     (  792): [GDCT][simId2]overall state is IDLE
06-20 10:55:00.260 D/GSM     (  792): [GDCT][simId2]FD_MD_Enable_Mode=1, 3gSimID=0, when switching to SCREEN OFF
06-20 10:55:00.261 D/GSM     (  792): [GDCT][simId1]handleMessage msg={ what=270376 when=-5ms obj=android.os.AsyncResult@41a8d738 target=Handler (com.android.internal.telephony.gsm.GsmDataConnectionTracker) {418e9698} }
06-20 10:55:00.261 D/GSM     (  792): [GDCT][simId1]RECV RSP for EVENT_FD_MODE_SET
06-20 10:55:00.261 D/GSM     (  792): [GDCT][simId1]SET_FD_MODE OK
06-20 10:55:04.888 I/MUXD    (  331): [gsm0710muxd] 3488:main(): Frames received/dropped: 1334/0
06-20 10:55:07.160 D/GSM     (  792): [GDCT][simId1]onReceive: action=android.intent.action.BATTERY_CHANGED
06-20 10:55:07.172 D/GSM     (  792): [GDCT][simId2]onReceive: action=android.intent.action.BATTERY_CHANGED
06-20 10:55:09.888 I/MUXD    (  331): [gsm0710muxd] 3488:main(): Frames received/dropped: 1334/0
06-20 10:55:14.888 I/MUXD    (  331): [gsm0710muxd] 3488:main(): Frames received/dropped: 1334/0
06-20 10:55:17.155 D/GSM     (  792): [GDCT][simId1]onReceive: action=android.intent.action.BATTERY_CHANGED
06-20 10:55:17.162 D/GSM     (  792): [GDCT][simId2]onReceive: action=android.intent.action.BATTERY_CHANGED
06-20 10:55:19.888 I/MUXD    (  331): [gsm0710muxd] 3488:main(): Frames received/dropped: 1334/0
06-20 10:55:24.888 I/MUXD    (  331): [gsm0710muxd] 3488:main(): Frames received/dropped: 1334/0
06-20 10:55:27.155 D/GSM     (  792): [GDCT][simId1]onReceive: action=android.intent.action.BATTERY_CHANGED
06-20 10:55:27.163 D/GSM     (  792): [GDCT][simId2]onReceive: action=android.intent.action.BATTERY_CHANGED
06-20 10:55:29.888 I/MUXD    (  331): [gsm0710muxd] 3488:main(): Frames received/dropped: 1334/0
06-20 10:55:34.888 I/MUXD    (  331): [gsm0710muxd] 3488:main(): Frames received/dropped: 1334/0
06-20 10:55:37.160 D/GSM     (  792): [GDCT][simId1]onReceive: action=android.intent.action.BATTERY_CHANGED
06-20 10:55:37.160 D/GSM     (  792): [GDCT][simId2]onReceive: action=android.intent.action.BATTERY_CHANGED
06-20 10:55:39.888 I/MUXD    (  331): [gsm0710muxd] 3488:main(): Frames received/dropped: 1334/0
06-20 10:55:42.356 I/RILJ    (  792): RIL received ACTION_SCREEN_ON
06-20 10:55:42.356 D/RILJ    (  792):  RIL(1) :[0336]> SCREEN_STATE: true
06-20 10:55:42.358 I/RILC    (  608): RIL(1) SOCKET REQUEST: SCREEN_STATE length:16
06-20 10:55:42.359 I/RILC    (  608): 3D 00 00 00 50 01 00 00 01 00 00 00 01 00 00 00
06-20 10:55:42.359 D/RILC    (  608): New command received from RIL(1)
06-20 10:55:42.359 D/RIL     (  608): SCREEN_STATE dispatched to RIL_CMD_PROXY_3
06-20 10:55:42.359 I/RIL     (  608): RIL_URC2_PROXY wakeup
06-20 10:55:42.359 I/RIL     (  608): RIL_URC2_PROXY sleep
06-20 10:55:42.359 I/RIL     (  608): RIL_ATCI2_PROXY wakeup
06-20 10:55:42.359 I/RIL     (  608): RIL_ATCI2_PROXY sleep
06-20 10:55:42.359 I/RIL     (  608): RIL_CMD_PROXY_2 wakeup
06-20 10:55:42.359 I/RIL     (  608): RIL_CMD_PROXY_2 sleep
06-20 10:55:42.359 I/RIL     (  608): RIL_URC_PROXY wakeup
06-20 10:55:42.359 I/RIL     (  608): RIL_URC_PROXY sleep
06-20 10:55:42.359 I/RIL     (  608): RIL_CMD2_PROXY_3 wakeup
06-20 10:55:42.359 I/RIL     (  608): RIL_CMD2_PROXY_3 sleep
06-20 10:55:42.359 I/RIL     (  608): RIL_CMD_PROXY_4 wakeup
06-20 10:55:42.359 I/RIL     (  608): RIL_CMD_PROXY_4 sleep
06-20 10:55:42.359 I/RIL     (  608): RIL_CMD_PROXY_1 wakeup
06-20 10:55:42.359 I/RIL     (  608): RIL_CMD_PROXY_1 sleep
06-20 10:55:42.359 I/RIL     (  608): RIL_CMD2_PROXY_4 wakeup
06-20 10:55:42.359 I/RIL     (  608): RIL_CMD2_PROXY_4 sleep
06-20 10:55:42.359 I/RIL     (  608): RIL_CMD2_PROXY_1 wakeup
06-20 10:55:42.359 I/RIL     (  608): RIL_CMD2_PROXY_1 sleep
06-20 10:55:42.359 I/RIL     (  608): RIL_ATCI_PROXY wakeup
06-20 10:55:42.359 I/RIL     (  608): RIL_ATCI_PROXY sleep
06-20 10:55:42.359 I/RIL     (  608): RIL_CMD2_PROXY_2 wakeup
06-20 10:55:42.359 I/RIL     (  608): RIL_CMD2_PROXY_2 sleep
06-20 10:55:42.359 I/RIL     (  608): RIL_CMD_PROXY_3 wakeup
06-20 10:55:42.359 D/RIL     (  608): SCREEN_STATE execute on RIL_CMD_PROXY_3 using channel 1
06-20 10:55:42.359 D/RIL     (  608): onRequest: SCREEN_STATE, datalen = 4
06-20 10:55:42.359 D/RIL     (  608): radioState:4
06-20 10:55:42.359 D/AT      (  608): AT send on RIL_CMD_READER_1, tid:1084949272
06-20 10:55:42.359 D/AT      (  608): AT> AT+CREG=2
06-20 10:55:42.359 D/AT      (  608): AT+CREG=2
06-20 10:55:42.359 I/MUXD    (  331): [gsm0710muxd] 955:pseudo_device_read(): Enter
06-20 10:55:42.359 I/MUXD    (  331): [gsm0710muxd] 599:write_frame(): Sending frame to channel 3
06-20 10:55:42.359 I/MUXD    (  331): [gsm0710muxd] 677:write_frame(): Write a frame on channel 3 with length 10
06-20 10:55:42.361 I/RILJ    (  792): RIL received ACTION_SCREEN_ON
06-20 10:55:42.361 D/RILJ    (  792):  RIL(2) :[0337]> SCREEN_STATE: true
06-20 10:55:42.362 I/RILC    (  608): RIL(2) SOCKET REQUEST: SCREEN_STATE length:16
06-20 10:55:42.362 I/RILC    (  608): 3D 00 00 00 51 01 00 00 01 00 00 00 01 00 00 00
06-20 10:55:42.362 D/RILC    (  608): New command received from RIL(2)
06-20 10:55:42.362 D/RIL     (  608): SCREEN_STATE dispatched to RIL_CMD2_PROXY_3
06-20 10:55:42.363 I/RIL     (  608): RIL_URC2_PROXY wakeup
06-20 10:55:42.363 I/RIL     (  608): RIL_URC2_PROXY sleep
06-20 10:55:42.363 I/RIL     (  608): RIL_ATCI2_PROXY wakeup
06-20 10:55:42.363 I/RIL     (  608): RIL_ATCI2_PROXY sleep
06-20 10:55:42.363 I/RIL     (  608): RIL_CMD_PROXY_2 wakeup
06-20 10:55:42.363 I/RIL     (  608): RIL_CMD_PROXY_2 sleep
06-20 10:55:42.363 I/RIL     (  608): RIL_URC_PROXY wakeup
06-20 10:55:42.363 I/RIL     (  608): RIL_URC_PROXY sleep
06-20 10:55:42.363 I/RIL     (  608): RIL_CMD2_PROXY_3 wakeup
06-20 10:55:42.363 D/RIL     (  608): SCREEN_STATE execute on RIL_CMD2_PROXY_3 using channel 7
06-20 10:55:42.363 D/RIL     (  608): onRequest: SCREEN_STATE, datalen = 4
06-20 10:55:42.363 D/RIL     (  608): radioState:3
06-20 10:55:42.363 D/AT      (  608): AT send on RIL_CMD2_READER_1, tid:1084949656
06-20 10:55:42.363 D/AT      (  608): AT> AT+CREG=2
06-20 10:55:42.363 D/AT      (  608): AT+CREG=2
06-20 10:55:42.363 I/RIL     (  608): RIL_CMD_PROXY_4 wakeup
06-20 10:55:42.363 I/RIL     (  608): RIL_CMD_PROXY_4 sleep
06-20 10:55:42.363 I/RIL     (  608): RIL_CMD_PROXY_1 wakeup
06-20 10:55:42.363 I/RIL     (  608): RIL_CMD_PROXY_1 sleep
06-20 10:55:42.363 I/RIL     (  608): RIL_CMD2_PROXY_4 wakeup
06-20 10:55:42.363 I/RIL     (  608): RIL_CMD2_PROXY_4 sleep
06-20 10:55:42.363 I/RIL     (  608): RIL_CMD2_PROXY_1 wakeup
06-20 10:55:42.363 I/RIL     (  608): RIL_CMD2_PROXY_1 sleep
06-20 10:55:42.363 I/RIL     (  608): RIL_ATCI_PROXY wakeup
06-20 10:55:42.363 I/RIL     (  608): RIL_ATCI_PROXY sleep
06-20 10:55:42.363 I/RIL     (  608): RIL_CMD2_PROXY_2 wakeup
06-20 10:55:42.363 I/RIL     (  608): RIL_CMD2_PROXY_2 sleep
06-20 10:55:42.363 I/MUXD    (  331): [gsm0710muxd] 955:pseudo_device_read(): Enter
06-20 10:55:42.363 I/MUXD    (  331): [gsm0710muxd] 599:write_frame(): Sending frame to channel 8
06-20 10:55:42.363 I/MUXD    (  331): [gsm0710muxd] 677:write_frame(): Write a frame on channel 8 with length 10
06-20 10:55:42.364 I/MUXD    (  331): [gsm0710muxd] 1550:gsm0710_base_buffer_get_frame(): Get a complete frame. ch:2, ctrl:239, len:38
06-20 10:55:42.365 D/AT      (  608): 
06-20 10:55:42.365 D/AT      (  608): +CREG: 1, "10B5", "00002F09", 3, 0
06-20 10:55:42.365 D/AT      (  608): AT< +CREG: 1, "10B5", "00002F09", 3, 0
06-20 10:55:42.365 D/AT      (  608): RIL_URC_READER:+CREG: 1, "10B5", "00002F09", 3, 0
06-20 10:55:42.365 D/AT      (  608): RIL_URC_READER Enter processLine
06-20 10:55:42.365 D/RIL     (  608): Nw URC:+CREG: 1, "10B5", "00002F09", 3, 0
06-20 10:55:42.365 D/RIL     (  608): The URC is  "10B5", "00002F09", 3, 0
06-20 10:55:42.365 D/RIL     (  608): onNetworkStateChanged() , stat=1 , is_cs=1
06-20 10:55:42.365 D/RIL     (  608): +creg urc <ci>: 12041
06-20 10:55:42.365 D/RIL     (  608): now +creg urc <cause>: 0
06-20 10:55:42.365 I/RILC    (  608): RIL(1) UNSOLICITED: UNSOL_RESPONSE_VOICE_NETWORK_STATE_CHANGED length:68
06-20 10:55:42.365 I/RILC    (  608): 01 00 00 00 EA 03 00 00 05 00 00 00 01 00 00 00
06-20 10:55:42.365 I/RILC    (  608): 31 00 00 00 04 00 00 00 31 00 30 00 62 00 35 00
06-20 10:55:42.365 I/RILC    (  608): 00 00 00 00 04 00 00 00 32 00 66 00 30 00 39 00
06-20 10:55:42.365 I/RILC    (  608): 00 00 00 00 01 00 00 00 33 00 00 00 01 00 00 00
06-20 10:55:42.365 I/RILC    (  608): 30 00 00 00 00 00 00 00 01 00 00 00 32 00 00 00
06-20 10:55:42.365 I/MUXD    (  331): [gsm0710muxd] 1550:gsm0710_base_buffer_get_frame(): Get a complete frame. ch:3, ctrl:239, len:6
06-20 10:55:42.365 I/MUXD    (  331): [gsm0710muxd] 1550:gsm0710_base_buffer_get_frame(): Get a complete frame. ch:7, ctrl:239, len:40
06-20 10:55:42.365 I/MUXD    (  331): [gsm0710muxd] 1550:gsm0710_base_buffer_get_frame(): Get a complete frame. ch:8, ctrl:239, len:6
06-20 10:55:42.365 D/AT      (  608): 
06-20 10:55:42.365 D/AT      (  608): OK
06-20 10:55:42.365 D/AT      (  608): AT< OK
06-20 10:55:42.365 D/AT      (  608): RIL_CMD_READER_1:OK
06-20 10:55:42.365 D/AT      (  608): RIL_CMD_READER_1 Enter processLine
06-20 10:55:42.365 D/AT      (  608): 
06-20 10:55:42.365 D/AT      (  608): +CREG: 255, "0000", "0000FFFF", 0, 0
06-20 10:55:42.365 D/AT      (  608): AT< +CREG: 255, "0000", "0000FFFF", 0, 0
06-20 10:55:42.365 D/AT      (  608): RIL_URC2_READER:+CREG: 255, "0000", "0000FFFF", 0, 0
06-20 10:55:42.365 D/AT      (  608): RIL_URC2_READER Enter processLine
06-20 10:55:42.365 D/RIL     (  608): Nw URC:+CREG: 255, "0000", "0000FFFF", 0, 0
06-20 10:55:42.365 D/RIL     (  608): The URC is  "0000", "0000FFFF", 0, 0
06-20 10:55:42.365 D/RIL     (  608): onNetworkStateChanged() , stat=255 , is_cs=1
06-20 10:55:42.365 D/RIL     (  608): +creg urc <ci>: 65535
06-20 10:55:42.365 D/RIL     (  608): now +creg urc <cause>: 0
06-20 10:55:42.365 I/RILC    (  608): RIL(2) UNSOLICITED: UNSOL_RESPONSE_VOICE_NETWORK_STATE_CHANGED length:64
06-20 10:55:42.365 I/RILC    (  608): 01 00 00 00 EA 03 00 00 05 00 00 00 03 00 00 00
06-20 10:55:42.365 I/RILC    (  608): 32 00 35 00 35 00 00 00 01 00 00 00 30 00 00 00
06-20 10:55:42.365 I/RILC    (  608): 04 00 00 00 66 00 66 00 66 00 66 00 00 00 00 00
06-20 10:55:42.365 I/RILC    (  608): 01 00 00 00 30 00 00 00 01 00 00 00 30 00 00 00
06-20 10:55:42.365 D/AT      (  608): 
06-20 10:55:42.365 D/AT      (  608): OK
06-20 10:55:42.365 D/AT      (  608): AT< OK
06-20 10:55:42.365 D/AT      (  608): RIL_CMD2_READER_1:OK
06-20 10:55:42.365 D/AT      (  608): RIL_CMD2_READER_1 Enter processLine
06-20 10:55:42.365 D/AT      (  608): response received on RIL_CMD_READER_1, tid:1084949272
06-20 10:55:42.365 D/AT      (  608): AT send on RIL_CMD_READER_1, tid:1084949272
06-20 10:55:42.365 D/AT      (  608): AT> AT+CGREG=2
06-20 10:55:42.365 D/AT      (  608): AT+CGREG=2
06-20 10:55:42.365 D/AT      (  608): response received on RIL_CMD2_READER_1, tid:1084949656
06-20 10:55:42.365 D/AT      (  608): AT send on RIL_CMD2_READER_1, tid:1084949656
06-20 10:55:42.365 D/AT      (  608): AT> AT+CGREG=2
06-20 10:55:42.365 D/AT      (  608): AT+CGREG=2
06-20 10:55:42.365 I/MUXD    (  331): [gsm0710muxd] 955:pseudo_device_read(): Enter
06-20 10:55:42.365 I/MUXD    (  331): [gsm0710muxd] 599:write_frame(): Sending frame to channel 3
06-20 10:55:42.365 I/MUXD    (  331): [gsm0710muxd] 677:write_frame(): Write a frame on channel 3 with length 11
06-20 10:55:42.366 I/MUXD    (  331): [gsm0710muxd] 955:pseudo_device_read(): Enter
06-20 10:55:42.366 I/MUXD    (  331): [gsm0710muxd] 599:write_frame(): Sending frame to channel 8
06-20 10:55:42.366 I/MUXD    (  331): [gsm0710muxd] 677:write_frame(): Write a frame on channel 8 with length 11
06-20 10:55:42.366 V/RILJ    (  792):  RIL(2) :[UNSL RIL]< UNSOL_RESPONSE_VOICE_NETWORK_STATE_CHANGED {255, 0, ffff, 0, 0}
06-20 10:55:42.366 V/RILJ    (  792):  RIL(1) :[UNSL RIL]< UNSOL_RESPONSE_VOICE_NETWORK_STATE_CHANGED {1, 10b5, 2f09, 3, 0}
06-20 10:55:42.368 D/GSM     (  792): [GsmSST1] onNetworkStateChangeResult state:255lac:0cid:65535Act:0cause:0
06-20 10:55:42.368 I/GSM     (  792): clear dontUpdateNetworkStateFlag
06-20 10:55:42.369 D/GSM     (  792): [GsmSST1] cm.getRadioState() is SIM_LOCKED_OR_ABSENT
06-20 10:55:42.370 I/MUXD    (  331): [gsm0710muxd] 1550:gsm0710_base_buffer_get_frame(): Get a complete frame. ch:3, ctrl:239, len:6
06-20 10:55:42.370 D/AT      (  608): 
06-20 10:55:42.370 D/AT      (  608): OK
06-20 10:55:42.370 D/AT      (  608): AT< OK
06-20 10:55:42.370 D/AT      (  608): RIL_CMD_READER_1:OK
06-20 10:55:42.370 D/AT      (  608): RIL_CMD_READER_1 Enter processLine
06-20 10:55:42.370 D/AT      (  608): response received on RIL_CMD_READER_1, tid:1084949272
06-20 10:55:42.370 D/AT      (  608): AT send on RIL_CMD_READER_1, tid:1084949272
06-20 10:55:42.370 D/AT      (  608): AT> AT+ECSQ=1
06-20 10:55:42.370 D/AT      (  608): AT+ECSQ=1
06-20 10:55:42.371 I/MUXD    (  331): [gsm0710muxd] 955:pseudo_device_read(): Enter
06-20 10:55:42.371 I/MUXD    (  331): [gsm0710muxd] 599:write_frame(): Sending frame to channel 3
06-20 10:55:42.371 I/MUXD    (  331): [gsm0710muxd] 677:write_frame(): Write a frame on channel 3 with length 10
06-20 10:55:42.371 I/MUXD    (  331): [gsm0710muxd] 1550:gsm0710_base_buffer_get_frame(): Get a complete frame. ch:8, ctrl:239, len:6
06-20 10:55:42.371 D/AT      (  608): 
06-20 10:55:42.371 D/AT      (  608): OK
06-20 10:55:42.371 D/AT      (  608): AT< OK
06-20 10:55:42.371 D/AT      (  608): RIL_CMD2_READER_1:OK
06-20 10:55:42.371 D/AT      (  608): RIL_CMD2_READER_1 Enter processLine
06-20 10:55:42.371 D/AT      (  608): response received on RIL_CMD2_READER_1, tid:1084949656
06-20 10:55:42.371 D/AT      (  608): AT send on RIL_CMD2_READER_1, tid:1084949656
06-20 10:55:42.371 D/AT      (  608): AT> AT+ECSQ=1
06-20 10:55:42.371 D/AT      (  608): AT+ECSQ=1
06-20 10:55:42.371 I/MUXD    (  331): [gsm0710muxd] 955:pseudo_device_read(): Enter
06-20 10:55:42.371 I/MUXD    (  331): [gsm0710muxd] 599:write_frame(): Sending frame to channel 8
06-20 10:55:42.371 I/MUXD    (  331): [gsm0710muxd] 677:write_frame(): Write a frame on channel 8 with length 10
06-20 10:55:42.371 D/GSM     (  792): [GsmSST1] Now airplaneMode=0,dualSimModeSetting=1,isPowerOff=0
06-20 10:55:42.371 D/GSM     (  792): GSMPhone(2) :isSimInsert false
06-20 10:55:42.371 D/GSM     (  792): GSMPhone(1) :isSimInsert true
06-20 10:55:42.371 D/GSM     (  792): [GsmSST1] pollState is locked or absent, transfer to [RADIO_OFF]
06-20 10:55:42.372 D/GSM     (  792): [GsmSST1] Poll ServiceState done:  oldSS=[SIM2 3 home null null null  Unknown CSS not supported -1 -1 RoamInd=-1 DefRoamInd=-1 EmergOnly=false Regist state: 0] newSS=[SIM2 3 home null null null  Unknown CSS not supported -1 -1 RoamInd=-1 DefRoamInd=-1 EmergOnly=false Regist state: 0] oldGprs=3 newData=3 oldMaxDataCalls=1 mNewMaxDataCalls=1 oldReasonDataDenied=-1 mNewReasonDataDenied=-1 oldType=Unknown newType=Unknown oldGprsType=0 newGprsType=0
06-20 10:55:42.372 D/GSM     (  792): [GsmSST1] pollStateDone,hasRegistered:false,hasDeregistered:false,hasGprsAttached:false,hasPSNetworkTypeChanged:false,hasRadioTechnologyChanged:false,hasChanged:false,hasRoamingOn:false,hasRoamingOff:false,hasLocationChanged:false,hasRegStateChanged:false,hasLacChanged:false
06-20 10:55:42.372 D/GSM     (  792): [GsmSST1] explict_update_spn trigger to refresh SPN
06-20 10:55:42.372 D/GSM     (  792): No matched EONS and No CPHS ONS
06-20 10:55:42.372 D/GSM     (  792): [GsmSST1] updateSpnDisplay mEmergencyOnly=falsegetRadioState=true
06-20 10:55:42.372 D/GSM     (  792): Current PLMN: 
06-20 10:55:42.372 D/GSM     (  792): Network Operator: null Network Type: 0
06-20 10:55:42.376 I/MUXD    (  331): [gsm0710muxd] 1550:gsm0710_base_buffer_get_frame(): Get a complete frame. ch:3, ctrl:239, len:6
06-20 10:55:42.376 D/AT      (  608): 
06-20 10:55:42.376 D/AT      (  608): OK
06-20 10:55:42.376 D/AT      (  608): AT< OK
06-20 10:55:42.376 D/AT      (  608): RIL_CMD_READER_1:OK
06-20 10:55:42.376 D/AT      (  608): RIL_CMD_READER_1 Enter processLine
06-20 10:55:42.376 D/AT      (  608): response received on RIL_CMD_READER_1, tid:1084949272
06-20 10:55:42.376 D/AT      (  608): AT send on RIL_CMD_READER_1, tid:1084949272
06-20 10:55:42.376 D/AT      (  608): AT> AT+ECSQ
06-20 10:55:42.376 D/AT      (  608): AT+ECSQ
06-20 10:55:42.376 I/MUXD    (  331): [gsm0710muxd] 955:pseudo_device_read(): Enter
06-20 10:55:42.376 I/MUXD    (  331): [gsm0710muxd] 599:write_frame(): Sending frame to channel 3
06-20 10:55:42.376 I/MUXD    (  331): [gsm0710muxd] 677:write_frame(): Write a frame on channel 3 with length 8
06-20 10:55:42.376 I/MUXD    (  331): [gsm0710muxd] 1550:gsm0710_base_buffer_get_frame(): Get a complete frame. ch:8, ctrl:239, len:6
06-20 10:55:42.376 D/AT      (  608): 
06-20 10:55:42.376 D/AT      (  608): OK
06-20 10:55:42.376 D/AT      (  608): AT< OK
06-20 10:55:42.376 D/AT      (  608): RIL_CMD2_READER_1:OK
06-20 10:55:42.376 D/AT      (  608): RIL_CMD2_READER_1 Enter processLine
06-20 10:55:42.376 D/AT      (  608): response received on RIL_CMD2_READER_1, tid:1084949656
06-20 10:55:42.376 D/AT      (  608): AT send on RIL_CMD2_READER_1, tid:1084949656
06-20 10:55:42.376 D/AT      (  608): AT> AT+ECSQ
06-20 10:55:42.376 D/AT      (  608): AT+ECSQ
06-20 10:55:42.376 I/MUXD    (  331): [gsm0710muxd] 955:pseudo_device_read(): Enter
06-20 10:55:42.376 I/MUXD    (  331): [gsm0710muxd] 599:write_frame(): Sending frame to channel 8
06-20 10:55:42.376 I/MUXD    (  331): [gsm0710muxd] 677:write_frame(): Write a frame on channel 8 with length 8
06-20 10:55:42.377 D/GSM     (  792): [GsmSST1]  showSpn:false spn:null showPlmn:true plmn: rule:2
06-20 10:55:42.377 D/GSM     (  792): [GsmSST0] onNetworkStateChangeResult state:1lac:4277cid:12041Act:3cause:0
06-20 10:55:42.377 I/GSM     (  792): clear dontUpdateNetworkStateFlag
06-20 10:55:42.377 D/GSM     (  792): [GsmSST0] cm.getRadioState() is SIM_READY
06-20 10:55:42.377 D/RILJ    (  792):  RIL(1) :[0338]> OPERATOR
06-20 10:55:42.382 I/MUXD    (  331): [gsm0710muxd] 1550:gsm0710_base_buffer_get_frame(): Get a complete frame. ch:3, ctrl:239, len:23
06-20 10:55:42.382 D/AT      (  608): 
06-20 10:55:42.382 D/AT      (  608): +ECSQ: 16, 99, -325
06-20 10:55:42.382 D/AT      (  608): AT< +ECSQ: 16, 99, -325
06-20 10:55:42.382 D/AT      (  608): RIL_CMD_READER_1:+ECSQ: 16, 99, -325
06-20 10:55:42.382 D/AT      (  608): RIL_CMD_READER_1 Enter processLine
06-20 10:55:42.382 I/MUXD    (  331): [gsm0710muxd] 1550:gsm0710_base_buffer_get_frame(): Get a complete frame. ch:3, ctrl:239, len:6
06-20 10:55:42.382 D/AT      (  608): 
06-20 10:55:42.382 D/AT      (  608): OK
06-20 10:55:42.382 D/AT      (  608): AT< OK
06-20 10:55:42.382 D/AT      (  608): RIL_CMD_READER_1:OK
06-20 10:55:42.382 D/AT      (  608): RIL_CMD_READER_1 Enter processLine
06-20 10:55:42.382 D/AT      (  608): response received on RIL_CMD_READER_1, tid:1084949272
06-20 10:55:42.382 I/RILC    (  608): RIL(1) UNSOLICITED: UNSOL_SIGNAL_STRENGTH length:72
06-20 10:55:42.382 I/RILC    (  608): 01 00 00 00 F1 03 00 00 10 00 00 00 63 00 00 00
06-20 10:55:42.382 I/RILC    (  608): BB FE FF FF 00 00 00 00 00 00 00 00 00 00 00 00
06-20 10:55:42.382 I/RILC    (  608): 00 00 00 00 00 00 00 00 00 00 00 00 00 00 00 00
06-20 10:55:42.382 I/RILC    (  608): 00 00 00 00 00 00 00 00 00 00 00 00 00 00 00 00
06-20 10:55:42.382 I/RILC    (  608): 00 00 00 00 00 00 00 00 50 00 00 00 29 00 00 00
06-20 10:55:42.382 D/AT      (  608): AT send on RIL_CMD_READER_1, tid:1084949272
06-20 10:55:42.382 D/AT      (  608): AT> AT+PSBEARER=1
06-20 10:55:42.382 D/AT      (  608): AT+PSBEARER=1
06-20 10:55:42.382 I/MUXD    (  331): [gsm0710muxd] 955:pseudo_device_read(): Enter
06-20 10:55:42.382 I/MUXD    (  331): [gsm0710muxd] 599:write_frame(): Sending frame to channel 3
06-20 10:55:42.382 I/MUXD    (  331): [gsm0710muxd] 677:write_frame(): Write a frame on channel 3 with length 14
06-20 10:55:42.382 I/MUXD    (  331): [gsm0710muxd] 1550:gsm0710_base_buffer_get_frame(): Get a complete frame. ch:8, ctrl:239, len:6
06-20 10:55:42.382 D/AT      (  608): 
06-20 10:55:42.382 D/AT      (  608): OK
06-20 10:55:42.382 D/AT      (  608): AT< OK
06-20 10:55:42.382 D/AT      (  608): RIL_CMD2_READER_1:OK
06-20 10:55:42.382 D/AT      (  608): RIL_CMD2_READER_1 Enter processLine
06-20 10:55:42.382 D/AT      (  608): response received on RIL_CMD2_READER_1, tid:1084949656
06-20 10:55:42.382 E/RIL     (  608): updateSignalStrength ERROR: -6
06-20 10:55:42.382 D/AT      (  608): AT send on RIL_CMD2_READER_1, tid:1084949656
06-20 10:55:42.382 D/AT      (  608): AT> AT+PSBEARER=1
06-20 10:55:42.382 D/AT      (  608): AT+PSBEARER=1
06-20 10:55:42.382 I/MUXD    (  331): [gsm0710muxd] 955:pseudo_device_read(): Enter
06-20 10:55:42.382 I/MUXD    (  331): [gsm0710muxd] 599:write_frame(): Sending frame to channel 8
06-20 10:55:42.382 I/MUXD    (  331): [gsm0710muxd] 677:write_frame(): Write a frame on channel 8 with length 14
06-20 10:55:42.383 I/RILC    (  608): RIL(1) SOCKET REQUEST: OPERATOR length:8
06-20 10:55:42.383 I/RILC    (  608): 16 00 00 00 52 01 00 00 01 00 00 00 01 00 00 00
06-20 10:55:42.383 D/RILC    (  608): New command received from RIL(1)
06-20 10:55:42.383 D/RIL     (  608): OPERATOR dispatched to RIL_CMD_PROXY_3
06-20 10:55:42.383 I/RIL     (  608): RIL_URC2_PROXY wakeup
06-20 10:55:42.383 I/RIL     (  608): RIL_URC2_PROXY sleep
06-20 10:55:42.383 I/RIL     (  608): RIL_ATCI2_PROXY wakeup
06-20 10:55:42.383 I/RIL     (  608): RIL_ATCI2_PROXY sleep
06-20 10:55:42.383 I/RIL     (  608): RIL_CMD_PROXY_2 wakeup
06-20 10:55:42.383 I/RIL     (  608): RIL_CMD_PROXY_2 sleep
06-20 10:55:42.383 I/RIL     (  608): RIL_URC_PROXY wakeup
06-20 10:55:42.383 I/RIL     (  608): RIL_URC_PROXY sleep
06-20 10:55:42.383 I/RIL     (  608): RIL_CMD_PROXY_4 wakeup
06-20 10:55:42.383 I/RIL     (  608): RIL_CMD_PROXY_4 sleep
06-20 10:55:42.383 I/RIL     (  608): RIL_CMD_PROXY_1 wakeup
06-20 10:55:42.383 I/RIL     (  608): RIL_CMD_PROXY_1 sleep
06-20 10:55:42.383 I/RIL     (  608): RIL_CMD2_PROXY_4 wakeup
06-20 10:55:42.383 I/RIL     (  608): RIL_CMD2_PROXY_4 sleep
06-20 10:55:42.383 I/RIL     (  608): RIL_CMD2_PROXY_1 wakeup
06-20 10:55:42.383 I/RIL     (  608): RIL_CMD2_PROXY_1 sleep
06-20 10:55:42.383 I/RIL     (  608): RIL_ATCI_PROXY wakeup
06-20 10:55:42.383 I/RIL     (  608): RIL_ATCI_PROXY sleep
06-20 10:55:42.383 I/RIL     (  608): RIL_CMD2_PROXY_2 wakeup
06-20 10:55:42.383 I/RIL     (  608): RIL_CMD2_PROXY_2 sleep
06-20 10:55:42.383 D/RILJ    (  792):  RIL(1) :[0339]> DATA_REGISTRATION_STATE
06-20 10:55:42.385 I/RILC    (  608): RIL(1) SOCKET REQUEST: DATA_REGISTRATION_STATE length:8
06-20 10:55:42.385 I/RILC    (  608): 15 00 00 00 53 01 00 00 01 00 00 00 01 00 00 00
06-20 10:55:42.385 D/RILC    (  608): New command received from RIL(1)
06-20 10:55:42.385 D/RIL     (  608): 1:OPERATOR is queued in RIL_CMD_PROXY_3
06-20 10:55:42.385 D/RILC    (  608): RIL_CMD_PROXY_3 is busy. DATA_REGISTRATION_STATE queued. total:2 requests pending
06-20 10:55:42.385 D/RILJ    (  792):  RIL(1) :[0340]> VOICE_REGISTRATION_STATE
06-20 10:55:42.388 I/MUXD    (  331): [gsm0710muxd] 1550:gsm0710_base_buffer_get_frame(): Get a complete frame. ch:3, ctrl:239, len:6
06-20 10:55:42.388 D/AT      (  608): 
06-20 10:55:42.388 D/AT      (  608): OK
06-20 10:55:42.388 D/AT      (  608): AT< OK
06-20 10:55:42.388 D/AT      (  608): RIL_CMD_READER_1:OK
06-20 10:55:42.388 D/AT      (  608): RIL_CMD_READER_1 Enter processLine
06-20 10:55:42.388 D/AT      (  608): response received on RIL_CMD_READER_1, tid:1084949272
06-20 10:55:42.388 D/AT      (  608): AT send on RIL_CMD_READER_1, tid:1084949272
06-20 10:55:42.388 D/AT      (  608): AT> AT+GPLMN=1
06-20 10:55:42.388 D/AT      (  608): AT+GPLMN=1
06-20 10:55:42.388 I/MUXD    (  331): [gsm0710muxd] 955:pseudo_device_read(): Enter
06-20 10:55:42.388 I/MUXD    (  331): [gsm0710muxd] 599:write_frame(): Sending frame to channel 3
06-20 10:55:42.388 I/MUXD    (  331): [gsm0710muxd] 677:write_frame(): Write a frame on channel 3 with length 11
06-20 10:55:42.388 I/MUXD    (  331): [gsm0710muxd] 1550:gsm0710_base_buffer_get_frame(): Get a complete frame. ch:8, ctrl:239, len:6
06-20 10:55:42.388 D/AT      (  608): 
06-20 10:55:42.388 D/AT      (  608): OK
06-20 10:55:42.388 D/AT      (  608): AT< OK
