06-20 10:55:45.274 D/PHONE   (  792): [SimInfoManagerAdp][getSlotByIdAdp]
06-20 10:55:45.274 D/PHONE   (  792): [SimInfoManager][getSlotById]+ simInfoId:2
06-20 10:55:45.274 I/RILC    (  608): RIL(1) SOCKET REQUEST: OEM_HOOK_STRINGS length:56
06-20 10:55:45.274 I/RILC    (  608): 3C 00 00 00 63 01 00 00 02 00 00 00 09 00 00 00
06-20 10:55:45.274 I/RILC    (  608): 41 00 54 00 2B 00 45 00 49 00 4E 00 46 00 4F 00
06-20 10:55:45.274 I/RILC    (  608): 3F 00 00 00 06 00 00 00 2B 00 45 00 49 00 4E 00
06-20 10:55:45.274 I/RILC    (  608): 46 00 4F 00 00 00 00 00 00 00 00 00 00 00 00 00
06-20 10:55:45.274 D/RILC    (  608): New command received from RIL(1)
06-20 10:55:45.274 D/RIL     (  608): OEM_HOOK_STRINGS dispatched to RIL_CMD_PROXY_3
06-20 10:55:45.274 I/RIL     (  608): RIL_CMD_PROXY_2 wakeup
06-20 10:55:45.274 I/RIL     (  608): RIL_ATCI_PROXY wakeup
06-20 10:55:45.274 I/RIL     (  608): RIL_CMD_PROXY_2 sleep
06-20 10:55:45.274 I/RIL     (  608): RIL_ATCI_PROXY sleep
06-20 10:55:45.274 I/RIL     (  608): RIL_ATCI2_PROXY wakeup
06-20 10:55:45.274 I/RIL     (  608): RIL_CMD_PROXY_4 wakeup
06-20 10:55:45.274 I/RIL     (  608): RIL_ATCI2_PROXY sleep
06-20 10:55:45.274 I/RIL     (  608): RIL_URC_PROXY wakeup
06-20 10:55:45.274 I/RIL     (  608): RIL_URC_PROXY sleep
06-20 10:55:45.274 I/RIL     (  608): RIL_CMD_PROXY_3 wakeup
06-20 10:55:45.274 D/RIL     (  608): OEM_HOOK_STRINGS execute on RIL_CMD_PROXY_3 using channel 1
06-20 10:55:45.274 D/RIL     (  608): onRequest: OEM_HOOK_STRINGS, datalen = 8
06-20 10:55:45.274 D/RIL     (  608): radioState:4
06-20 10:55:45.274 I/RIL     (  608): RIL_URC2_PROXY wakeup
06-20 10:55:45.274 I/RIL     (  608): RIL_URC2_PROXY sleep
06-20 10:55:45.274 D/RIL     (  608): got OEM_HOOK_STRINGS: 0x0x403d2e70 8
06-20 10:55:45.274 D/RIL     (  608): > 'AT+EINFO?'
06-20 10:55:45.274 D/RIL     (  608): > '+EINFO'
06-20 10:55:45.274 I/RIL     (  608): RIL_CMD2_PROXY_1 wakeup
06-20 10:55:45.274 D/AT      (  608): AT send on RIL_CMD_READER_1, tid:1084949272
06-20 10:55:45.274 I/RIL     (  608): RIL_CMD2_PROXY_1 sleep
06-20 10:55:45.274 D/AT      (  608): AT> AT+EINFO?
06-20 10:55:45.274 D/AT      (  608): AT+EINFO?
06-20 10:55:45.274 I/RIL     (  608): RIL_CMD_PROXY_1 wakeup
06-20 10:55:45.274 I/RIL     (  608): RIL_CMD_PROXY_1 sleep
06-20 10:55:45.274 I/RIL     (  608): RIL_CMD2_PROXY_2 wakeup
06-20 10:55:45.274 I/RIL     (  608): RIL_CMD2_PROXY_2 sleep
06-20 10:55:45.274 I/MUXD    (  331): [gsm0710muxd] 955:pseudo_device_read(): Enter
06-20 10:55:45.274 I/MUXD    (  331): [gsm0710muxd] 599:write_frame(): Sending frame to channel 3
06-20 10:55:45.274 I/MUXD    (  331): [gsm0710muxd] 677:write_frame(): Write a frame on channel 3 with length 10
06-20 10:55:45.276 I/RIL     (  608): RIL_CMD2_PROXY_4 wakeup
06-20 10:55:45.276 I/RIL     (  608): RIL_CMD2_PROXY_4 sleep
06-20 10:55:45.276 I/RIL     (  608): RIL_CMD2_PROXY_3 wakeup
06-20 10:55:45.276 I/RIL     (  608): RIL_CMD2_PROXY_3 sleep
06-20 10:55:45.276 I/RIL     (  608): RIL_CMD_PROXY_4 sleep
06-20 10:55:45.276 D/GSM     (  792): [GDCT][simId1]enableApnType SIM1 is not a test SIM
06-20 10:55:45.276 D/GSM     (  792): optr OP01
06-20 10:55:45.276 D/GSM     (  792): canHandleType(): entry in types=default, reqType=default
06-20 10:55:45.276 D/GSM     (  792): [GDCT][simId1]enableApnType: default mState(IDLE)
06-20 10:55:45.276 D/GSM     (  792): [GDCT][simId1]setEnabled(0, true) with old state = false and enabledCount = 0
06-20 10:55:45.276 D/GSM     (  792): [GDCT][simId1]enableApnType: new apn request for type default return APN_REQUEST_STARTED
06-20 10:55:45.277 D/PHONE   (  792): [GeminiDataConnAc-1]: rspConnect=1
06-20 10:55:45.280 I/MUXD    (  331): [gsm0710muxd] 1550:gsm0710_base_buffer_get_frame(): Get a complete frame. ch:3, ctrl:239, len:14
06-20 10:55:45.280 I/MUXD    (  331): [gsm0710muxd] 1550:gsm0710_base_buffer_get_frame(): Get a complete frame. ch:3, ctrl:239, len:6
06-20 10:55:45.280 D/AT      (  608): 
06-20 10:55:45.280 D/AT      (  608): +EINFO: 50
06-20 10:55:45.280 D/AT      (  608): 
06-20 10:55:45.280 D/AT      (  608): OK
06-20 10:55:45.280 D/AT      (  608): AT< +EINFO: 50
06-20 10:55:45.280 D/AT      (  608): RIL_CMD_READER_1:+EINFO: 50
06-20 10:55:45.280 D/AT      (  608): RIL_CMD_READER_1 Enter processLine
06-20 10:55:45.280 D/AT      (  608): AT< OK
06-20 10:55:45.280 D/AT      (  608): RIL_CMD_READER_1:OK
06-20 10:55:45.280 D/AT      (  608): RIL_CMD_READER_1 Enter processLine
06-20 10:55:45.280 D/AT      (  608): response received on RIL_CMD_READER_1, tid:1084949272
06-20 10:55:45.280 I/RIL     (  608): 1 of +EINFO received!
06-20 10:55:45.280 I/RILC    (  608): RIL SOCKET RESPONSE: OEM_HOOK_STRINGS length:44
06-20 10:55:45.280 I/RILC    (  608): 00 00 00 00 63 01 00 00 00 00 00 00 01 00 00 00
06-20 10:55:45.280 I/RILC    (  608): 0A 00 00 00 2B 00 45 00 49 00 4E 00 46 00 4F 00
06-20 10:55:45.280 I/RILC    (  608): 3A 00 20 00 35 00 30 00 00 00 00 00 32 00 66 00
06-20 10:55:45.280 I/RIL     (  608): RIL_CMD_PROXY_3 sleep
06-20 10:55:45.280 D/RILJ    (  792):  RIL(1) :[0355]< OEM_HOOK_STRINGS {+EINFO: 50}
06-20 10:55:45.281 D/PHONE   (  792): [SimInfoManager][getSlotById]- sim in slot:0
06-20 10:55:45.282 D/GSM     (  792): [GsmSST1] Default Data Setting value=0
06-20 10:55:45.283 D/RILJ    (  792):  RIL(2) :[0356]> OEM_HOOK_STRINGS
06-20 10:55:45.284 D/GSM     (  792): [GsmSST1] getEINFO for EMMRRS
06-20 10:55:45.284 I/RILC    (  608): RIL(2) SOCKET REQUEST: OEM_HOOK_STRINGS length:56
06-20 10:55:45.284 I/RILC    (  608): 3C 00 00 00 64 01 00 00 02 00 00 00 09 00 00 00
06-20 10:55:45.284 I/RILC    (  608): 41 00 54 00 2B 00 45 00 49 00 4E 00 46 00 4F 00
06-20 10:55:45.284 I/RILC    (  608): 3F 00 00 00 06 00 00 00 2B 00 45 00 49 00 4E 00
06-20 10:55:45.284 I/RILC    (  608): 46 00 4F 00 00 00 00 00 00 00 00 00 00 00 00 00
06-20 10:55:45.284 D/RILC    (  608): New command received from RIL(2)
06-20 10:55:45.284 D/RIL     (  608): OEM_HOOK_STRINGS dispatched to RIL_CMD2_PROXY_3
06-20 10:55:45.284 I/RIL     (  608): RIL_CMD2_PROXY_2 wakeup
06-20 10:55:45.284 I/RIL     (  608): RIL_CMD2_PROXY_2 sleep
06-20 10:55:45.284 I/RIL     (  608): RIL_ATCI2_PROXY wakeup
06-20 10:55:45.284 I/RIL     (  608): RIL_CMD2_PROXY_4 wakeup
06-20 10:55:45.284 I/RIL     (  608): RIL_ATCI2_PROXY sleep
06-20 10:55:45.284 I/RIL     (  608): RIL_URC2_PROXY wakeup
06-20 10:55:45.284 I/RIL     (  608): RIL_CMD2_PROXY_3 wakeup
06-20 10:55:45.285 I/RIL     (  608): RIL_URC2_PROXY sleep
06-20 10:55:45.285 D/RIL     (  608): OEM_HOOK_STRINGS execute on RIL_CMD2_PROXY_3 using channel 7
06-20 10:55:45.285 D/RIL     (  608): onRequest: OEM_HOOK_STRINGS, datalen = 8
06-20 10:55:45.285 I/RIL     (  608): RIL_CMD_PROXY_3 wakeup
06-20 10:55:45.285 D/RIL     (  608): radioState:3
06-20 10:55:45.285 I/RIL     (  608): RIL_CMD_PROXY_3 sleep
06-20 10:55:45.285 D/RIL     (  608): got OEM_HOOK_STRINGS: 0x0x409d2e70 8
06-20 10:55:45.285 D/RIL     (  608): > 'AT+EINFO?'
06-20 10:55:45.285 D/RIL     (  608): > '+EINFO'
06-20 10:55:45.285 D/AT      (  608): AT send on RIL_CMD2_READER_1, tid:1084949656
06-20 10:55:45.285 D/AT      (  608): AT> AT+EINFO?
06-20 10:55:45.285 D/AT      (  608): AT+EINFO?
06-20 10:55:45.285 I/RIL     (  608): RIL_ATCI_PROXY wakeup
06-20 10:55:45.285 I/RIL     (  608): RIL_ATCI_PROXY sleep
06-20 10:55:45.285 I/MUXD    (  331): [gsm0710muxd] 955:pseudo_device_read(): Enter
06-20 10:55:45.285 I/RIL     (  608): RIL_CMD_PROXY_2 wakeup
06-20 10:55:45.285 I/RIL     (  608): RIL_CMD_PROXY_2 sleep
06-20 10:55:45.285 I/RIL     (  608): RIL_CMD2_PROXY_4 sleep
06-20 10:55:45.285 I/MUXD    (  331): [gsm0710muxd] 599:write_frame(): Sending frame to channel 8
06-20 10:55:45.285 I/MUXD    (  331): [gsm0710muxd] 677:write_frame(): Write a frame on channel 8 with length 10
06-20 10:55:45.285 I/RIL     (  608): RIL_URC_PROXY wakeup
06-20 10:55:45.285 I/RIL     (  608): RIL_URC_PROXY sleep
06-20 10:55:45.286 I/RIL     (  608): RIL_CMD2_PROXY_1 wakeup
06-20 10:55:45.286 I/RIL     (  608): RIL_CMD2_PROXY_1 sleep
06-20 10:55:45.286 I/RIL     (  608): RIL_CMD_PROXY_1 wakeup
06-20 10:55:45.286 I/RIL     (  608): RIL_CMD_PROXY_1 sleep
06-20 10:55:45.286 I/RIL     (  608): RIL_CMD_PROXY_4 wakeup
06-20 10:55:45.286 I/RIL     (  608): RIL_CMD_PROXY_4 sleep
06-20 10:55:45.286 D/GSM     (  792): [GDCT][simId1]handleMessage msg={ what=270349 when=-8ms arg2=1 target=Handler (com.android.internal.telephony.gsm.GsmDataConnectionTracker) {418e9698} }
06-20 10:55:45.287 D/GSM     (  792): [GDCT][simId1]onEnableApn: apnContext={mApnType=default mState=IDLE mWaitingApns=null mWaitingApnsPermanentFailureCountDown=0 mApnSetting=null mDataConnectionAc=null mReason=dataAttached mRetryCount=0 mDataEnabled=true mDependencyMet=true} call applyNewState
06-20 10:55:45.287 D/GSM     (  792): [GDCT][simId1]applyNewState(default, true(true), true(true))
06-20 10:55:45.287 D/GSM     (  792): [ApnContext:default] set reason as dataEnabled,current state IDLE
06-20 10:55:45.287 D/GSM     (  792): [ApnContext:default] set enabled as true, current state is true
06-20 10:55:45.287 D/GSM     (  792): [ApnContext:default] set mDependencyMet as true current state is true
06-20 10:55:45.287 D/GSM     (  792): [GDCT][simId1]trySetupData for type:default due to dataEnabled
06-20 10:55:45.287 D/GSM     (  792): [GDCT][simId1]trySetupData with mIsPsRestricted=false
06-20 10:55:45.287 D/GSM     (  792): [GDCT][simId1]Default Data Setting value=0
06-20 10:55:45.287 D/GSM     (  792): [GDCT][simId1]gprsDefaultSIM:0
06-20 10:55:45.288 D/PHONE   (  792): [GeminiDataConnAc-1]: rspIsIdleDeacting=false
06-20 10:55:45.290 D/GSM     (  792): [GDCT][simId1]isEmergency: result=false
06-20 10:55:45.290 D/GSM     (  792): optr OP01
06-20 10:55:45.290 D/GSM     (  792): canHandleType(): entry in types=default, reqType=default
06-20 10:55:45.290 I/MUXD    (  331): [gsm0710muxd] 1550:gsm0710_base_buffer_get_frame(): Get a complete frame. ch:8, ctrl:239, len:14
06-20 10:55:45.290 I/MUXD    (  331): [gsm0710muxd] 1550:gsm0710_base_buffer_get_frame(): Get a complete frame. ch:8, ctrl:239, len:6
06-20 10:55:45.290 D/AT      (  608): 
06-20 10:55:45.290 D/AT      (  608): +EINFO: 50
06-20 10:55:45.290 D/AT      (  608): AT< +EINFO: 50
06-20 10:55:45.290 D/AT      (  608): RIL_CMD2_READER_1:+EINFO: 50
06-20 10:55:45.290 D/AT      (  608): RIL_CMD2_READER_1 Enter processLine
06-20 10:55:45.290 D/AT      (  608): 
06-20 10:55:45.290 D/AT      (  608): OK
06-20 10:55:45.290 D/AT      (  608): AT< OK
06-20 10:55:45.290 D/AT      (  608): RIL_CMD2_READER_1:OK
06-20 10:55:45.290 D/AT      (  608): RIL_CMD2_READER_1 Enter processLine
06-20 10:55:45.290 D/GSM     (  792): [GDCT][simId1]buildWaitingApns: Preferred APN:46000:46000:[ApnSettingV2] CMNET, 880, 46000, cmnet, , , , , , -1, default | supl | net, IP, IP, true, 0
06-20 10:55:45.290 D/AT      (  608): response received on RIL_CMD2_READER_1, tid:1084949656
06-20 10:55:45.290 I/RIL     (  608): 1 of +EINFO received!
06-20 10:55:45.290 I/RILC    (  608): RIL SOCKET RESPONSE: OEM_HOOK_STRINGS length:44
06-20 10:55:45.290 I/RILC    (  608): 00 00 00 00 64 01 00 00 00 00 00 00 01 00 00 00
06-20 10:55:45.290 I/RILC    (  608): 0A 00 00 00 2B 00 45 00 49 00 4E 00 46 00 4F 00
06-20 10:55:45.290 I/RILC    (  608): 3A 00 20 00 35 00 30 00 00 00 00 00 32 00 66 00
06-20 10:55:45.290 I/RIL     (  608): RIL_CMD2_PROXY_3 sleep
06-20 10:55:45.291 D/RILJ    (  792):  RIL(2) :[0356]< OEM_HOOK_STRINGS {+EINFO: 50}
06-20 10:55:45.291 D/GSM     (  792): [GDCT][simId1]buildWaitingApns: X added preferred apnList=[[ApnSettingV2] CMNET, 880, 46000, cmnet, , , , , , -1, default | supl | net, IP, IP, true, 0]
06-20 10:55:45.292 D/GSM     (  792): [GDCT][simId1]trySetupData: Create from mAllApns : [[ApnSettingV2] CMNET, 880, 46000, cmnet, , , , , , -1, default | supl | net, IP, IP, true, 0][[ApnSettingV2] CMWAP, 881, 46000, cmwap, 10.0.0.172, , , , 80, -1, default | supl | wap, IP, IP, true, 0][[ApnSettingV2] CMDM, 882, 46000, cmwap, 10.0.0.172, http://mmsc.monternet.com, 10.0.0.172, 80, 80, -1, cmdm, IP, IP, true, 0][[ApnSettingV2]  CMMAIL, 883, 46000, cmmail, , , , , , -1, cmmail, IP, IP, true, 0][[ApnSettingV2]  (China Mobile), 884, 46000, cmwap, 10.0.0.172, http://mmsc.monternet.com, 10.0.0.172, 80, 80, -1, mms, IP, IP, true, 0]
06-20 10:55:45.292 D/GSM     (  792): [GDCT][simId1]Setup watingApns : [[ApnSettingV2] CMNET, 880, 46000, cmnet, , , , , , -1, default | supl | net, IP, IP, true, 0]
06-20 10:55:45.293 D/GSM     (  792): [GDCT][simId1]setupData: apnContext={mApnType=default mState=IDLE mWaitingApns=[[ApnSettingV2] CMNET, 880, 46000, cmnet, , , , , , -1, default | supl | net, IP, IP, true, 0] mWaitingApnsPermanentFailureCountDown=1 mApnSetting=null mDataConnectionAc=null mReason=dataEnabled mRetryCount=0 mDataEnabled=true mDependencyMet=true}
06-20 10:55:45.293 D/GSM     (  792): [GDCT][simId1]checkForConnectionForApnContext: apnContext={mApnType=default mState=IDLE mWaitingApns=[[ApnSettingV2] CMNET, 880, 46000, cmnet, , , , , , -1, default | supl | net, IP, IP, true, 0] mWaitingApnsPermanentFailureCountDown=1 mApnSetting=null mDataConnectionAc=null mReason=dataEnabled mRetryCount=0 mDataEnabled=true mDependencyMet=true} NO conn
06-20 10:55:45.294 D/GSM     (  792): [GDCT][simId1]findReadyDataConnection: apn string <[ApnSettingV2] CMNET, 880, 46000, cmnet, , , , , , -1, default | supl | net, IP, IP, true, 0> dcacs.size=1
06-20 10:55:45.294 D/GSM     (  792): [GDCT][simId1]findReadyDataConnection: dc apn string <null>
06-20 10:55:45.294 D/GSM     (  792): [GDCT][simId1]setupData: No ready GsmDataConnection found!
06-20 10:55:45.295 D/GSM     (  792): [GDCT][simId1]dataConnectionNotInUse: check if dcac is inuse dc={GsmDC-1: State=DcInactiveState apnSetting=null apnList= [] RefCount=0 cid=-1 create=-1 lastFail=-1 lastFailCause=NONE}
06-20 10:55:45.295 D/GSM     (  792): [GDCT][simId1]dataConnectionNotInUse: not in use return true
06-20 10:55:45.296 D/GSM     (  792): [GDCT][simId1]findFreeDataConnection: found free GsmDataConnection= dcac=GsmDC-1 dc={GsmDC-1: State=DcInactiveState apnSetting=null apnList= [] RefCount=0 cid=-1 create=-1 lastFail=-1 lastFailCause=NONE}
06-20 10:55:45.296 D/GSM     (  792): [GDCT][simId1]setupData: init dc and apnContext refCount=0
06-20 10:55:45.296 D/GSM     (  792): optr OP01
06-20 10:55:45.296 D/GSM     (  792): canHandleType(): entry in types=default, reqType=default
06-20 10:55:45.296 D/GSM     (  792): [GDCT][simId1]configureRetry: forDefault=true retryCount=0 dc={GsmDC-1: State=DcInactiveState apnSetting=null apnList= [] RefCount=0 cid=-1 create=-1 lastFail=-1 lastFailCause=NONE}
06-20 10:55:45.297 D/GSM     (  792): [RM] configure: not empty
06-20 10:55:45.297 D/GSM     (  792): [RM] resetRetryCount: 0
06-20 10:55:45.297 D/GSM     (  792): [GsmDC-1] setRetryCount: 0
06-20 10:55:45.298 D/GSM     (  792): [RM] setRetryCount: 0
06-20 10:55:45.298 D/GSM     (  792): [ApnContext:default] setDataConnectionAc: old dcac=null new dcac=GsmDC-1
06-20 10:55:45.299 D/GSM     (  792): [ApnContext:default] setDataConnection: old dc=null new dc={GsmDC-1: State=DcInactiveState apnSetting=null apnList= [{mApnType=default mState=IDLE mWaitingApns=[[ApnSettingV2] CMNET, 880, 46000, cmnet, , , , , , -1, default | supl | net, IP, IP, true, 0] mWaitingApnsPermanentFailureCountDown=1 mApnSetting=null mDataConnectionAc=GsmDC-1 mReason=dataEnabled mRetryCount=0 mDataEnabled=true mDependencyMet=true}] RefCount=0 cid=-1 create=-1 lastFail=-1 lastFailCause=NONE} this={mApnType=default mState=IDLE mWaitingApns=[[ApnSettingV2] CMNET, 880, 46000, cmnet, , , , , , -1, default | supl | net, IP, IP, true, 0] mWaitingApnsPermanentFailureCountDown=1 mApnSetting=null mDataConnectionAc=GsmDC-1 mReason=dataEnabled mRetryCount=0 mDataEnabled=true mDependencyMet=true}
06-20 10:55:45.300 D/GSM     (  792): [ApnContext:default] setState: INITING, previous state:IDLE
06-20 10:55:45.301 D/GSM     (  792): [PhoneNotifier] doNotifyDataConnection apnType=default,networkType=2, state=CONNECTING
06-20 10:55:45.301 D/GSM     (  792): [GDCT][simId1]get active apn string for type:default
06-20 10:55:45.301 D/GSM     (  792): [GDCT][simId1]apnType = default
06-20 10:55:45.301 D/GSM     (  792): [GDCT][simId1]isDataPossible(default): possible=true isDataAllowed=true apnTypePossible=true apnContextisEnabled=true apnContextState()=INITING
06-20 10:55:45.301 D/PHONE   (  792): [GeminiDataSubUtil] [DataStateChanged]:state=CONNECTING,reason=dataEnabled,apnName=cmnet,apnType=default,from sim_id=0
06-20 10:55:45.301 D/GSM     (  792): [GDCT][simId1]apnType = default
06-20 10:55:45.302 D/GSM     (  792): [GDCT][simId1]isDataPossible(default): possible=true isDataAllowed=true apnTypePossible=true apnContextisEnabled=true apnContextState()=INITING
06-20 10:55:45.302 D/GSM     (  792): [GDCT][simId1]get active apn string for type:default
06-20 10:55:45.305 D/GSM     (  792): GSMPhone(1) :updateSimIndicateState simState is READY dataState is DISCONNECTED svState is SIM1 0 home  CMCC 46000  EDGE CSS not supported -1 -1 RoamInd=-1 DefRoamInd=-1 EmergOnly=false Regist state: 1
06-20 10:55:45.305 D/GSM     (  792): GSMPhone(1) :updateSimIndicateState new state is 5
06-20 10:55:45.305 D/GSM     (  792): [GDCT][simId1]setupData: initing!
06-20 10:55:45.305 D/GSM     (  792): [GsmDC-1] DcInactiveState msg.what=EVENT_CONNECT.RefCount = 0
06-20 10:55:45.306 D/GSM     (  792): [GDCT][simId1]notifyOffApnOfAvailability type:dm
06-20 10:55:45.306 D/GSM     (  792): [GsmDC-1] Connecting to carrier: 'CMNET' APN: 'cmnet' proxy: '' port: '
06-20 10:55:45.306 D/RILJ    (  792):  RIL(1) :[0357]> SETUP_DATA_CALL radioTech=1 profile=0 apn=cmnet user= password= authType=0 protocol=IP requestCid=1
06-20 10:55:45.306 D/GSM     (  792): [PhoneNotifier] doNotifyDataConnection apnType=dm,networkType=2, state=DISCONNECTED
06-20 10:55:45.306 D/GSM     (  792): [GDCT][simId1]get active apn string for type:dm
06-20 10:55:45.306 D/GSM     (  792): [GDCT][simId1]apnType = dm
06-20 10:55:45.307 D/GSM     (  792): [GDCT][simId1]isDataPossible(dm): possible=true isDataAllowed=true apnTypePossible=true apnContextisEnabled=false apnContextState()=IDLE
06-20 10:55:45.307 D/PHONE   (  792): [GeminiDataSubUtil] [DataStateChanged]:state=DISCONNECTED,reason=dataEnabled,apnName=null,apnType=dm,from sim_id=0
06-20 10:55:45.307 D/GSM     (  792): [GDCT][simId1]apnType = dm
06-20 10:55:45.307 D/GSM     (  792): [GDCT][simId1]isDataPossible(dm): possible=true isDataAllowed=true apnTypePossible=true apnContextisEnabled=false apnContextState()=IDLE
06-20 10:55:45.308 D/GSM     (  792): [GDCT][simId1]get active apn string for type:dm
06-20 10:55:45.308 I/RILC    (  608): RIL(1) SOCKET REQUEST: SETUP_DATA_CALL length:88
06-20 10:55:45.308 I/RILC    (  608): 1B 00 00 00 65 01 00 00 08 00 00 00 01 00 00 00
06-20 10:55:45.308 I/RILC    (  608): 31 00 00 00 01 00 00 00 30 00 00 00 05 00 00 00
06-20 10:55:45.308 I/RILC    (  608): 63 00 6D 00 6E 00 65 00 74 00 00 00 00 00 00 00
06-20 10:55:45.308 I/RILC    (  608): 00 00 00 00 00 00 00 00 00 00 00 00 01 00 00 00
06-20 10:55:45.308 I/RILC    (  608): 30 00 00 00 02 00 00 00 49 00 50 00 00 00 00 00
06-20 10:55:45.308 I/RILC    (  608): 01 00 00 00 31 00 00 00 01 00 00 00 31 00 00 00
06-20 10:55:45.308 D/RILC    (  608): New command received from RIL(1)
06-20 10:55:45.308 D/RIL     (  608): SETUP_DATA_CALL dispatched to RIL_CMD_PROXY_4
06-20 10:55:45.308 I/RIL     (  608): RIL_CMD_PROXY_2 wakeup
06-20 10:55:45.308 I/RIL     (  608): RIL_CMD_PROXY_2 sleep
06-20 10:55:45.308 I/RIL     (  608): RIL_ATCI_PROXY wakeup
06-20 10:55:45.308 I/RIL     (  608): RIL_CMD2_PROXY_4 wakeup
06-20 10:55:45.308 I/RIL     (  608): RIL_ATCI_PROXY sleep
06-20 10:55:45.308 I/RIL     (  608): RIL_URC_PROXY wakeup
06-20 10:55:45.308 I/RIL     (  608): RIL_URC_PROXY sleep
06-20 10:55:45.308 I/RIL     (  608): RIL_CMD2_PROXY_3 wakeup
06-20 10:55:45.308 I/RIL     (  608): RIL_CMD2_PROXY_3 sleep
06-20 10:55:45.308 I/RIL     (  608): RIL_CMD_PROXY_1 wakeup
06-20 10:55:45.308 I/RIL     (  608): RIL_CMD_PROXY_1 sleep
06-20 10:55:45.308 I/RIL     (  608): RIL_CMD2_PROXY_1 wakeup
06-20 10:55:45.308 I/RIL     (  608): RIL_CMD2_PROXY_1 sleep
06-20 10:55:45.308 I/RIL     (  608): RIL_CMD_PROXY_4 wakeup
06-20 10:55:45.308 D/RIL     (  608): SETUP_DATA_CALL execute on RIL_CMD_PROXY_4 using channel 4
06-20 10:55:45.308 D/RIL     (  608): onRequest: SETUP_DATA_CALL, datalen = 32
06-20 10:55:45.308 D/RIL     (  608): radioState:4
06-20 10:55:45.308 D/RIL     (  608): requestSetupData() with datalen=32,parm_num=8
06-20 10:55:45.308 D/RIL     (  608): requestSetupData(): authType is 0
06-20 10:55:45.308 D/RIL     (  608): requestSetupData(): protocol is IP
06-20 10:55:45.308 D/RIL     (  608): requestSetupData() with request_cid=1
06-20 10:55:45.308 D/RIL     (  608): requesting data connection to APN 'cmnet' with username='', passwd='', authType='0', profile='0'
06-20 10:55:45.308 D/RIL     (  608): requestSetupDataCall(): request_authType is 0 
06-20 10:55:45.308 D/RIL     (  608): The protocol type is 0
06-20 10:55:45.308 D/RIL     (  608): cid_status: -1 -1 -1 -1 -1 -1
06-20 10:55:45.308 D/RIL     (  608): The available CID is 0
06-20 10:55:45.308 D/RIL     (  608): Handle IPv6 and IPv4V6 in V6 handler function
06-20 10:55:45.308 D/RIL     (  608): The protocol is IP
06-20 10:55:45.308 D/AT      (  608): AT send on RIL_CMD_READER_4, tid:1084949464
06-20 10:55:45.308 D/AT      (  608): AT> AT+CGDCONT=1,"IP","cmnet",,0,0
06-20 10:55:45.308 D/AT      (  608): AT+CGDCONT=1,"IP","cmnet",,0,0
06-20 10:55:45.308 I/RIL     (  608): RIL_CMD2_PROXY_2 wakeup
06-20 10:55:45.308 I/RIL     (  608): RIL_CMD2_PROXY_2 sleep
06-20 10:55:45.309 I/MUXD    (  331): [gsm0710muxd] 955:pseudo_device_read(): Enter
06-20 10:55:45.309 I/RIL     (  608): RIL_CMD2_PROXY_4 sleep
06-20 10:55:45.309 I/MUXD    (  331): [gsm0710muxd] 599:write_frame(): Sending frame to channel 1
06-20 10:55:45.309 I/MUXD    (  331): [gsm0710muxd] 677:write_frame(): Write a frame on channel 1 with length 31
06-20 10:55:45.310 I/RIL     (  608): RIL_ATCI2_PROXY wakeup
06-20 10:55:45.310 I/RIL     (  608): RIL_ATCI2_PROXY sleep
06-20 10:55:45.310 I/RIL     (  608): RIL_URC2_PROXY wakeup
06-20 10:55:45.310 I/RIL     (  608): RIL_URC2_PROXY sleep
06-20 10:55:45.310 I/RIL     (  608): RIL_CMD_PROXY_3 wakeup
06-20 10:55:45.310 I/RIL     (  608): RIL_CMD_PROXY_3 sleep
06-20 10:55:45.311 D/GSM     (  792): GSMPhone(1) :updateSimIndicateState simState is READY dataState is DISCONNECTED svState is SIM1 0 home  CMCC 46000  EDGE CSS not supported -1 -1 RoamInd=-1 DefRoamInd=-1 EmergOnly=false Regist state: 1
06-20 10:55:45.311 D/GSM     (  792): GSMPhone(1) :updateSimIndicateState new state is 5
06-20 10:55:45.312 D/GSM     (  792): [GDCT][simId1]notifyOffApnOfAvailability type:wap
06-20 10:55:45.312 D/GSM     (  792): [PhoneNotifier] doNotifyDataConnection apnType=wap,networkType=2, state=DISCONNECTED
06-20 10:55:45.312 D/GSM     (  792): [GDCT][simId1]get active apn string for type:wap
06-20 10:55:45.312 D/GSM     (  792): [GDCT][simId1]apnType = wap
06-20 10:55:45.312 D/GSM     (  792): [GDCT][simId1]isDataPossible(wap): possible=true isDataAllowed=true apnTypePossible=true apnContextisEnabled=false apnContextState()=IDLE
06-20 10:55:45.312 D/PHONE   (  792): [GeminiDataSubUtil] [DataStateChanged]:state=DISCONNECTED,reason=dataEnabled,apnName=null,apnType=wap,from sim_id=0
06-20 10:55:45.313 D/GSM     (  792): [GDCT][simId1]apnType = wap
06-20 10:55:45.313 D/GSM     (  792): [GDCT][simId1]isDataPossible(wap): possible=true isDataAllowed=true apnTypePossible=true apnContextisEnabled=false apnContextState()=IDLE
06-20 10:55:45.313 D/GSM     (  792): [GDCT][simId1]get active apn string for type:wap
06-20 10:55:45.320 D/GSM     (  792): GSMPhone(1) :updateSimIndicateState simState is READY dataState is DISCONNECTED svState is SIM1 0 home  CMCC 46000  EDGE CSS not supported -1 -1 RoamInd=-1 DefRoamInd=-1 EmergOnly=false Regist state: 1
06-20 10:55:45.320 D/GSM     (  792): GSMPhone(1) :updateSimIndicateState new state is 5
06-20 10:55:45.320 D/GSM     (  792): [GDCT][simId1]notifyOffApnOfAvailability type:cmmail
06-20 10:55:45.320 D/GSM     (  792): [PhoneNotifier] doNotifyDataConnection apnType=cmmail,networkType=2, state=DISCONNECTED
06-20 10:55:45.321 D/GSM     (  792): [GDCT][simId1]get active apn string for type:cmmail
06-20 10:55:45.321 D/GSM     (  792): [GDCT][simId1]apnType = cmmail
06-20 10:55:45.321 D/GSM     (  792): [GDCT][simId1]isDataPossible(cmmail): possible=true isDataAllowed=true apnTypePossible=true apnContextisEnabled=false apnContextState()=IDLE
06-20 10:55:45.321 D/PHONE   (  792): [GeminiDataSubUtil] [DataStateChanged]:state=DISCONNECTED,reason=dataEnabled,apnName=null,apnType=cmmail,from sim_id=0
06-20 10:55:45.321 D/GSM     (  792): [GDCT][simId1]apnType = cmmail
06-20 10:55:45.322 D/GSM     (  792): [GDCT][simId1]isDataPossible(cmmail): possible=true isDataAllowed=true apnTypePossible=true apnContextisEnabled=false apnContextState()=IDLE
06-20 10:55:45.322 D/GSM     (  792): [GDCT][simId1]get active apn string for type:cmmail
06-20 10:55:45.326 D/GSM     (  792): GSMPhone(1) :updateSimIndicateState simState is READY dataState is DISCONNECTED svState is SIM1 0 home  CMCC 46000  EDGE CSS not supported -1 -1 RoamInd=-1 DefRoamInd=-1 EmergOnly=false Regist state: 1
06-20 10:55:45.326 D/GSM     (  792): GSMPhone(1) :updateSimIndicateState new state is 5
06-20 10:55:45.326 D/GSM     (  792): [GDCT][simId1]notifyOffApnOfAvailability type:fota
06-20 10:55:45.327 D/GSM     (  792): [PhoneNotifier] doNotifyDataConnection apnType=fota,networkType=2, state=DISCONNECTED
06-20 10:55:45.327 D/GSM     (  792): [GDCT][simId1]get active apn string for type:fota
06-20 10:55:45.327 D/GSM     (  792): [GDCT][simId1]apnType = fota
06-20 10:55:45.327 D/GSM     (  792): [GDCT][simId1]isDataPossible(fota): possible=true isDataAllowed=true apnTypePossible=true apnContextisEnabled=false apnContextState()=IDLE
06-20 10:55:45.327 D/PHONE   (  792): [GeminiDataSubUtil] [DataStateChanged]:state=DISCONNECTED,reason=dataEnabled,apnName=null,apnType=fota,from sim_id=0
06-20 10:55:45.327 D/GSM     (  792): [GDCT][simId1]apnType = fota
06-20 10:55:45.328 D/GSM     (  792): [GDCT][simId1]isDataPossible(fota): possible=true isDataAllowed=true apnTypePossible=true apnContextisEnabled=false apnContextState()=IDLE
06-20 10:55:45.328 D/GSM     (  792): [GDCT][simId1]get active apn string for type:fota
06-20 10:55:45.330 D/GSM     (  792): GSMPhone(1) :updateSimIndicateState simState is READY dataState is DISCONNECTED svState is SIM1 0 home  CMCC 46000  EDGE CSS not supported -1 -1 RoamInd=-1 DefRoamInd=-1 EmergOnly=false Regist state: 1
06-20 10:55:45.331 D/GSM     (  792): GSMPhone(1) :updateSimIndicateState new state is 5
06-20 10:55:45.331 D/GSM     (  792): [GDCT][simId1]notifyOffApnOfAvailability type:dun
06-20 10:55:45.331 D/GSM     (  792): [PhoneNotifier] doNotifyDataConnection apnType=dun,networkType=2, state=DISCONNECTED
06-20 10:55:45.331 D/GSM     (  792): [GDCT][simId1]get active apn string for type:dun
06-20 10:55:45.331 D/GSM     (  792): [GDCT][simId1]apnType = dun
06-20 10:55:45.331 D/GSM     (  792): [GDCT][simId1]isDataPossible(dun): possible=true isDataAllowed=true apnTypePossible=true apnContextisEnabled=false apnContextState()=IDLE
06-20 10:55:45.331 D/PHONE   (  792): [GeminiDataSubUtil] [DataStateChanged]:state=DISCONNECTED,reason=dataEnabled,apnName=null,apnType=dun,from sim_id=0
06-20 10:55:45.331 D/GSM     (  792): [GDCT][simId1]apnType = dun
06-20 10:55:45.332 D/GSM     (  792): [GDCT][simId1]isDataPossible(dun): possible=true isDataAllowed=true apnTypePossible=true apnContextisEnabled=false apnContextState()=IDLE
06-20 10:55:45.332 D/GSM     (  792): [GDCT][simId1]get active apn string for type:dun
06-20 10:55:45.334 D/GSM     (  792): GSMPhone(1) :updateSimIndicateState simState is READY dataState is DISCONNECTED svState is SIM1 0 home  CMCC 46000  EDGE CSS not supported -1 -1 RoamInd=-1 DefRoamInd=-1 EmergOnly=false Regist state: 1
06-20 10:55:45.334 D/GSM     (  792): GSMPhone(1) :updateSimIndicateState new state is 5
06-20 10:55:45.334 D/GSM     (  792): [GDCT][simId1]notifyOffApnOfAvailability type:supl
06-20 10:55:45.335 D/GSM     (  792): [PhoneNotifier] doNotifyDataConnection apnType=supl,networkType=2, state=DISCONNECTED
06-20 10:55:45.335 D/GSM     (  792): [GDCT][simId1]get active apn string for type:supl
06-20 10:55:45.335 D/GSM     (  792): [GDCT][simId1]apnType = supl
06-20 10:55:45.335 D/GSM     (  792): [GDCT][simId1]isDataPossible(supl): possible=true isDataAllowed=true apnTypePossible=true apnContextisEnabled=false apnContextState()=IDLE
06-20 10:55:45.335 D/PHONE   (  792): [GeminiDataSubUtil] [DataStateChanged]:state=DISCONNECTED,reason=dataEnabled,apnName=null,apnType=supl,from sim_id=0
06-20 10:55:45.335 D/GSM     (  792): [GDCT][simId1]apnType = supl
06-20 10:55:45.335 D/GSM     (  792): [GDCT][simId1]isDataPossible(supl): possible=true isDataAllowed=true apnTypePossible=true apnContextisEnabled=false apnContextState()=IDLE
06-20 10:55:45.335 D/GSM     (  792): [GDCT][simId1]get active apn string for type:supl
06-20 10:55:45.336 I/MUXD    (  331): [gsm0710muxd] 1550:gsm0710_base_buffer_get_frame(): Get a complete frame. ch:1, ctrl:239, len:6
06-20 10:55:45.336 D/AT      (  608): 
06-20 10:55:45.336 D/AT      (  608): OK
06-20 10:55:45.336 D/AT      (  608): AT< OK
06-20 10:55:45.336 D/AT      (  608): RIL_CMD_READER_4:OK
06-20 10:55:45.336 D/AT      (  608): RIL_CMD_READER_4 Enter processLine
06-20 10:55:45.336 D/AT      (  608): response received on RIL_CMD_READER_4, tid:1084949464
06-20 10:55:45.336 D/AT      (  608): AT send on RIL_CMD_READER_4, tid:1084949464
06-20 10:55:45.336 D/AT      (  608): AT> AT+CGEREP=1,0
06-20 10:55:45.336 D/AT      (  608): AT+CGEREP=1,0
06-20 10:55:45.336 I/MUXD    (  331): [gsm0710muxd] 955:pseudo_device_read(): Enter
06-20 10:55:45.336 I/MUXD    (  331): [gsm0710muxd] 599:write_frame(): Sending frame to channel 1
06-20 10:55:45.336 I/MUXD    (  331): [gsm0710muxd] 677:write_frame(): Write a frame on channel 1 with length 14
06-20 10:55:45.339 D/GSM     (  792): GSMPhone(1) :updateSimIndicateState simState is READY dataState is DISCONNECTED svState is SIM1 0 home  CMCC 46000  EDGE CSS not supported -1 -1 RoamInd=-1 DefRoamInd=-1 EmergOnly=false Regist state: 1
06-20 10:55:45.339 D/GSM     (  792): GSMPhone(1) :updateSimIndicateState new state is 5
06-20 10:55:45.339 D/GSM     (  792): [GDCT][simId1]notifyOffApnOfAvailability type:hipri
06-20 10:55:45.340 D/GSM     (  792): [PhoneNotifier] doNotifyDataConnection apnType=hipri,networkType=2, state=DISCONNECTED
06-20 10:55:45.340 D/GSM     (  792): [GDCT][simId1]get active apn string for type:hipri
06-20 10:55:45.340 D/GSM     (  792): [GDCT][simId1]apnType = hipri
06-20 10:55:45.340 D/GSM     (  792): [GDCT][simId1]isDataPossible(hipri): possible=true isDataAllowed=true apnTypePossible=true apnContextisEnabled=false apnContextState()=IDLE
06-20 10:55:45.340 D/PHONE   (  792): [GeminiDataSubUtil] [DataStateChanged]:state=DISCONNECTED,reason=dataEnabled,apnName=null,apnType=hipri,from sim_id=0
06-20 10:55:45.340 D/GSM     (  792): [GDCT][simId1]apnType = hipri
06-20 10:55:45.340 D/GSM     (  792): [GDCT][simId1]isDataPossible(hipri): possible=true isDataAllowed=true apnTypePossible=true apnContextisEnabled=false apnContextState()=IDLE
06-20 10:55:45.340 D/GSM     (  792): [GDCT][simId1]get active apn string for type:hipri
06-20 10:55:45.341 I/MUXD    (  331): [gsm0710muxd] 1550:gsm0710_base_buffer_get_frame(): Get a complete frame. ch:1, ctrl:239, len:6
06-20 10:55:45.341 D/AT      (  608): 
06-20 10:55:45.341 D/AT      (  608): OK
06-20 10:55:45.341 D/AT      (  608): AT< OK
06-20 10:55:45.341 D/AT      (  608): RIL_CMD_READER_4:OK
06-20 10:55:45.341 D/AT      (  608): RIL_CMD_READER_4 Enter processLine
06-20 10:55:45.341 D/AT      (  608): response received on RIL_CMD_READER_4, tid:1084949464
06-20 10:55:45.342 D/AT      (  608): AT send on RIL_CMD_READER_4, tid:1084949464
06-20 10:55:45.342 D/AT      (  608): AT> AT+CGPRCO=1,"","","","",2,1
06-20 10:55:45.342 D/AT      (  608): AT+CGPRCO=1,"","","","",2,1
06-20 10:55:45.342 I/MUXD    (  331): [gsm0710muxd] 955:pseudo_device_read(): Enter
06-20 10:55:45.342 I/MUXD    (  331): [gsm0710muxd] 599:write_frame(): Sending frame to channel 1
06-20 10:55:45.342 I/MUXD    (  331): [gsm0710muxd] 677:write_frame(): Write a frame on channel 1 with length 28
06-20 10:55:45.344 D/GSM     (  792): GSMPhone(1) :updateSimIndicateState simState is READY dataState is DISCONNECTED svState is SIM1 0 home  CMCC 46000  EDGE CSS not supported -1 -1 RoamInd=-1 DefRoamInd=-1 EmergOnly=false Regist state: 1
06-20 10:55:45.344 D/GSM     (  792): GSMPhone(1) :updateSimIndicateState new state is 5
06-20 10:55:45.344 D/GSM     (  792): [GDCT][simId1]notifyOffApnOfAvailability type:ims
06-20 10:55:45.344 D/GSM     (  792): [PhoneNotifier] doNotifyDataConnection apnType=ims,networkType=2, state=DISCONNECTED
06-20 10:55:45.344 D/GSM     (  792): [GDCT][simId1]get active apn string for type:ims
06-20 10:55:45.344 D/GSM     (  792): [GDCT][simId1]apnType = ims
06-20 10:55:45.344 D/GSM     (  792): [GDCT][simId1]isDataPossible(ims): possible=true isDataAllowed=true apnTypePossible=true apnContextisEnabled=false apnContextState()=IDLE
06-20 10:55:45.344 D/PHONE   (  792): [GeminiDataSubUtil] [DataStateChanged]:state=DISCONNECTED,reason=dataEnabled,apnName=null,apnType=ims,from sim_id=0
06-20 10:55:45.344 D/GSM     (  792): [GDCT][simId1]apnType = ims
06-20 10:55:45.345 D/GSM     (  792): [GDCT][simId1]isDataPossible(ims): possible=true isDataAllowed=true apnTypePossible=true apnContextisEnabled=false apnContextState()=IDLE
06-20 10:55:45.345 D/GSM     (  792): [GDCT][simId1]get active apn string for type:ims
06-20 10:55:45.347 I/MUXD    (  331): [gsm0710muxd] 1550:gsm0710_base_buffer_get_frame(): Get a complete frame. ch:1, ctrl:239, len:6
06-20 10:55:45.347 D/AT      (  608): 
06-20 10:55:45.347 D/AT      (  608): OK
06-20 10:55:45.347 D/AT      (  608): AT< OK
06-20 10:55:45.347 D/AT      (  608): RIL_CMD_READER_4:OK
06-20 10:55:45.347 D/AT      (  608): RIL_CMD_READER_4 Enter processLine
06-20 10:55:45.347 D/AT      (  608): response received on RIL_CMD_READER_4, tid:1084949464
06-20 10:55:45.347 D/AT      (  608): AT send on RIL_CMD_READER_4, tid:1084949464
06-20 10:55:45.347 D/AT      (  608): AT> AT+EGTYPE=3
06-20 10:55:45.347 D/AT      (  608): AT+EGTYPE=3
06-20 10:55:45.348 I/MUXD    (  331): [gsm0710muxd] 955:pseudo_device_read(): Enter
06-20 10:55:45.348 I/MUXD    (  331): [gsm0710muxd] 599:write_frame(): Sending frame to channel 1
06-20 10:55:45.348 I/MUXD    (  331): [gsm0710muxd] 677:write_frame(): Write a frame on channel 1 with length 12
06-20 10:55:45.348 D/GSM     (  792): GSMPhone(1) :updateSimIndicateState simState is READY dataState is DISCONNECTED svState is SIM1 0 home  CMCC 46000  EDGE CSS not supported -1 -1 RoamInd=-1 DefRoamInd=-1 EmergOnly=false Regist state: 1
06-20 10:55:45.349 D/GSM     (  792): GSMPhone(1) :updateSimIndicateState new state is 5
06-20 10:55:45.349 D/GSM     (  792): [GDCT][simId1]notifyOffApnsOfAvailability skipped apn due to isReady==false: {mApnType=default mState=INITING mWaitingApns=[[ApnSettingV2] CMNET, 880, 46000, cmnet, , , , , , -1, default | supl | net, IP, IP, true, 0] mWaitingApnsPermanentFailureCountDown=1 mApnSetting=[ApnSettingV2] CMNET, 880, 46000, cmnet, , , , , , -1, default | supl | net, IP, IP, true, 0 mDataConnectionAc=GsmDC-1 mReason=dataEnabled mRetryCount=0 mDataEnabled=true mDependencyMet=true}
06-20 10:55:45.349 D/GSM     (  792): [GDCT][simId1]notifyOffApnOfAvailability type:mms
06-20 10:55:45.349 D/GSM     (  792): [PhoneNotifier] doNotifyDataConnection apnType=mms,networkType=2, state=DISCONNECTED
06-20 10:55:45.350 D/GSM     (  792): [GDCT][simId1]get active apn string for type:mms
06-20 10:55:45.350 D/GSM     (  792): [GDCT][simId1]apnType = mms
06-20 10:55:45.350 D/GSM     (  792): [GDCT][simId1]isDataPossible(mms): possible=true isDataAllowed=true apnTypePossible=true apnContextisEnabled=false apnContextState()=IDLE
06-20 10:55:45.350 D/PHONE   (  792): [GeminiDataSubUtil] [DataStateChanged]:state=DISCONNECTED,reason=dataEnabled,apnName=null,apnType=mms,from sim_id=0
06-20 10:55:45.350 D/GSM     (  792): [GDCT][simId1]apnType = mms
06-20 10:55:45.350 D/GSM     (  792): [GDCT][simId1]isDataPossible(mms): possible=true isDataAllowed=true apnTypePossible=true apnContextisEnabled=false apnContextState()=IDLE
06-20 10:55:45.350 D/GSM     (  792): [GDCT][simId1]get active apn string for type:mms
06-20 10:55:45.353 I/MUXD    (  331): [gsm0710muxd] 1550:gsm0710_base_buffer_get_frame(): Get a complete frame. ch:1, ctrl:239, len:6
06-20 10:55:45.353 D/AT      (  608): 
06-20 10:55:45.353 D/AT      (  608): OK
06-20 10:55:45.353 D/AT      (  608): AT< OK
06-20 10:55:45.353 D/AT      (  608): RIL_CMD_READER_4:OK
06-20 10:55:45.353 D/AT      (  608): RIL_CMD_READER_4 Enter processLine
06-20 10:55:45.353 D/AT      (  608): response received on RIL_CMD_READER_4, tid:1084949464
06-20 10:55:45.353 D/AT      (  608): AT send on RIL_CMD_READER_4, tid:1084949464
06-20 10:55:45.353 D/AT      (  608): AT> AT+EGTYPE=1
06-20 10:55:45.353 D/AT      (  608): AT+EGTYPE=1
06-20 10:55:45.353 I/MUXD    (  331): [gsm0710muxd] 955:pseudo_device_read(): Enter
06-20 10:55:45.353 I/MUXD    (  331): [gsm0710muxd] 599:write_frame(): Sending frame to channel 1
06-20 10:55:45.353 I/MUXD    (  331): [gsm0710muxd] 677:write_frame(): Write a frame on channel 1 with length 12
06-20 10:55:45.355 D/GSM     (  792): GSMPhone(1) :updateSimIndicateState simState is READY dataState is DISCONNECTED svState is SIM1 0 home  CMCC 46000  EDGE CSS not supported -1 -1 RoamInd=-1 DefRoamInd=-1 EmergOnly=false Regist state: 1
06-20 10:55:45.355 D/GSM     (  792): GSMPhone(1) :updateSimIndicateState new state is 5
06-20 10:55:45.355 D/GSM     (  792): [GDCT][simId1]notifyOffApnOfAvailability type:net
06-20 10:55:45.355 D/GSM     (  792): [PhoneNotifier] doNotifyDataConnection apnType=net,networkType=2, state=DISCONNECTED
06-20 10:55:45.355 D/GSM     (  792): [GDCT][simId1]get active apn string for type:net
06-20 10:55:45.355 D/GSM     (  792): [GDCT][simId1]apnType = net
06-20 10:55:45.356 D/GSM     (  792): [GDCT][simId1]isDataPossible(net): possible=true isDataAllowed=true apnTypePossible=true apnContextisEnabled=false apnContextState()=IDLE
06-20 10:55:45.356 D/PHONE   (  792): [GeminiDataSubUtil] [DataStateChanged]:state=DISCONNECTED,reason=dataEnabled,apnName=null,apnType=net,from sim_id=0
06-20 10:55:45.356 D/GSM     (  792): [GDCT][simId1]apnType = net
06-20 10:55:45.356 D/GSM     (  792): [GDCT][simId1]isDataPossible(net): possible=true isDataAllowed=true apnTypePossible=true apnContextisEnabled=false apnContextState()=IDLE
06-20 10:55:45.356 D/GSM     (  792): [GDCT][simId1]get active apn string for type:net
06-20 10:55:45.359 I/MUXD    (  331): [gsm0710muxd] 1550:gsm0710_base_buffer_get_frame(): Get a complete frame. ch:1, ctrl:239, len:6
06-20 10:55:45.359 D/AT      (  608): 
06-20 10:55:45.359 D/AT      (  608): OK
06-20 10:55:45.359 D/AT      (  608): AT< OK
06-20 10:55:45.359 D/AT      (  608): RIL_CMD_READER_4:OK
06-20 10:55:45.359 D/AT      (  608): RIL_CMD_READER_4 Enter processLine
06-20 10:55:45.359 D/AT      (  608): response received on RIL_CMD_READER_4, tid:1084949464
06-20 10:55:45.359 D/AT      (  608): AT send on RIL_CMD_READER_4, tid:1084949464
06-20 10:55:45.359 D/AT      (  608): AT> AT+CGACT=1,1
06-20 10:55:45.359 D/AT      (  608): AT+CGACT=1,1
06-20 10:55:45.359 I/MUXD    (  331): [gsm0710muxd] 955:pseudo_device_read(): Enter
06-20 10:55:45.359 I/MUXD    (  331): [gsm0710muxd] 599:write_frame(): Sending frame to channel 1
06-20 10:55:45.359 I/MUXD    (  331): [gsm0710muxd] 677:write_frame(): Write a frame on channel 1 with length 13
06-20 10:55:45.359 D/GSM     (  792): GSMPhone(1) :updateSimIndicateState simState is READY dataState is DISCONNECTED svState is SIM1 0 home  CMCC 46000  EDGE CSS not supported -1 -1 RoamInd=-1 DefRoamInd=-1 EmergOnly=false Regist state: 1
06-20 10:55:45.359 D/GSM     (  792): GSMPhone(1) :updateSimIndicateState new state is 5
06-20 10:55:45.359 D/GSM     (  792): [GDCT][simId1]notifyOffApnOfAvailability type:rcse
06-20 10:55:45.359 D/GSM     (  792): [PhoneNotifier] doNotifyDataConnection apnType=rcse,networkType=2, state=DISCONNECTED
06-20 10:55:45.359 D/GSM     (  792): [GDCT][simId1]get active apn string for type:rcse
06-20 10:55:45.360 D/GSM     (  792): [GDCT][simId1]apnType = rcse
06-20 10:55:45.360 D/GSM     (  792): [GDCT][simId1]isDataPossible(rcse): possible=true isDataAllowed=true apnTypePossible=true apnContextisEnabled=false apnContextState()=IDLE
06-20 10:55:45.360 D/PHONE   (  792): [GeminiDataSubUtil] [DataStateChanged]:state=DISCONNECTED,reason=dataEnabled,apnName=null,apnType=rcse,from sim_id=0
06-20 10:55:45.360 D/GSM     (  792): [GDCT][simId1]apnType = rcse
06-20 10:55:45.360 D/GSM     (  792): [GDCT][simId1]isDataPossible(rcse): possible=true isDataAllowed=true apnTypePossible=true apnContextisEnabled=false apnContextState()=IDLE
06-20 10:55:45.360 D/GSM     (  792): [GDCT][simId1]get active apn string for type:rcse
06-20 10:55:45.363 D/GSM     (  792): GSMPhone(1) :updateSimIndicateState simState is READY dataState is DISCONNECTED svState is SIM1 0 home  CMCC 46000  EDGE CSS not supported -1 -1 RoamInd=-1 DefRoamInd=-1 EmergOnly=false Regist state: 1
06-20 10:55:45.363 D/GSM     (  792): GSMPhone(1) :updateSimIndicateState new state is 5
06-20 10:55:45.363 D/GSM     (  792): [GDCT][simId1]notifyOffApnOfAvailability type:cbs
06-20 10:55:45.364 D/GSM     (  792): [PhoneNotifier] doNotifyDataConnection apnType=cbs,networkType=2, state=DISCONNECTED
06-20 10:55:45.364 D/GSM     (  792): [GDCT][simId1]get active apn string for type:cbs
06-20 10:55:45.364 D/GSM     (  792): [GDCT][simId1]apnType = cbs
06-20 10:55:45.364 D/GSM     (  792): [GDCT][simId1]isDataPossible(cbs): possible=true isDataAllowed=true apnTypePossible=true apnContextisEnabled=false apnContextState()=IDLE
06-20 10:55:45.364 D/PHONE   (  792): [GeminiDataSubUtil] [DataStateChanged]:state=DISCONNECTED,reason=dataEnabled,apnName=null,apnType=cbs,from sim_id=0
06-20 10:55:45.364 D/GSM     (  792): [GDCT][simId1]apnType = cbs
06-20 10:55:45.364 D/GSM     (  792): [GDCT][simId1]isDataPossible(cbs): possible=true isDataAllowed=true apnTypePossible=true apnContextisEnabled=false apnContextState()=IDLE
06-20 10:55:45.365 D/GSM     (  792): [GDCT][simId1]get active apn string for type:cbs
06-20 10:55:45.371 D/GSM     (  792): GSMPhone(1) :updateSimIndicateState simState is READY dataState is DISCONNECTED svState is SIM1 0 home  CMCC 46000  EDGE CSS not supported -1 -1 RoamInd=-1 DefRoamInd=-1 EmergOnly=false Regist state: 1
06-20 10:55:45.371 D/GSM     (  792): GSMPhone(1) :updateSimIndicateState new state is 5
06-20 10:55:45.371 D/GSM     (  792): [GsmSST0] EVENT_ENABLE_EMMRRS_STATUS start
06-20 10:55:45.371 D/GSM     (  792): [GsmSST0] EVENT_ENABLE_EMMRRS_STATUS, data[0] is : +EINFO: 50
06-20 10:55:45.371 D/GSM     (  792): [GsmSST0] EVENT_ENABLE_EMMRRS_STATUS, einfo value is : 50
06-20 10:55:45.371 D/GSM     (  792): [GsmSST0] EVENT_ENABLE_EMMRRS_STATUS, einfo value change is : 178
06-20 10:55:45.371 D/RILJ    (  792):  RIL(1) :[0358]> OEM_HOOK_STRINGS
06-20 10:55:45.373 D/GSM     (  792): [GsmSST0] setEINFO for EMMRRS, ATCmd[0]=AT+EINFO=178
06-20 10:55:45.373 D/GSM     (  792): [GsmSST0] EVENT_ENABLE_EMMRRS_STATUS end
06-20 10:55:45.373 D/GSM     (  792): [GsmSST1] EVENT_DISABLE_EMMRRS_STATUS start
06-20 10:55:45.373 D/GSM     (  792): [GsmSST1] EVENT_DISABLE_EMMRRS_STATUS, data[0] is : +EINFO: 50
06-20 10:55:45.374 D/GSM     (  792): [GsmSST1] EVENT_DISABLE_EMMRRS_STATUS, einfo value is : 50
06-20 10:55:45.374 D/GSM     (  792): [GsmSST1] EVENT_DISABLE_EMMRRS_STATUS, einfo value change is : 50
06-20 10:55:45.374 D/GSM     (  792): [GsmSST1] EVENT_DISABLE_EMMRRS_STATUS end
06-20 10:55:45.374 I/RILC    (  608): RIL(1) SOCKET REQUEST: OEM_HOOK_STRINGS length:64
06-20 10:55:45.374 I/RILC    (  608): 3C 00 00 00 66 01 00 00 02 00 00 00 0C 00 00 00
06-20 10:55:45.374 I/RILC    (  608): 41 00 54 00 2B 00 45 00 49 00 4E 00 46 00 4F 00
06-20 10:55:45.374 I/RILC    (  608): 3D 00 31 00 37 00 38 00 00 00 00 00 06 00 00 00
06-20 10:55:45.374 I/RILC    (  608): 2B 00 45 00 49 00 4E 00 46 00 4F 00 00 00 00 00
06-20 10:55:45.374 D/RILC    (  608): New command received from RIL(1)
06-20 10:55:45.374 D/RIL     (  608): OEM_HOOK_STRINGS dispatched to RIL_CMD_PROXY_3
06-20 10:55:45.374 I/RIL     (  608): RIL_URC_PROXY wakeup
06-20 10:55:45.374 I/RIL     (  608): RIL_URC_PROXY sleep
06-20 10:55:45.374 I/RIL     (  608): RIL_ATCI_PROXY wakeup
06-20 10:55:45.374 I/RIL     (  608): RIL_ATCI_PROXY sleep
06-20 10:55:45.374 I/RIL     (  608): RIL_CMD2_PROXY_3 wakeup
06-20 10:55:45.374 I/RIL     (  608): RIL_CMD2_PROXY_3 sleep
06-20 10:55:45.374 I/RIL     (  608): RIL_ATCI2_PROXY wakeup
06-20 10:55:45.374 I/RIL     (  608): RIL_ATCI2_PROXY sleep
06-20 10:55:45.374 I/RIL     (  608): RIL_URC2_PROXY wakeup
06-20 10:55:45.374 I/RIL     (  608): RIL_URC2_PROXY sleep
06-20 10:55:45.374 I/RIL     (  608): RIL_CMD_PROXY_3 wakeup
06-20 10:55:45.374 D/RIL     (  608): OEM_HOOK_STRINGS execute on RIL_CMD_PROXY_3 using channel 1
06-20 10:55:45.374 D/RIL     (  608): onRequest: OEM_HOOK_STRINGS, datalen = 8
06-20 10:55:45.374 D/RIL     (  608): radioState:4
06-20 10:55:45.374 D/RIL     (  608): got OEM_HOOK_STRINGS: 0x0x403d2e70 8
06-20 10:55:45.374 D/RIL     (  608): > 'AT+EINFO=178'
06-20 10:55:45.374 D/RIL     (  608): > '+EINFO'
06-20 10:55:45.374 D/AT      (  608): AT send on RIL_CMD_READER_1, tid:1084949272
06-20 10:55:45.374 D/AT      (  608): AT> AT+EINFO=178
06-20 10:55:45.374 D/AT      (  608): AT+EINFO=178
06-20 10:55:45.374 I/RIL     (  608): RIL_CMD_PROXY_2 wakeup
06-20 10:55:45.374 I/RIL     (  608): RIL_CMD_PROXY_2 sleep
06-20 10:55:45.374 I/MUXD    (  331): [gsm0710muxd] 955:pseudo_device_read(): Enter
06-20 10:55:45.374 I/MUXD    (  331): [gsm0710muxd] 599:write_frame(): Sending frame to channel 3
06-20 10:55:45.374 I/MUXD    (  331): [gsm0710muxd] 677:write_frame(): Write a frame on channel 3 with length 13
06-20 10:55:45.375 I/RIL     (  608): RIL_CMD2_PROXY_1 wakeup
06-20 10:55:45.375 I/MUXD    (  331): [gsm0710muxd] 1550:gsm0710_base_buffer_get_frame(): Get a complete frame. ch:3, ctrl:239, len:6
06-20 10:55:45.375 I/RIL     (  608): RIL_CMD2_PROXY_1 sleep
06-20 10:55:45.375 I/RIL     (  608): RIL_CMD_PROXY_1 wakeup
06-20 10:55:45.375 I/RIL     (  608): RIL_CMD_PROXY_1 sleep
06-20 10:55:45.375 I/RIL     (  608): RIL_CMD2_PROXY_4 wakeup
06-20 10:55:45.375 I/RIL     (  608): RIL_CMD2_PROXY_4 sleep
06-20 10:55:45.375 I/RIL     (  608): RIL_CMD2_PROXY_2 wakeup
06-20 10:55:45.375 I/RIL     (  608): RIL_CMD2_PROXY_2 sleep
06-20 10:55:45.375 D/AT      (  608): 
06-20 10:55:45.375 D/AT      (  608): OK
06-20 10:55:45.375 D/AT      (  608): AT< OK
06-20 10:55:45.375 D/AT      (  608): RIL_CMD_READER_1:OK
06-20 10:55:45.375 D/AT      (  608): RIL_CMD_READER_1 Enter processLine
06-20 10:55:45.375 D/AT      (  608): response received on RIL_CMD_READER_1, tid:1084949272
06-20 10:55:45.375 I/RILC    (  608): RIL SOCKET RESPONSE: OEM_HOOK_STRINGS length:16
06-20 10:55:45.375 I/RILC    (  608): 00 00 00 00 66 01 00 00 00 00 00 00 00 00 00 00
06-20 10:55:45.375 I/RIL     (  608): RIL_CMD_PROXY_3 sleep
06-20 10:55:45.375 D/RILJ    (  792):  RIL(1) :[0358]< OEM_HOOK_STRINGS {}
06-20 10:55:45.774 I/MUXD    (  331): [gsm0710muxd] 1550:gsm0710_base_buffer_get_frame(): Get a complete frame. ch:1, ctrl:239, len:23
06-20 10:55:45.774 I/MUXD    (  331): [gsm0710muxd] 1550:gsm0710_base_buffer_get_frame(): Get a complete frame. ch:1, ctrl:239, len:6
06-20 10:55:45.774 I/MUXD    (  331): [gsm0710muxd] 1550:gsm0710_base_buffer_get_frame(): Get a complete frame. ch:2, ctrl:239, len:19
06-20 10:55:45.774 D/AT      (  608): 
06-20 10:55:45.774 D/AT      (  608): +CGEV: ME PDN ACT 1
06-20 10:55:45.774 D/AT      (  608): 
06-20 10:55:45.774 D/AT      (  608): OK
06-20 10:55:45.774 D/AT      (  608): AT< +CGEV: ME PDN ACT 1
06-20 10:55:45.774 D/AT      (  608): RIL_CMD_READER_4:+CGEV: ME PDN ACT 1
06-20 10:55:45.774 D/AT      (  608): RIL_CMD_READER_4 Enter processLine
06-20 10:55:45.774 D/AT      (  608): AT< OK
06-20 10:55:45.774 D/AT      (  608): RIL_CMD_READER_4:OK
06-20 10:55:45.774 D/AT      (  608): RIL_CMD_READER_4 Enter processLine
06-20 10:55:45.774 D/AT      (  608): 
06-20 10:55:45.774 D/AT      (  608): +PSBEARER: 2, 2
06-20 10:55:45.774 D/AT      (  608): AT< +PSBEARER: 2, 2
06-20 10:55:45.774 D/AT      (  608): RIL_URC_READER:+PSBEARER: 2, 2
06-20 10:55:45.774 D/AT      (  608): RIL_URC_READER Enter processLine
06-20 10:55:45.774 D/RIL     (  608): Nw URC:+PSBEARER: 2, 2
06-20 10:55:45.774 D/RIL     (  608): The URC is  2
06-20 10:55:45.774 D/RIL     (  608): onNetworkStateChanged() , stat=2 , is_cs=0
06-20 10:55:45.774 I/RILC    (  608): RIL(1) UNSOLICITED: RIL_UNSOL_RESPONSE_PS_NETWORK_STATE_CHANGED length:8
06-20 10:55:45.774 I/RILC    (  608): 01 00 00 00 CE 0B 00 00 10 00 00 00 13 00 00 00
06-20 10:55:45.774 D/AT      (  608): response received on RIL_CMD_READER_4, tid:1084949464
