06-20 10:55:43.039 D/AT      (  608): +CREG: 1, "10B5", "0000591E", 3, 0
06-20 10:55:43.039 D/AT      (  608): AT< +PSBEARER: 2, 0
06-20 10:55:43.039 D/AT      (  608): RIL_URC_READER:+PSBEARER: 2, 0
06-20 10:55:43.039 D/AT      (  608): RIL_URC_READER Enter processLine
06-20 10:55:43.039 D/RIL     (  608): Nw URC:+PSBEARER: 2, 0
06-20 10:55:43.039 D/RIL     (  608): The URC is  0
06-20 10:55:43.039 D/RIL     (  608): onNetworkStateChanged() , stat=2 , is_cs=0
06-20 10:55:43.039 I/RILC    (  608): RIL(1) UNSOLICITED: RIL_UNSOL_RESPONSE_PS_NETWORK_STATE_CHANGED length:8
06-20 10:55:43.039 I/RILC    (  608): 01 00 00 00 CE 0B 00 00 10 00 00 00 13 00 00 00
06-20 10:55:43.039 D/AT      (  608): AT< +CREG: 1, "10B5", "0000591E", 3, 0
06-20 10:55:43.039 D/AT      (  608): RIL_URC_READER:+CREG: 1, "10B5", "0000591E", 3, 0
06-20 10:55:43.039 D/AT      (  608): RIL_URC_READER Enter processLine
06-20 10:55:43.039 D/RIL     (  608): Nw URC:+CREG: 1, "10B5", "0000591E", 3, 0
06-20 10:55:43.039 D/RIL     (  608): The URC is  "10B5", "0000591E", 3, 0
06-20 10:55:43.039 D/RIL     (  608): onNetworkStateChanged() , stat=1 , is_cs=1
06-20 10:55:43.039 D/RIL     (  608): +creg urc <ci>: 22814
06-20 10:55:43.039 D/RIL     (  608): now +creg urc <cause>: 0
06-20 10:55:43.039 I/RILC    (  608): RIL(1) UNSOLICITED: UNSOL_RESPONSE_VOICE_NETWORK_STATE_CHANGED length:68
06-20 10:55:43.039 I/RILC    (  608): 01 00 00 00 EA 03 00 00 05 00 00 00 01 00 00 00
06-20 10:55:43.039 I/RILC    (  608): 31 00 00 00 04 00 00 00 31 00 30 00 62 00 35 00
06-20 10:55:43.039 I/RILC    (  608): 00 00 00 00 04 00 00 00 35 00 39 00 31 00 65 00
06-20 10:55:43.039 I/RILC    (  608): 00 00 00 00 01 00 00 00 33 00 00 00 01 00 00 00
06-20 10:55:43.039 I/RILC    (  608): 30 00 00 00 11 00 00 00 4C 6C 0A 40 4C 6C 0A 40
06-20 10:55:43.039 D/RILJ    (  792):  RIL(1) :[UNSL0]< UNSOL_RESPONSE_PS_NETWORK_STATE_CHANGED
06-20 10:55:43.039 D/GSM     (  792): [GsmSST0] cm.getRadioState() is SIM_READY
06-20 10:55:43.039 V/RILJ    (  792):  RIL(1) :[UNSL RIL]< UNSOL_RESPONSE_VOICE_NETWORK_STATE_CHANGED {1, 10b5, 591e, 3, 0}
06-20 10:55:43.039 D/RILJ    (  792):  RIL(1) :[0347]> OPERATOR
06-20 10:55:43.041 I/RILC    (  608): RIL(1) SOCKET REQUEST: OPERATOR length:8
06-20 10:55:43.041 I/RILC    (  608): 16 00 00 00 5B 01 00 00 02 00 00 00 03 00 00 00
06-20 10:55:43.041 D/RILC    (  608): New command received from RIL(1)
06-20 10:55:43.041 D/RIL     (  608): OPERATOR dispatched to RIL_CMD_PROXY_3
06-20 10:55:43.041 I/RIL     (  608): RIL_URC2_PROXY wakeup
06-20 10:55:43.041 I/RIL     (  608): RIL_URC2_PROXY sleep
06-20 10:55:43.041 I/RIL     (  608): RIL_ATCI2_PROXY wakeup
06-20 10:55:43.041 I/RIL     (  608): RIL_ATCI2_PROXY sleep
06-20 10:55:43.041 I/RIL     (  608): RIL_CMD_PROXY_4 wakeup
06-20 10:55:43.041 I/RIL     (  608): RIL_CMD_PROXY_4 sleep
06-20 10:55:43.041 I/RIL     (  608): RIL_URC_PROXY wakeup
06-20 10:55:43.041 D/RILJ    (  792):  RIL(1) :[0348]> DATA_REGISTRATION_STATE
06-20 10:55:43.041 I/RIL     (  608): RIL_URC_PROXY sleep
06-20 10:55:43.041 I/RIL     (  608): RIL_CMD_PROXY_2 wakeup
06-20 10:55:43.041 I/RIL     (  608): RIL_CMD_PROXY_2 sleep
06-20 10:55:43.041 I/RIL     (  608): RIL_CMD2_PROXY_4 wakeup
06-20 10:55:43.041 I/RIL     (  608): RIL_CMD2_PROXY_4 sleep
06-20 10:55:43.041 I/RIL     (  608): RIL_CMD_PROXY_1 wakeup
06-20 10:55:43.041 I/RIL     (  608): RIL_CMD_PROXY_1 sleep
06-20 10:55:43.041 I/RIL     (  608): RIL_ATCI_PROXY wakeup
06-20 10:55:43.041 I/RIL     (  608): RIL_ATCI_PROXY sleep
06-20 10:55:43.041 I/RIL     (  608): RIL_CMD2_PROXY_1 wakeup
06-20 10:55:43.041 I/RIL     (  608): RIL_CMD2_PROXY_1 sleep
06-20 10:55:43.041 I/RIL     (  608): RIL_CMD2_PROXY_2 wakeup
06-20 10:55:43.041 I/RIL     (  608): RIL_CMD2_PROXY_2 sleep
06-20 10:55:43.041 I/RIL     (  608): RIL_CMD2_PROXY_3 wakeup
06-20 10:55:43.041 I/RIL     (  608): RIL_CMD2_PROXY_3 sleep
06-20 10:55:43.041 I/RIL     (  608): RIL_CMD_PROXY_3 wakeup
06-20 10:55:43.041 D/RIL     (  608): OPERATOR execute on RIL_CMD_PROXY_3 using channel 1
06-20 10:55:43.041 D/RIL     (  608): onRequest: OPERATOR, datalen = 0
06-20 10:55:43.041 D/RIL     (  608): radioState:4
06-20 10:55:43.041 D/AT      (  608): AT send on RIL_CMD_READER_1, tid:1084949272
06-20 10:55:43.041 D/AT      (  608): AT> AT+COPS?
06-20 10:55:43.041 D/AT      (  608): AT+COPS?
06-20 10:55:43.041 I/MUXD    (  331): [gsm0710muxd] 955:pseudo_device_read(): Enter
06-20 10:55:43.041 I/MUXD    (  331): [gsm0710muxd] 599:write_frame(): Sending frame to channel 3
06-20 10:55:43.041 I/MUXD    (  331): [gsm0710muxd] 677:write_frame(): Write a frame on channel 3 with length 9
06-20 10:55:43.042 I/RILC    (  608): RIL(1) SOCKET REQUEST: DATA_REGISTRATION_STATE length:8
06-20 10:55:43.042 I/RILC    (  608): 15 00 00 00 5C 01 00 00 02 00 00 00 03 00 00 00
06-20 10:55:43.042 D/RILC    (  608): New command received from RIL(1)
06-20 10:55:43.042 D/RIL     (  608): DATA_REGISTRATION_STATE dispatched to RIL_CMD_PROXY_3
06-20 10:55:43.042 I/RIL     (  608): RIL_ATCI2_PROXY wakeup
06-20 10:55:43.042 I/RIL     (  608): RIL_ATCI2_PROXY sleep
06-20 10:55:43.042 I/RIL     (  608): RIL_URC2_PROXY wakeup
06-20 10:55:43.042 I/RIL     (  608): RIL_URC2_PROXY sleep
06-20 10:55:43.042 I/MUXD    (  331): [gsm0710muxd] 1550:gsm0710_base_buffer_get_frame(): Get a complete frame. ch:3, ctrl:239, len:22
06-20 10:55:43.042 I/RIL     (  608): RIL_URC_PROXY wakeup
06-20 10:55:43.042 I/RIL     (  608): RIL_URC_PROXY sleep
06-20 10:55:43.042 I/RIL     (  608): RIL_CMD_PROXY_4 wakeup
06-20 10:55:43.042 I/RIL     (  608): RIL_CMD_PROXY_4 sleep
06-20 10:55:43.042 I/RIL     (  608): RIL_CMD_PROXY_2 wakeup
06-20 10:55:43.042 I/RIL     (  608): RIL_CMD_PROXY_2 sleep
06-20 10:55:43.042 I/RIL     (  608): RIL_CMD2_PROXY_4 wakeup
06-20 10:55:43.042 I/RIL     (  608): RIL_CMD2_PROXY_4 sleep
06-20 10:55:43.042 D/AT      (  608): 
06-20 10:55:43.042 D/AT      (  608): +COPS: 0,2,"46000"
06-20 10:55:43.042 D/AT      (  608): AT< +COPS: 0,2,"46000"
06-20 10:55:43.042 D/AT      (  608): RIL_CMD_READER_1:+COPS: 0,2,"46000"
06-20 10:55:43.042 I/RIL     (  608): RIL_CMD_PROXY_1 wakeup
06-20 10:55:43.042 D/AT      (  608): RIL_CMD_READER_1 Enter processLine
06-20 10:55:43.042 I/RIL     (  608): RIL_CMD_PROXY_1 sleep
06-20 10:55:43.042 I/RIL     (  608): RIL_ATCI_PROXY wakeup
06-20 10:55:43.042 I/RIL     (  608): RIL_ATCI_PROXY sleep
06-20 10:55:43.042 I/RIL     (  608): RIL_CMD2_PROXY_1 wakeup
06-20 10:55:43.042 I/RIL     (  608): RIL_CMD2_PROXY_1 sleep
06-20 10:55:43.042 I/RIL     (  608): RIL_CMD2_PROXY_2 wakeup
06-20 10:55:43.042 I/RIL     (  608): RIL_CMD2_PROXY_2 sleep
06-20 10:55:43.042 I/RIL     (  608): RIL_CMD2_PROXY_3 wakeup
06-20 10:55:43.042 I/MUXD    (  331): [gsm0710muxd] 1550:gsm0710_base_buffer_get_frame(): Get a complete frame. ch:3, ctrl:239, len:6
06-20 10:55:43.042 I/RIL     (  608): RIL_CMD2_PROXY_3 sleep
06-20 10:55:43.042 D/RILJ    (  792):  RIL(1) :[0349]> VOICE_REGISTRATION_STATE
06-20 10:55:43.042 D/AT      (  608): 
06-20 10:55:43.042 D/AT      (  608): OK
06-20 10:55:43.042 D/AT      (  608): AT< OK
06-20 10:55:43.042 D/AT      (  608): RIL_CMD_READER_1:OK
06-20 10:55:43.042 D/AT      (  608): RIL_CMD_READER_1 Enter processLine
06-20 10:55:43.042 D/AT      (  608): response received on RIL_CMD_READER_1, tid:1084949272
06-20 10:55:43.042 D/RIL     (  608): Get operator code 46000
06-20 10:55:43.042 D/RIL     (  608): Get ril_nw_nitzName_mutex in the getOperatorNamesFromNumericCode
06-20 10:55:43.042 I/RILC    (  608): RIL SOCKET RESPONSE: OPERATOR length:64
06-20 10:55:43.042 I/RILC    (  608): 00 00 00 00 5B 01 00 00 00 00 00 00 03 00 00 00
06-20 10:55:43.042 I/RILC    (  608): 05 00 00 00 34 00 36 00 30 00 30 00 30 00 00 00
06-20 10:55:43.042 I/RILC    (  608): 05 00 00 00 34 00 36 00 30 00 30 00 30 00 00 00
06-20 10:55:43.042 I/RILC    (  608): 05 00 00 00 34 00 36 00 30 00 30 00 30 00 00 00
06-20 10:55:43.042 D/RIL     (  608): DATA_REGISTRATION_STATE execute on RIL_CMD_PROXY_3 using channel 1
06-20 10:55:43.042 D/RIL     (  608): onRequest: DATA_REGISTRATION_STATE, datalen = 0
06-20 10:55:43.042 D/RIL     (  608): radioState:4
06-20 10:55:43.042 D/AT      (  608): AT send on RIL_CMD_READER_1, tid:1084949272
06-20 10:55:43.042 D/AT      (  608): AT> AT+CGREG?
06-20 10:55:43.042 D/AT      (  608): AT+CGREG?
06-20 10:55:43.042 D/RILJ    (  792):  RIL(1) :lookup RIL responseOperator()
06-20 10:55:43.043 D/GSM     (  792): [SIMRecords] [SIM0]getSpNameInEfSpn(): null
06-20 10:55:43.043 I/MUXD    (  331): [gsm0710muxd] 955:pseudo_device_read(): Enter
06-20 10:55:43.043 I/MUXD    (  331): [gsm0710muxd] 599:write_frame(): Sending frame to channel 3
06-20 10:55:43.043 I/MUXD    (  331): [gsm0710muxd] 677:write_frame(): Write a frame on channel 3 with length 10
06-20 10:55:43.043 D/RILJ    (  792):  RIL(1) :the result of searching mvnoOperName by EF_SPN: null
06-20 10:55:43.043 D/GSM     (  792): [SIMRecords] [SIM0]getIMSI: 460001500827465
06-20 10:55:43.043 W/GSM     (  792): getSpnByImsi(): imsi = 460001500827465, index = 8, length = 2, pattern = 67
06-20 10:55:43.043 D/RILJ    (  792):  RIL(1) :the result of searching mvnoOperName by IMSI: null
06-20 10:55:43.043 D/GSM     (  792): [SIMRecords] [SIM0]getFirstFullNameInEfPnn(): empty
06-20 10:55:43.043 I/MUXD    (  331): [gsm0710muxd] 1550:gsm0710_base_buffer_get_frame(): Get a complete frame. ch:3, ctrl:239, len:39
06-20 10:55:43.043 D/AT      (  608): 
06-20 10:55:43.043 D/AT      (  608): +CGREG: 2, 1, "10B5", "00002F09", 3
06-20 10:55:43.043 D/AT      (  608): AT< +CGREG: 2, 1, "10B5", "00002F09", 3
06-20 10:55:43.043 D/AT      (  608): RIL_CMD_READER_1:+CGREG: 2, 1, "10B5", "00002F09", 3
06-20 10:55:43.043 D/AT      (  608): RIL_CMD_READER_1 Enter processLine
06-20 10:55:43.043 I/MUXD    (  331): [gsm0710muxd] 1550:gsm0710_base_buffer_get_frame(): Get a complete frame. ch:3, ctrl:239, len:6
06-20 10:55:43.043 D/AT      (  608): 
06-20 10:55:43.043 D/AT      (  608): OK
06-20 10:55:43.043 D/AT      (  608): AT< OK
06-20 10:55:43.043 D/AT      (  608): RIL_CMD_READER_1:OK
06-20 10:55:43.043 D/AT      (  608): RIL_CMD_READER_1 Enter processLine
06-20 10:55:43.043 D/AT      (  608): response received on RIL_CMD_READER_1, tid:1084949272
06-20 10:55:43.043 E/RIL     (  608): The value in the field <stat> is 1.
06-20 10:55:43.043 E/RIL     (  608): The value in the field <lac> :1075372544
06-20 10:55:43.043 D/RIL     (  608): cid: 12041
06-20 10:55:43.043 E/RIL     (  608): The value of act: 3
06-20 10:55:43.043 D/AT      (  608): AT send on RIL_CMD_READER_1, tid:1084949272
06-20 10:55:43.043 D/AT      (  608): AT> AT+PSBEARER?
06-20 10:55:43.043 D/AT      (  608): AT+PSBEARER?
06-20 10:55:43.043 I/MUXD    (  331): [gsm0710muxd] 955:pseudo_device_read(): Enter
06-20 10:55:43.043 I/MUXD    (  331): [gsm0710muxd] 599:write_frame(): Sending frame to channel 3
06-20 10:55:43.043 I/MUXD    (  331): [gsm0710muxd] 677:write_frame(): Write a frame on channel 3 with length 13
06-20 10:55:43.044 I/MUXD    (  331): [gsm0710muxd] 1550:gsm0710_base_buffer_get_frame(): Get a complete frame. ch:3, ctrl:239, len:19
06-20 10:55:43.044 D/AT      (  608): 
06-20 10:55:43.044 D/AT      (  608): +PSBEARER: 2, 2
06-20 10:55:43.044 D/AT      (  608): AT< +PSBEARER: 2, 2
06-20 10:55:43.044 D/AT      (  608): RIL_CMD_READER_1:+PSBEARER: 2, 2
06-20 10:55:43.044 D/AT      (  608): RIL_CMD_READER_1 Enter processLine
06-20 10:55:43.044 I/MUXD    (  331): [gsm0710muxd] 1550:gsm0710_base_buffer_get_frame(): Get a complete frame. ch:3, ctrl:239, len:6
06-20 10:55:43.044 D/AT      (  608): 
06-20 10:55:43.044 D/AT      (  608): OK
06-20 10:55:43.044 D/AT      (  608): AT< OK
06-20 10:55:43.044 D/AT      (  608): RIL_CMD_READER_1:OK
06-20 10:55:43.044 D/AT      (  608): RIL_CMD_READER_1 Enter processLine
06-20 10:55:43.044 D/AT      (  608): response received on RIL_CMD_READER_1, tid:1084949272
06-20 10:55:43.044 E/RIL     (  608): rid: 0
06-20 10:55:43.044 D/RIL     (  608): RestrictedStateChanged: 0
06-20 10:55:43.044 I/RILC    (  608): RIL(1) UNSOLICITED: UNSOL_RESTRICTED_STATE_CHANGED length:16
06-20 10:55:43.044 I/RILC    (  608): 01 00 00 00 FF 03 00 00 01 00 00 00 00 00 00 00
06-20 10:55:43.044 I/RILC    (  608): RIL SOCKET RESPONSE: DATA_REGISTRATION_STATE length:80
06-20 10:55:43.044 I/RILC    (  608): 00 00 00 00 5C 01 00 00 00 00 00 00 06 00 00 00
06-20 10:55:43.044 I/RILC    (  608): 01 00 00 00 31 00 00 00 04 00 00 00 31 00 30 00
06-20 10:55:43.044 I/RILC    (  608): 62 00 35 00 00 00 00 00 04 00 00 00 32 00 66 00
06-20 10:55:43.044 I/RILC    (  608): 30 00 39 00 00 00 00 00 01 00 00 00 32 00 00 00
06-20 10:55:43.044 I/RILC    (  608): 01 00 00 00 32 00 00 00 01 00 00 00 32 00 00 00
06-20 10:55:43.044 I/RIL     (  608): RIL_CMD_PROXY_3 sleep
06-20 10:55:43.044 D/RILJ    (  792):  RIL(1) :the result of searching mvnoOperName by EF_PNN: null
06-20 10:55:43.044 D/GSM     (  792): [SIMRecords] [SIM0]getSpNameInEfSpn(): null
06-20 10:55:43.044 D/RILJ    (  792):  RIL(1) :[0350]> QUERY_NETWORK_SELECTION_MODE
06-20 10:55:43.044 D/RILJ    (  792):  RIL(1) :the result of searching mvnoOperName by EF_SPN: null
06-20 10:55:43.045 D/GSM     (  792): [SIMRecords] [SIM0]getIMSI: 460001500827465
06-20 10:55:43.045 W/GSM     (  792): getSpnByImsi(): imsi = 460001500827465, index = 8, length = 2, pattern = 67
06-20 10:55:43.045 D/RILJ    (  792):  RIL(1) :the result of searching mvnoOperName by IMSI: null
06-20 10:55:43.045 D/GSM     (  792): [SIMRecords] [SIM0]getFirstFullNameInEfPnn(): empty
06-20 10:55:43.045 D/RILJ    (  792):  RIL(1) :the result of searching mvnoOperName by EF_PNN: null
06-20 10:55:43.045 D/RILJ    (  792):  RIL(1) :[0347]< OPERATOR {, CMCC, 46000}
06-20 10:55:43.046 I/RILC    (  608): RIL(1) SOCKET REQUEST: VOICE_REGISTRATION_STATE length:8
06-20 10:55:43.046 I/RILC    (  608): 14 00 00 00 5D 01 00 00 02 00 00 00 03 00 00 00
06-20 10:55:43.046 D/RILC    (  608): New command received from RIL(1)
06-20 10:55:43.046 D/RIL     (  608): VOICE_REGISTRATION_STATE dispatched to RIL_CMD_PROXY_3
06-20 10:55:43.046 I/RIL     (  608): RIL_URC2_PROXY wakeup
06-20 10:55:43.046 I/RIL     (  608): RIL_URC2_PROXY sleep
06-20 10:55:43.046 I/RIL     (  608): RIL_ATCI2_PROXY wakeup
06-20 10:55:43.046 I/RIL     (  608): RIL_ATCI2_PROXY sleep
06-20 10:55:43.046 I/RIL     (  608): RIL_CMD_PROXY_4 wakeup
06-20 10:55:43.046 I/RIL     (  608): RIL_CMD_PROXY_4 sleep
06-20 10:55:43.046 I/RIL     (  608): RIL_URC_PROXY wakeup
06-20 10:55:43.046 I/RIL     (  608): RIL_URC_PROXY sleep
06-20 10:55:43.046 I/RIL     (  608): RIL_CMD_PROXY_2 wakeup
06-20 10:55:43.046 I/RIL     (  608): RIL_CMD_PROXY_2 sleep
06-20 10:55:43.046 I/RIL     (  608): RIL_CMD2_PROXY_4 wakeup
06-20 10:55:43.046 I/RIL     (  608): RIL_CMD2_PROXY_4 sleep
06-20 10:55:43.046 I/RIL     (  608): RIL_CMD_PROXY_3 wakeup
06-20 10:55:43.046 D/RIL     (  608): VOICE_REGISTRATION_STATE execute on RIL_CMD_PROXY_3 using channel 1
06-20 10:55:43.046 D/RIL     (  608): onRequest: VOICE_REGISTRATION_STATE, datalen = 0
06-20 10:55:43.047 D/RIL     (  608): radioState:4
06-20 10:55:43.047 D/AT      (  608): AT send on RIL_CMD_READER_1, tid:1084949272
06-20 10:55:43.047 D/AT      (  608): AT> AT+CREG?
06-20 10:55:43.047 D/AT      (  608): AT+CREG?
06-20 10:55:43.047 I/RIL     (  608): RIL_CMD2_PROXY_3 wakeup
06-20 10:55:43.047 I/RIL     (  608): RIL_CMD2_PROXY_3 sleep
06-20 10:55:43.047 I/RIL     (  608): RIL_CMD2_PROXY_2 wakeup
06-20 10:55:43.047 I/RIL     (  608): RIL_CMD2_PROXY_2 sleep
06-20 10:55:43.047 I/RIL     (  608): RIL_CMD2_PROXY_1 wakeup
06-20 10:55:43.047 I/RIL     (  608): RIL_CMD2_PROXY_1 sleep
06-20 10:55:43.047 I/RIL     (  608): RIL_ATCI_PROXY wakeup
06-20 10:55:43.047 I/RIL     (  608): RIL_ATCI_PROXY sleep
06-20 10:55:43.047 I/RIL     (  608): RIL_CMD_PROXY_1 wakeup
06-20 10:55:43.047 I/RIL     (  608): RIL_CMD_PROXY_1 sleep
06-20 10:55:43.047 I/MUXD    (  331): [gsm0710muxd] 955:pseudo_device_read(): Enter
06-20 10:55:43.047 I/MUXD    (  331): [gsm0710muxd] 599:write_frame(): Sending frame to channel 3
06-20 10:55:43.047 I/MUXD    (  331): [gsm0710muxd] 677:write_frame(): Write a frame on channel 3 with length 9
06-20 10:55:43.047 V/RILJ    (  792):  RIL(1) :[UNSL RIL]< UNSOL_RESTRICTED_STATE_CHANGED {0}
06-20 10:55:43.047 D/GSM     (  792): [GsmSST0] onNetworkStateChangeResult state:1lac:4277cid:22814Act:3cause:0
06-20 10:55:43.047 I/GSM     (  792): clear dontUpdateNetworkStateFlag
06-20 10:55:43.047 D/GSM     (  792): [GsmSST0] cm.getRadioState() is SIM_READY
06-20 10:55:43.047 I/MUXD    (  331): [gsm0710muxd] 1550:gsm0710_base_buffer_get_frame(): Get a complete frame. ch:3, ctrl:239, len:30
06-20 10:55:43.047 D/RILJ    (  792):  RIL(1) :[0351]> OPERATOR
06-20 10:55:43.047 I/MUXD    (  331): [gsm0710muxd] 1550:gsm0710_base_buffer_get_frame(): Get a complete frame. ch:3, ctrl:239, len:4
06-20 10:55:43.047 D/AT      (  608): 
06-20 10:55:43.047 D/AT      (  608): +CREG: 2,1,"10B5","0000591E",3
06-20 10:55:43.047 D/AT      (  608): AT< +CREG: 2,1,"10B5","0000591E",3
06-20 10:55:43.047 D/AT      (  608): RIL_CMD_READER_1:+CREG: 2,1,"10B5","0000591E",3
06-20 10:55:43.047 D/AT      (  608): RIL_CMD_READER_1 Enter processLine
06-20 10:55:43.047 I/MUXD    (  331): [gsm0710muxd] 1550:gsm0710_base_buffer_get_frame(): Get a complete frame. ch:3, ctrl:239, len:6
06-20 10:55:43.047 D/AT      (  608): 
06-20 10:55:43.047 D/AT      (  608): OK
06-20 10:55:43.047 D/AT      (  608): AT< OK
06-20 10:55:43.047 D/AT      (  608): RIL_CMD_READER_1:OK
06-20 10:55:43.047 D/AT      (  608): RIL_CMD_READER_1 Enter processLine
06-20 10:55:43.047 D/AT      (  608): response received on RIL_CMD_READER_1, tid:1084949272
06-20 10:55:43.047 E/RIL     (  608): The value in the field <stat> is 1.
06-20 10:55:43.047 I/RILC    (  608): RIL(1) SOCKET REQUEST: QUERY_NETWORK_SELECTION_MODE length:8
06-20 10:55:43.047 E/RIL     (  608): The value in the field <lac> :2
06-20 10:55:43.047 D/RIL     (  608): cid: 22814
06-20 10:55:43.047 I/RILC    (  608): 2D 00 00 00 5E 01 00 00 02 00 00 00 03 00 00 00
06-20 10:55:43.047 E/RIL     (  608): The value of act: 3
06-20 10:55:43.047 D/RILC    (  608): New command received from RIL(1)
06-20 10:55:43.048 E/RIL     (  608): rid: 0
06-20 10:55:43.048 D/RIL     (  608): QUERY_NETWORK_SELECTION_MODE dispatched to RIL_CMD_PROXY_3
06-20 10:55:43.048 D/RIL     (  608): RestrictedStateChanged: 0
06-20 10:55:43.048 I/RILC    (  608): RIL(1) UNSOLICITED: UNSOL_RESTRICTED_STATE_CHANGED length:16
06-20 10:55:43.048 I/RILC    (  608): 01 00 00 00 FF 03 00 00 01 00 00 00 00 00 00 00
06-20 10:55:43.048 I/RILC    (  608): RIL SOCKET RESPONSE: VOICE_REGISTRATION_STATE length:64
06-20 10:55:43.048 I/RILC    (  608): 00 00 00 00 5D 01 00 00 00 00 00 00 04 00 00 00
06-20 10:55:43.048 I/RILC    (  608): 01 00 00 00 31 00 00 00 04 00 00 00 31 00 30 00
06-20 10:55:43.048 I/RILC    (  608): 62 00 35 00 00 00 00 00 04 00 00 00 35 00 39 00
06-20 10:55:43.048 I/RILC    (  608): 31 00 65 00 00 00 00 00 01 00 00 00 32 00 00 00
06-20 10:55:43.048 D/RIL     (  608): QUERY_NETWORK_SELECTION_MODE execute on RIL_CMD_PROXY_3 using channel 1
06-20 10:55:43.048 D/RIL     (  608): onRequest: QUERY_NETWORK_SELECTION_MODE, datalen = 0
06-20 10:55:43.048 D/RIL     (  608): radioState:4
06-20 10:55:43.048 D/AT      (  608): AT send on RIL_CMD_READER_1, tid:1084949272
06-20 10:55:43.048 D/AT      (  608): AT> AT+COPS?
06-20 10:55:43.048 D/AT      (  608): AT+COPS?
06-20 10:55:43.048 I/RIL     (  608): RIL_URC2_PROXY wakeup
06-20 10:55:43.048 I/RIL     (  608): RIL_URC2_PROXY sleep
06-20 10:55:43.048 I/RIL     (  608): RIL_ATCI2_PROXY wakeup
06-20 10:55:43.048 I/RIL     (  608): RIL_ATCI2_PROXY sleep
06-20 10:55:43.048 I/RIL     (  608): RIL_URC_PROXY wakeup
06-20 10:55:43.048 I/RIL     (  608): RIL_URC_PROXY sleep
06-20 10:55:43.048 I/RIL     (  608): RIL_CMD_PROXY_4 wakeup
06-20 10:55:43.048 I/RIL     (  608): RIL_CMD_PROXY_4 sleep
06-20 10:55:43.048 I/RIL     (  608): RIL_CMD_PROXY_2 wakeup
06-20 10:55:43.048 I/RIL     (  608): RIL_CMD_PROXY_2 sleep
06-20 10:55:43.048 I/RIL     (  608): RIL_CMD2_PROXY_4 wakeup
06-20 10:55:43.048 I/RIL     (  608): RIL_CMD2_PROXY_4 sleep
06-20 10:55:43.048 I/RIL     (  608): RIL_CMD2_PROXY_3 wakeup
06-20 10:55:43.048 I/RIL     (  608): RIL_CMD2_PROXY_3 sleep
06-20 10:55:43.048 I/RIL     (  608): RIL_CMD2_PROXY_2 wakeup
06-20 10:55:43.048 I/RIL     (  608): RIL_CMD2_PROXY_2 sleep
06-20 10:55:43.048 I/RIL     (  608): RIL_CMD2_PROXY_1 wakeup
06-20 10:55:43.048 I/RIL     (  608): RIL_CMD2_PROXY_1 sleep
06-20 10:55:43.048 I/RIL     (  608): RIL_ATCI_PROXY wakeup
06-20 10:55:43.048 I/RIL     (  608): RIL_ATCI_PROXY sleep
06-20 10:55:43.048 I/RIL     (  608): RIL_CMD_PROXY_1 wakeup
06-20 10:55:43.048 I/RIL     (  608): RIL_CMD_PROXY_1 sleep
06-20 10:55:43.048 I/MUXD    (  331): [gsm0710muxd] 955:pseudo_device_read(): Enter
06-20 10:55:43.048 I/MUXD    (  331): [gsm0710muxd] 599:write_frame(): Sending frame to channel 3
06-20 10:55:43.048 I/MUXD    (  331): [gsm0710muxd] 677:write_frame(): Write a frame on channel 3 with length 9
06-20 10:55:43.048 I/MUXD    (  331): [gsm0710muxd] 1550:gsm0710_base_buffer_get_frame(): Get a complete frame. ch:3, ctrl:239, len:22
06-20 10:55:43.048 D/RILJ    (  792):  RIL(1) :[0348]< DATA_REGISTRATION_STATE {1, 10b5, 2f09, 2, 2, 2}
06-20 10:55:43.048 D/AT      (  608): 
06-20 10:55:43.048 D/AT      (  608): +COPS: 0,2,"46000"
06-20 10:55:43.048 D/AT      (  608): AT< +COPS: 0,2,"46000"
06-20 10:55:43.048 D/AT      (  608): RIL_CMD_READER_1:+COPS: 0,2,"46000"
06-20 10:55:43.048 D/AT      (  608): RIL_CMD_READER_1 Enter processLine
06-20 10:55:43.049 I/MUXD    (  331): [gsm0710muxd] 1550:gsm0710_base_buffer_get_frame(): Get a complete frame. ch:3, ctrl:239, len:6
06-20 10:55:43.049 D/AT      (  608): 
06-20 10:55:43.049 D/AT      (  608): OK
06-20 10:55:43.049 D/AT      (  608): AT< OK
06-20 10:55:43.049 D/AT      (  608): RIL_CMD_READER_1:OK
06-20 10:55:43.049 D/AT      (  608): RIL_CMD_READER_1 Enter processLine
06-20 10:55:43.049 D/AT      (  608): response received on RIL_CMD_READER_1, tid:1084949272
06-20 10:55:43.049 I/RILC    (  608): RIL SOCKET RESPONSE: QUERY_NETWORK_SELECTION_MODE length:20
06-20 10:55:43.049 I/RILC    (  608): 00 00 00 00 5E 01 00 00 00 00 00 00 01 00 00 00
06-20 10:55:43.049 I/RILC    (  608): 00 00 00 00 31 00 00 00 20 00 00 00 13 00 00 00
06-20 10:55:43.049 I/RIL     (  608): RIL_CMD_PROXY_3 sleep
06-20 10:55:43.049 I/RILC    (  608): RIL(1) SOCKET REQUEST: OPERATOR length:8
06-20 10:55:43.049 I/RILC    (  608): 16 00 00 00 5F 01 00 00 02 00 00 00 03 00 00 00
06-20 10:55:43.049 D/RILC    (  608): New command received from RIL(1)
06-20 10:55:43.049 D/RIL     (  608): OPERATOR dispatched to RIL_CMD_PROXY_3
06-20 10:55:43.049 I/RIL     (  608): RIL_URC2_PROXY wakeup
06-20 10:55:43.049 I/RIL     (  608): RIL_URC2_PROXY sleep
06-20 10:55:43.049 I/RIL     (  608): RIL_ATCI2_PROXY wakeup
06-20 10:55:43.049 I/RIL     (  608): RIL_ATCI2_PROXY sleep
06-20 10:55:43.049 I/RIL     (  608): RIL_URC_PROXY wakeup
06-20 10:55:43.049 I/RIL     (  608): RIL_URC_PROXY sleep
06-20 10:55:43.049 I/RIL     (  608): RIL_CMD_PROXY_4 wakeup
06-20 10:55:43.049 I/RIL     (  608): RIL_CMD_PROXY_4 sleep
06-20 10:55:43.049 I/RIL     (  608): RIL_CMD2_PROXY_4 wakeup
06-20 10:55:43.049 I/RIL     (  608): RIL_CMD2_PROXY_4 sleep
06-20 10:55:43.049 I/RIL     (  608): RIL_CMD_PROXY_2 wakeup
06-20 10:55:43.049 I/RIL     (  608): RIL_CMD_PROXY_2 sleep
06-20 10:55:43.049 I/RIL     (  608): RIL_CMD2_PROXY_2 wakeup
06-20 10:55:43.049 I/RIL     (  608): RIL_CMD2_PROXY_2 sleep
06-20 10:55:43.049 I/RIL     (  608): RIL_CMD2_PROXY_3 wakeup
06-20 10:55:43.049 I/RIL     (  608): RIL_CMD2_PROXY_3 sleep
06-20 10:55:43.049 V/RILJ    (  792):  RIL(1) :[UNSL RIL]< UNSOL_RESTRICTED_STATE_CHANGED {0}
06-20 10:55:43.049 I/RIL     (  608): RIL_ATCI_PROXY wakeup
06-20 10:55:43.049 I/RIL     (  608): RIL_ATCI_PROXY sleep
06-20 10:55:43.050 I/RIL     (  608): RIL_CMD2_PROXY_1 wakeup
06-20 10:55:43.050 I/RIL     (  608): RIL_CMD2_PROXY_1 sleep
06-20 10:55:43.050 I/RIL     (  608): RIL_CMD_PROXY_1 wakeup
06-20 10:55:43.050 I/RIL     (  608): RIL_CMD_PROXY_1 sleep
06-20 10:55:43.050 I/RIL     (  608): RIL_CMD_PROXY_3 wakeup
06-20 10:55:43.050 D/RIL     (  608): OPERATOR execute on RIL_CMD_PROXY_3 using channel 1
06-20 10:55:43.050 D/RIL     (  608): onRequest: OPERATOR, datalen = 0
06-20 10:55:43.050 D/RIL     (  608): radioState:4
06-20 10:55:43.050 D/AT      (  608): AT send on RIL_CMD_READER_1, tid:1084949272
06-20 10:55:43.050 D/RILJ    (  792):  RIL(1) :[0352]> DATA_REGISTRATION_STATE
06-20 10:55:43.050 D/AT      (  608): AT> AT+COPS?
06-20 10:55:43.050 D/AT      (  608): AT+COPS?
06-20 10:55:43.050 I/MUXD    (  331): [gsm0710muxd] 955:pseudo_device_read(): Enter
06-20 10:55:43.050 I/MUXD    (  331): [gsm0710muxd] 599:write_frame(): Sending frame to channel 3
06-20 10:55:43.050 I/MUXD    (  331): [gsm0710muxd] 677:write_frame(): Write a frame on channel 3 with length 9
06-20 10:55:43.050 I/MUXD    (  331): [gsm0710muxd] 1550:gsm0710_base_buffer_get_frame(): Get a complete frame. ch:3, ctrl:239, len:22
06-20 10:55:43.050 I/MUXD    (  331): [gsm0710muxd] 1550:gsm0710_base_buffer_get_frame(): Get a complete frame. ch:3, ctrl:239, len:6
06-20 10:55:43.050 D/AT      (  608): 
06-20 10:55:43.050 D/AT      (  608): +COPS: 0,2,"46000"
06-20 10:55:43.050 D/AT      (  608): AT< +COPS: 0,2,"46000"
06-20 10:55:43.050 D/AT      (  608): RIL_CMD_READER_1:+COPS: 0,2,"46000"
06-20 10:55:43.050 D/AT      (  608): RIL_CMD_READER_1 Enter processLine
06-20 10:55:43.050 D/AT      (  608): 
06-20 10:55:43.050 D/AT      (  608): OK
06-20 10:55:43.050 D/AT      (  608): AT< OK
06-20 10:55:43.050 D/AT      (  608): RIL_CMD_READER_1:OK
06-20 10:55:43.050 D/AT      (  608): RIL_CMD_READER_1 Enter processLine
06-20 10:55:43.050 D/AT      (  608): response received on RIL_CMD_READER_1, tid:1084949272
06-20 10:55:43.050 D/RIL     (  608): Get operator code 46000
06-20 10:55:43.050 D/RIL     (  608): Get ril_nw_nitzName_mutex in the getOperatorNamesFromNumericCode
06-20 10:55:43.050 I/RILC    (  608): RIL SOCKET RESPONSE: OPERATOR length:64
06-20 10:55:43.050 I/RILC    (  608): 00 00 00 00 5F 01 00 00 00 00 00 00 03 00 00 00
06-20 10:55:43.050 I/RILC    (  608): 05 00 00 00 34 00 36 00 30 00 30 00 30 00 00 00
06-20 10:55:43.050 I/RILC    (  608): 05 00 00 00 34 00 36 00 30 00 30 00 30 00 00 00
06-20 10:55:43.050 I/RILC    (  608): 05 00 00 00 34 00 36 00 30 00 30 00 30 00 00 00
06-20 10:55:43.050 I/RIL     (  608): RIL_CMD_PROXY_3 sleep
06-20 10:55:43.051 D/RILJ    (  792):  RIL(1) :[0349]< VOICE_REGISTRATION_STATE {1, 10b5, 591e, 2}
06-20 10:55:43.052 D/RILJ    (  792):  RIL(1) :[0353]> VOICE_REGISTRATION_STATE
06-20 10:55:43.053 I/RILC    (  608): RIL(1) SOCKET REQUEST: DATA_REGISTRATION_STATE length:8
06-20 10:55:43.053 I/RILC    (  608): 15 00 00 00 60 01 00 00 02 00 00 00 03 00 00 00
06-20 10:55:43.053 D/RILC    (  608): New command received from RIL(1)
06-20 10:55:43.053 D/RIL     (  608): DATA_REGISTRATION_STATE dispatched to RIL_CMD_PROXY_3
06-20 10:55:43.053 I/RIL     (  608): RIL_ATCI_PROXY wakeup
06-20 10:55:43.053 I/RIL     (  608): RIL_ATCI_PROXY sleep
06-20 10:55:43.053 I/RIL     (  608): RIL_CMD2_PROXY_3 wakeup
06-20 10:55:43.053 I/RIL     (  608): RIL_CMD2_PROXY_3 sleep
06-20 10:55:43.053 I/RIL     (  608): RIL_CMD2_PROXY_2 wakeup
06-20 10:55:43.053 I/RIL     (  608): RIL_CMD2_PROXY_2 sleep
06-20 10:55:43.053 I/RIL     (  608): RIL_CMD_PROXY_2 wakeup
06-20 10:55:43.053 I/RIL     (  608): RIL_CMD_PROXY_2 sleep
06-20 10:55:43.053 I/RIL     (  608): RIL_CMD2_PROXY_4 wakeup
06-20 10:55:43.053 I/RIL     (  608): RIL_CMD2_PROXY_4 sleep
06-20 10:55:43.053 I/RIL     (  608): RIL_CMD_PROXY_4 wakeup
06-20 10:55:43.053 I/RIL     (  608): RIL_CMD_PROXY_4 sleep
06-20 10:55:43.053 I/RIL     (  608): RIL_URC_PROXY wakeup
06-20 10:55:43.053 I/RIL     (  608): RIL_URC_PROXY sleep
06-20 10:55:43.053 I/RIL     (  608): RIL_ATCI2_PROXY wakeup
06-20 10:55:43.053 I/RIL     (  608): RIL_ATCI2_PROXY sleep
06-20 10:55:43.053 I/RIL     (  608): RIL_URC2_PROXY wakeup
06-20 10:55:43.053 I/RIL     (  608): RIL_URC2_PROXY sleep
06-20 10:55:43.053 I/RIL     (  608): RIL_CMD_PROXY_3 wakeup
06-20 10:55:43.053 D/RIL     (  608): DATA_REGISTRATION_STATE execute on RIL_CMD_PROXY_3 using channel 1
06-20 10:55:43.053 D/RIL     (  608): onRequest: DATA_REGISTRATION_STATE, datalen = 0
06-20 10:55:43.053 I/RIL     (  608): RIL_CMD_PROXY_1 wakeup
06-20 10:55:43.053 D/RIL     (  608): radioState:4
06-20 10:55:43.053 I/RIL     (  608): RIL_CMD_PROXY_1 sleep
06-20 10:55:43.053 D/AT      (  608): AT send on RIL_CMD_READER_1, tid:1084949272
06-20 10:55:43.053 D/AT      (  608): AT> AT+CGREG?
06-20 10:55:43.053 I/RIL     (  608): RIL_CMD2_PROXY_1 wakeup
06-20 10:55:43.053 D/AT      (  608): AT+CGREG?
06-20 10:55:43.053 I/RIL     (  608): RIL_CMD2_PROXY_1 sleep
06-20 10:55:43.053 I/MUXD    (  331): [gsm0710muxd] 955:pseudo_device_read(): Enter
06-20 10:55:43.053 I/MUXD    (  331): [gsm0710muxd] 599:write_frame(): Sending frame to channel 3
06-20 10:55:43.053 I/MUXD    (  331): [gsm0710muxd] 677:write_frame(): Write a frame on channel 3 with length 10
06-20 10:55:43.054 I/MUXD    (  331): [gsm0710muxd] 1550:gsm0710_base_buffer_get_frame(): Get a complete frame. ch:3, ctrl:239, len:39
06-20 10:55:43.054 I/MUXD    (  331): [gsm0710muxd] 1550:gsm0710_base_buffer_get_frame(): Get a complete frame. ch:3, ctrl:239, len:6
06-20 10:55:43.054 D/AT      (  608): 
06-20 10:55:43.054 D/AT      (  608): +CGREG: 2, 1, "10B5", "00002F09", 3
06-20 10:55:43.054 D/AT      (  608): 
06-20 10:55:43.054 D/AT      (  608): OK
06-20 10:55:43.054 D/AT      (  608): AT< +CGREG: 2, 1, "10B5", "00002F09", 3
06-20 10:55:43.054 D/AT      (  608): RIL_CMD_READER_1:+CGREG: 2, 1, "10B5", "00002F09", 3
06-20 10:55:43.054 D/AT      (  608): RIL_CMD_READER_1 Enter processLine
06-20 10:55:43.054 D/AT      (  608): AT< OK
06-20 10:55:43.054 D/AT      (  608): RIL_CMD_READER_1:OK
06-20 10:55:43.054 D/AT      (  608): RIL_CMD_READER_1 Enter processLine
06-20 10:55:43.054 D/AT      (  608): response received on RIL_CMD_READER_1, tid:1084949272
06-20 10:55:43.054 E/RIL     (  608): The value in the field <stat> is 1.
06-20 10:55:43.054 E/RIL     (  608): The value in the field <lac> :1075374304
06-20 10:55:43.054 D/RIL     (  608): cid: 12041
06-20 10:55:43.054 E/RIL     (  608): The value of act: 3
06-20 10:55:43.054 D/AT      (  608): AT send on RIL_CMD_READER_1, tid:1084949272
06-20 10:55:43.054 D/AT      (  608): AT> AT+PSBEARER?
06-20 10:55:43.054 D/AT      (  608): AT+PSBEARER?
06-20 10:55:43.054 I/MUXD    (  331): [gsm0710muxd] 955:pseudo_device_read(): Enter
06-20 10:55:43.054 I/MUXD    (  331): [gsm0710muxd] 599:write_frame(): Sending frame to channel 3
06-20 10:55:43.054 I/MUXD    (  331): [gsm0710muxd] 677:write_frame(): Write a frame on channel 3 with length 13
06-20 10:55:43.054 I/MUXD    (  331): [gsm0710muxd] 1550:gsm0710_base_buffer_get_frame(): Get a complete frame. ch:3, ctrl:239, len:19
06-20 10:55:43.054 D/AT      (  608): 
06-20 10:55:43.054 D/AT      (  608): +PSBEARER: 2, 2
06-20 10:55:43.054 D/AT      (  608): AT< +PSBEARER: 2, 2
06-20 10:55:43.054 D/AT      (  608): RIL_CMD_READER_1:+PSBEARER: 2, 2
06-20 10:55:43.054 D/AT      (  608): RIL_CMD_READER_1 Enter processLine
06-20 10:55:43.054 I/MUXD    (  331): [gsm0710muxd] 1550:gsm0710_base_buffer_get_frame(): Get a complete frame. ch:3, ctrl:239, len:6
06-20 10:55:43.054 D/AT      (  608): 
06-20 10:55:43.054 D/AT      (  608): OK
06-20 10:55:43.054 D/AT      (  608): AT< OK
06-20 10:55:43.054 D/AT      (  608): RIL_CMD_READER_1:OK
06-20 10:55:43.054 D/AT      (  608): RIL_CMD_READER_1 Enter processLine
06-20 10:55:43.055 D/AT      (  608): response received on RIL_CMD_READER_1, tid:1084949272
06-20 10:55:43.055 E/RIL     (  608): rid: 0
06-20 10:55:43.055 D/RIL     (  608): RestrictedStateChanged: 0
06-20 10:55:43.055 I/RILC    (  608): RIL(1) UNSOLICITED: UNSOL_RESTRICTED_STATE_CHANGED length:16
06-20 10:55:43.055 I/RILC    (  608): 01 00 00 00 FF 03 00 00 01 00 00 00 00 00 00 00
06-20 10:55:43.055 I/RILC    (  608): RIL SOCKET RESPONSE: DATA_REGISTRATION_STATE length:80
06-20 10:55:43.055 I/RILC    (  608): 00 00 00 00 60 01 00 00 00 00 00 00 06 00 00 00
06-20 10:55:43.055 I/RILC    (  608): 01 00 00 00 31 00 00 00 04 00 00 00 31 00 30 00
06-20 10:55:43.055 I/RILC    (  608): 62 00 35 00 00 00 00 00 04 00 00 00 32 00 66 00
06-20 10:55:43.055 I/RILC    (  608): 30 00 39 00 00 00 00 00 01 00 00 00 32 00 00 00
06-20 10:55:43.055 I/RILC    (  608): 01 00 00 00 32 00 00 00 01 00 00 00 32 00 00 00
06-20 10:55:43.055 I/RIL     (  608): RIL_CMD_PROXY_3 sleep
06-20 10:55:43.055 D/RILJ    (  792):  RIL(1) :[0354]> QUERY_NETWORK_SELECTION_MODE
06-20 10:55:43.055 I/RILC    (  608): RIL(1) SOCKET REQUEST: VOICE_REGISTRATION_STATE length:8
06-20 10:55:43.055 I/RILC    (  608): 14 00 00 00 61 01 00 00 02 00 00 00 03 00 00 00
06-20 10:55:43.055 D/RILC    (  608): New command received from RIL(1)
06-20 10:55:43.055 D/RIL     (  608): VOICE_REGISTRATION_STATE dispatched to RIL_CMD_PROXY_3
06-20 10:55:43.055 I/RIL     (  608): RIL_CMD_PROXY_1 wakeup
06-20 10:55:43.055 I/RIL     (  608): RIL_CMD_PROXY_1 sleep
06-20 10:55:43.055 I/RIL     (  608): RIL_CMD2_PROXY_3 wakeup
06-20 10:55:43.055 I/RIL     (  608): RIL_CMD2_PROXY_3 sleep
06-20 10:55:43.055 I/RIL     (  608): RIL_ATCI_PROXY wakeup
06-20 10:55:43.055 I/RIL     (  608): RIL_ATCI_PROXY sleep
06-20 10:55:43.055 I/RIL     (  608): RIL_CMD_PROXY_2 wakeup
06-20 10:55:43.055 I/RIL     (  608): RIL_CMD_PROXY_2 sleep
06-20 10:55:43.055 I/RIL     (  608): RIL_CMD2_PROXY_2 wakeup
06-20 10:55:43.055 I/RIL     (  608): RIL_CMD2_PROXY_2 sleep
06-20 10:55:43.055 I/RIL     (  608): RIL_CMD2_PROXY_4 wakeup
06-20 10:55:43.055 I/RIL     (  608): RIL_CMD2_PROXY_4 sleep
06-20 10:55:43.055 I/RIL     (  608): RIL_CMD_PROXY_4 wakeup
06-20 10:55:43.055 I/RIL     (  608): RIL_CMD_PROXY_4 sleep
06-20 10:55:43.055 I/RIL     (  608): RIL_URC_PROXY wakeup
06-20 10:55:43.055 I/RIL     (  608): RIL_URC_PROXY sleep
06-20 10:55:43.055 I/RIL     (  608): RIL_ATCI2_PROXY wakeup
06-20 10:55:43.055 I/RIL     (  608): RIL_ATCI2_PROXY sleep
06-20 10:55:43.055 I/RIL     (  608): RIL_URC2_PROXY wakeup
06-20 10:55:43.056 I/RIL     (  608): RIL_URC2_PROXY sleep
06-20 10:55:43.056 I/RIL     (  608): RIL_CMD_PROXY_3 wakeup
06-20 10:55:43.056 I/RIL     (  608): RIL_CMD2_PROXY_1 wakeup
06-20 10:55:43.056 D/RIL     (  608): VOICE_REGISTRATION_STATE execute on RIL_CMD_PROXY_3 using channel 1
06-20 10:55:43.056 I/RIL     (  608): RIL_CMD2_PROXY_1 sleep
06-20 10:55:43.056 D/RIL     (  608): onRequest: VOICE_REGISTRATION_STATE, datalen = 0
06-20 10:55:43.056 D/RIL     (  608): radioState:4
06-20 10:55:43.056 D/AT      (  608): AT send on RIL_CMD_READER_1, tid:1084949272
06-20 10:55:43.056 D/AT      (  608): AT> AT+CREG?
06-20 10:55:43.056 D/AT      (  608): AT+CREG?
06-20 10:55:43.056 I/MUXD    (  331): [gsm0710muxd] 955:pseudo_device_read(): Enter
06-20 10:55:43.056 I/MUXD    (  331): [gsm0710muxd] 599:write_frame(): Sending frame to channel 3
06-20 10:55:43.056 I/MUXD    (  331): [gsm0710muxd] 677:write_frame(): Write a frame on channel 3 with length 9
06-20 10:55:43.056 I/MUXD    (  331): [gsm0710muxd] 1550:gsm0710_base_buffer_get_frame(): Get a complete frame. ch:3, ctrl:239, len:34
06-20 10:55:43.056 I/MUXD    (  331): [gsm0710muxd] 1550:gsm0710_base_buffer_get_frame(): Get a complete frame. ch:3, ctrl:239, len:6
06-20 10:55:43.056 D/AT      (  608): 
06-20 10:55:43.056 D/AT      (  608): +CREG: 2,1,"10B5","0000591E",3
06-20 10:55:43.056 D/AT      (  608): AT< +CREG: 2,1,"10B5","0000591E",3
06-20 10:55:43.056 D/AT      (  608): RIL_CMD_READER_1:+CREG: 2,1,"10B5","0000591E",3
06-20 10:55:43.056 D/AT      (  608): RIL_CMD_READER_1 Enter processLine
06-20 10:55:43.056 D/AT      (  608): 
06-20 10:55:43.056 D/AT      (  608): OK
06-20 10:55:43.056 D/AT      (  608): AT< OK
06-20 10:55:43.056 D/AT      (  608): RIL_CMD_READER_1:OK
06-20 10:55:43.056 D/AT      (  608): RIL_CMD_READER_1 Enter processLine
06-20 10:55:43.056 D/AT      (  608): response received on RIL_CMD_READER_1, tid:1084949272
06-20 10:55:43.056 E/RIL     (  608): The value in the field <stat> is 1.
06-20 10:55:43.056 E/RIL     (  608): The value in the field <lac> :2
06-20 10:55:43.056 D/RIL     (  608): cid: 22814
06-20 10:55:43.056 E/RIL     (  608): The value of act: 3
06-20 10:55:43.056 E/RIL     (  608): rid: 0
06-20 10:55:43.056 D/RIL     (  608): RestrictedStateChanged: 0
06-20 10:55:43.056 I/RILC    (  608): RIL(1) UNSOLICITED: UNSOL_RESTRICTED_STATE_CHANGED length:16
06-20 10:55:43.057 I/RILC    (  608): 01 00 00 00 FF 03 00 00 01 00 00 00 00 00 00 00
06-20 10:55:43.057 I/RILC    (  608): RIL SOCKET RESPONSE: VOICE_REGISTRATION_STATE length:64
06-20 10:55:43.057 I/RILC    (  608): 00 00 00 00 61 01 00 00 00 00 00 00 04 00 00 00
06-20 10:55:43.057 I/RILC    (  608): 01 00 00 00 31 00 00 00 04 00 00 00 31 00 30 00
06-20 10:55:43.057 I/RILC    (  608): 62 00 35 00 00 00 00 00 04 00 00 00 35 00 39 00
06-20 10:55:43.057 I/RILC    (  608): 31 00 65 00 00 00 00 00 01 00 00 00 32 00 00 00
06-20 10:55:43.057 I/RIL     (  608): RIL_CMD_PROXY_3 sleep
06-20 10:55:43.058 D/GSM     (  792): [GsmSST0] EVENT_RESTRICTED_STATE_CHANGED
06-20 10:55:43.058 D/RILJ    (  792):  RIL(1) :[0350]< QUERY_NETWORK_SELECTION_MODE {0}
06-20 10:55:43.058 I/RILC    (  608): RIL(1) SOCKET REQUEST: QUERY_NETWORK_SELECTION_MODE length:8
06-20 10:55:43.058 I/RILC    (  608): 2D 00 00 00 62 01 00 00 02 00 00 00 03 00 00 00
06-20 10:55:43.058 D/RILC    (  608): New command received from RIL(1)
06-20 10:55:43.058 D/RIL     (  608): QUERY_NETWORK_SELECTION_MODE dispatched to RIL_CMD_PROXY_3
06-20 10:55:43.058 I/RIL     (  608): RIL_CMD_PROXY_1 wakeup
06-20 10:55:43.058 I/RIL     (  608): RIL_CMD_PROXY_1 sleep
06-20 10:55:43.058 I/RIL     (  608): RIL_CMD2_PROXY_3 wakeup
06-20 10:55:43.058 I/RIL     (  608): RIL_CMD2_PROXY_3 sleep
06-20 10:55:43.058 I/RIL     (  608): RIL_ATCI_PROXY wakeup
06-20 10:55:43.058 I/RIL     (  608): RIL_ATCI_PROXY sleep
06-20 10:55:43.058 I/RIL     (  608): RIL_CMD_PROXY_2 wakeup
06-20 10:55:43.058 I/RIL     (  608): RIL_CMD_PROXY_2 sleep
06-20 10:55:43.058 I/RIL     (  608): RIL_CMD2_PROXY_4 wakeup
06-20 10:55:43.058 I/RIL     (  608): RIL_CMD2_PROXY_4 sleep
06-20 10:55:43.058 I/RIL     (  608): RIL_CMD2_PROXY_2 wakeup
06-20 10:55:43.058 I/RIL     (  608): RIL_CMD2_PROXY_2 sleep
06-20 10:55:43.058 I/RIL     (  608): RIL_URC_PROXY wakeup
06-20 10:55:43.058 I/RIL     (  608): RIL_URC_PROXY sleep
06-20 10:55:43.058 I/RIL     (  608): RIL_CMD_PROXY_4 wakeup
06-20 10:55:43.058 I/RIL     (  608): RIL_CMD_PROXY_4 sleep
06-20 10:55:43.058 I/RIL     (  608): RIL_ATCI2_PROXY wakeup
06-20 10:55:43.058 I/RIL     (  608): RIL_ATCI2_PROXY sleep
06-20 10:55:43.058 D/RILJ    (  792):  RIL(1) :lookup RIL responseOperator()
06-20 10:55:43.058 I/RIL     (  608): RIL_URC2_PROXY wakeup
06-20 10:55:43.058 I/RIL     (  608): RIL_URC2_PROXY sleep
06-20 10:55:43.058 I/RIL     (  608): RIL_CMD2_PROXY_1 wakeup
06-20 10:55:43.058 I/RIL     (  608): RIL_CMD2_PROXY_1 sleep
06-20 10:55:43.058 I/RIL     (  608): RIL_CMD_PROXY_3 wakeup
06-20 10:55:43.058 D/RIL     (  608): QUERY_NETWORK_SELECTION_MODE execute on RIL_CMD_PROXY_3 using channel 1
06-20 10:55:43.058 D/RIL     (  608): onRequest: QUERY_NETWORK_SELECTION_MODE, datalen = 0
06-20 10:55:43.058 D/GSM     (  792): [SIMRecords] [SIM0]getSpNameInEfSpn(): null
06-20 10:55:43.058 D/RIL     (  608): radioState:4
06-20 10:55:43.058 D/AT      (  608): AT send on RIL_CMD_READER_1, tid:1084949272
06-20 10:55:43.058 D/AT      (  608): AT> AT+COPS?
06-20 10:55:43.058 D/AT      (  608): AT+COPS?
06-20 10:55:43.058 D/RILJ    (  792):  RIL(1) :the result of searching mvnoOperName by EF_SPN: null
06-20 10:55:43.058 I/MUXD    (  331): [gsm0710muxd] 955:pseudo_device_read(): Enter
06-20 10:55:43.058 I/MUXD    (  331): [gsm0710muxd] 599:write_frame(): Sending frame to channel 3
06-20 10:55:43.058 D/GSM     (  792): [GsmSST0] onRestrictedStateChanged: E rs Restricted State CS: none PS:false
06-20 10:55:43.059 I/MUXD    (  331): [gsm0710muxd] 677:write_frame(): Write a frame on channel 3 with length 9
06-20 10:55:43.059 D/GSM     (  792): [SIMRecords] [SIM0]getIMSI: 460001500827465
06-20 10:55:43.059 D/GSM     (  792): [GsmSST0] [DSAC DEB] new rs Restricted State CS: none PS:false
06-20 10:55:43.059 D/GSM     (  792): [GsmSST0] onRestrictedStateChanged: X rs Restricted State CS: none PS:false
06-20 10:55:43.059 I/MUXD    (  331): [gsm0710muxd] 1550:gsm0710_base_buffer_get_frame(): Get a complete frame. ch:3, ctrl:239, len:22
06-20 10:55:43.059 D/AT      (  608): 
06-20 10:55:43.059 D/AT      (  608): +COPS: 0,2,"46000"
06-20 10:55:43.059 I/MUXD    (  331): [gsm0710muxd] 1550:gsm0710_base_buffer_get_frame(): Get a complete frame. ch:3, ctrl:239, len:6
06-20 10:55:43.059 D/AT      (  608): AT< +COPS: 0,2,"46000"
06-20 10:55:43.059 D/AT      (  608): RIL_CMD_READER_1:+COPS: 0,2,"46000"
06-20 10:55:43.059 D/AT      (  608): RIL_CMD_READER_1 Enter processLine
06-20 10:55:43.059 D/AT      (  608): 
06-20 10:55:43.059 D/AT      (  608): OK
06-20 10:55:43.059 D/AT      (  608): AT< OK
06-20 10:55:43.059 D/AT      (  608): RIL_CMD_READER_1:OK
06-20 10:55:43.059 D/AT      (  608): RIL_CMD_READER_1 Enter processLine
06-20 10:55:43.059 D/AT      (  608): response received on RIL_CMD_READER_1, tid:1084949272
06-20 10:55:43.059 W/GSM     (  792): getSpnByImsi(): imsi = 460001500827465, index = 8, length = 2, pattern = 67
06-20 10:55:43.059 I/RILC    (  608): RIL SOCKET RESPONSE: QUERY_NETWORK_SELECTION_MODE length:20
06-20 10:55:43.059 I/RILC    (  608): 00 00 00 00 62 01 00 00 00 00 00 00 01 00 00 00
06-20 10:55:43.059 I/RILC    (  608): 00 00 00 00 31 00 00 00 10 00 00 00 13 00 00 00
06-20 10:55:43.059 D/RILJ    (  792):  RIL(1) :the result of searching mvnoOperName by IMSI: null
06-20 10:55:43.059 I/RIL     (  608): RIL_CMD_PROXY_3 sleep
06-20 10:55:43.059 D/GSM     (  792): [GsmSST0] EVENT_RESTRICTED_STATE_CHANGED
06-20 10:55:43.059 D/GSM     (  792): [SIMRecords] [SIM0]getFirstFullNameInEfPnn(): empty
06-20 10:55:43.059 D/RILJ    (  792):  RIL(1) :the result of searching mvnoOperName by EF_PNN: null
06-20 10:55:43.059 D/GSM     (  792): [GsmSST0] onRestrictedStateChanged: E rs Restricted State CS: none PS:false
06-20 10:55:43.059 D/GSM     (  792): [GsmSST0] [DSAC DEB] new rs Restricted State CS: none PS:false
06-20 10:55:43.059 D/GSM     (  792): [SIMRecords] [SIM0]getSpNameInEfSpn(): null
06-20 10:55:43.059 D/GSM     (  792): [GsmSST0] onRestrictedStateChanged: X rs Restricted State CS: none PS:false
06-20 10:55:43.059 D/RILJ    (  792):  RIL(1) :the result of searching mvnoOperName by EF_SPN: null
06-20 10:55:43.059 D/GSM     (  792): [SIMRecords] [SIM0]getIMSI: 460001500827465
06-20 10:55:43.059 W/GSM     (  792): getSpnByImsi(): imsi = 460001500827465, index = 8, length = 2, pattern = 67
06-20 10:55:43.059 D/RILJ    (  792):  RIL(1) :the result of searching mvnoOperName by IMSI: null
06-20 10:55:43.059 D/GSM     (  792): [SIMRecords] [SIM0]getFirstFullNameInEfPnn(): empty
06-20 10:55:43.060 D/RILJ    (  792):  RIL(1) :the result of searching mvnoOperName by EF_PNN: null
06-20 10:55:43.060 D/RILJ    (  792):  RIL(1) :[0351]< OPERATOR {, CMCC, 46000}
06-20 10:55:43.060 D/GSM     (  792): [GsmSST0] long: short:CMCC numeric:46000
06-20 10:55:43.060 V/RILJ    (  792):  RIL(1) :[UNSL RIL]< UNSOL_RESTRICTED_STATE_CHANGED {0}
06-20 10:55:43.060 D/GSM     (  792): [GsmSST0] EVENT_RESTRICTED_STATE_CHANGED
06-20 10:55:43.060 D/GSM     (  792): [GsmSST0] onRestrictedStateChanged: E rs Restricted State CS: none PS:false
06-20 10:55:43.060 D/GSM     (  792): [GsmSST0] [DSAC DEB] new rs Restricted State CS: none PS:false
06-20 10:55:43.060 D/RILJ    (  792):  RIL(1) :[0352]< DATA_REGISTRATION_STATE {1, 10b5, 2f09, 2, 2, 2}
06-20 10:55:43.060 D/GSM     (  792): [GsmSST0] onRestrictedStateChanged: X rs Restricted State CS: none PS:false
06-20 10:55:43.060 D/GSM     (  792): [GsmSST0] <cell_data_speed_support> 2
06-20 10:55:43.060 V/RILJ    (  792):  RIL(1) :[UNSL RIL]< UNSOL_RESTRICTED_STATE_CHANGED {0}
06-20 10:55:43.060 D/GSM     (  792): [GsmSST0] <max_data_bearer_capability> 2
06-20 10:55:43.060 D/GSM     (  792): numeric:46000mccmnc:46000
06-20 10:55:43.060 D/GSM     (  792): [GsmSST0] EVENT_RESTRICTED_STATE_CHANGED
06-20 10:55:43.061 D/RILJ    (  792):  RIL(1) :[0353]< VOICE_REGISTRATION_STATE {1, 10b5, 591e, 2}
06-20 10:55:43.061 D/GSM     (  792): [GsmSST0] onRestrictedStateChanged: E rs Restricted State CS: none PS:false
06-20 10:55:43.061 D/GSM     (  792): [GsmSST0] [DSAC DEB] new rs Restricted State CS: none PS:false
06-20 10:55:43.061 D/GSM     (  792): [GsmSST0] onRestrictedStateChanged: X rs Restricted State CS: none PS:false
06-20 10:55:43.061 D/RILJ    (  792):  RIL(1) :[0354]< QUERY_NETWORK_SELECTION_MODE {0}
06-20 10:55:43.061 D/GSM     (  792): [GsmSST0] EVENT_POLL_STATE_REGISTRATION cs_networkTyp:2,regState:1,mNewRadioTechnology:2,lac:4277,cid:22814
06-20 10:55:43.061 D/GSM     (  792): numeric:46000mccmnc:46000
06-20 10:55:43.061 D/GSM     (  792): [GsmSST0] states.length > 3
06-20 10:55:43.061 D/GSM     (  792): [GsmSST0] Poll ServiceState done:  oldSS=[SIM1 0 home  CMCC 46000  EDGE CSS not supported -1 -1 RoamInd=-1 DefRoamInd=-1 EmergOnly=false Regist state: 1] newSS=[SIM1 0 home  CMCC 46000  EDGE CSS not supported -1 -1 RoamInd=-1 DefRoamInd=-1 EmergOnly=false Regist state: 1] oldGprs=0 newData=0 oldMaxDataCalls=1 mNewMaxDataCalls=1 oldReasonDataDenied=-1 mNewReasonDataDenied=-1 oldType=EDGE newType=EDGE oldGprsType=2 newGprsType=2
06-20 10:55:43.061 D/GSM     (  792): [GsmSST0] The two counts have been reset to 0
06-20 10:55:43.061 D/GSM     (  792): [GsmSST0] pollStateDone,hasRegistered:false,hasDeregistered:false,hasGprsAttached:false,hasPSNetworkTypeChanged:false,hasRadioTechnologyChanged:false,hasChanged:false,hasRoamingOn:false,hasRoamingOff:false,hasLocationChanged:true,hasRegStateChanged:false,hasLacChanged:false
06-20 10:55:43.070 D/PHONE   (  792): [GeminiPhone] isSimInsert[0]: true
06-20 10:55:43.073 D/GSM     (  792): [SIMRecords] [SIM0]getIMSI: 460001500827465
06-20 10:55:43.076 D/PHONE   (  792): [GeminiPhone] isSimInsert[0]: true
06-20 10:55:43.077 D/PHONE   (  792): [GeminiPhone] isSimInsert[0]: true
06-20 10:55:43.747 D/GSM     (  792): [SIMRecords] [SIM0]getIMSI: 460001500827465
06-20 10:55:43.756 D/GSM     (  792): [SIMRecords] [SIM0]getIMSI: 460001500827465
06-20 10:55:44.889 I/MUXD    (  331): [gsm0710muxd] 3488:main(): Frames received/dropped: 1393/0
06-20 10:55:45.216 D/PHONE   (  740): [SimInfoManager][getInsertedSimInfoList]+
06-20 10:55:45.223 D/PHONE   (  740): [SimInfoManager][fromCursor] iccid:898600580111f0019191 slot:0 id:2 displayName:-Chris color:2 operator:OP01
06-20 10:55:45.225 D/PHONE   (  740): [SimInfoManager][getInsertedSimInfoList]- 1 infos return
06-20 10:55:45.228 D/PHONE   (  638): [SIMInfo][getSlotById]
06-20 10:55:45.228 D/PHONE   (  638): [SimInfoManagerAdp][getSlotByIdAdp]
06-20 10:55:45.228 D/PHONE   (  638): [SimInfoManager][getSlotById]+ simInfoId:2
06-20 10:55:45.234 D/PHONE   (  638): [SimInfoManager][getSlotById]- sim in slot:0
06-20 10:55:45.246 D/PHONE   (  638): [SIMInfo][getIdBySlot]
06-20 10:55:45.246 D/PHONE   (  638): [SimInfoManagerAdp][getIdBySlotAdp]
06-20 10:55:45.246 D/PHONE   (  638): [SimInfoManager][getIdBySlot]+ simSlotId:0
06-20 10:55:45.246 D/PHONE   (  638): [SimInfoManager][getSimInfoBySlot]+ simSlotId:0
06-20 10:55:45.251 D/PHONE   (  638): [SimInfoManager][getSimInfoBySlot]- Info detail:
06-20 10:55:45.252 D/PHONE   (  638): [SimInfoManager][fromCursor] iccid:898600580111f0019191 slot:0 id:2 displayName:-Chris color:2 operator:OP01
06-20 10:55:45.254 D/PHONE   (  638): [SimInfoManager][getIdBySlot]- simInfoId:2
06-20 10:55:45.260 D/GSM     (  792): [GsmSST0] Data Connection Sim Setting changed
06-20 10:55:45.261 D/PHONE   (  792): [SIMInfo][getSlotById]
06-20 10:55:45.261 D/PHONE   (  792): [SimInfoManagerAdp][getSlotByIdAdp]
06-20 10:55:45.261 D/PHONE   (  792): [SimInfoManager][getSlotById]+ simInfoId:2
06-20 10:55:45.268 D/PHONE   (  792): [SimInfoManager][getSlotById]- sim in slot:0
06-20 10:55:45.270 D/GSM     (  792): [SIMRecords] [SIM0]getIMSI: 460001500827465
06-20 10:55:45.271 D/GSM     (  792): [GsmSST0] Default Data Setting value=0
06-20 10:55:45.271 D/RILJ    (  792):  RIL(1) :[0355]> OEM_HOOK_STRINGS
06-20 10:55:45.272 D/PHONE   (  792): [GeminiDataSubUtil] gemini enableApnTypeGemini():type=default,simId=0,powerOff=false
06-20 10:55:45.272 D/PHONE   (  792): [GeminiDataSubUtil] enableApnTypeGemini(): activeModem=0, current_use_sim_id=0, request_use_gprs_sim_id=-1
06-20 10:55:45.272 D/PHONE   (  792): [GeminiDataConnAc-1]: rspIsIdleDeacting=false
06-20 10:55:45.272 D/PHONE   (  792): [GeminiDataSubUtil] enableApnTypeGemini(): current_use_sim_id equals request SIM ID.
06-20 10:55:45.273 D/GSM     (  792): [GsmSST0] getEINFO for EMMRRS
06-20 10:55:45.273 D/PHONE   (  792): [GeminiDC-1] GeminiDcActingState: REQ_CONNECT/EVENT_CONNECT(278528) type=default
06-20 10:55:45.273 D/GSM     (  792): [GsmSST1] Data Connection Sim Setting changed
06-20 10:55:45.274 D/PHONE   (  792): [SIMInfo][getSlotById]
