06-20 10:55:42.388 D/AT      (  608): RIL_CMD2_READER_1:OK
06-20 10:55:42.388 D/AT      (  608): RIL_CMD2_READER_1 Enter processLine
06-20 10:55:42.388 D/AT      (  608): response received on RIL_CMD2_READER_1, tid:1084949656
06-20 10:55:42.388 D/AT      (  608): AT send on RIL_CMD2_READER_1, tid:1084949656
06-20 10:55:42.388 D/AT      (  608): AT> AT+GPLMN=1
06-20 10:55:42.388 D/AT      (  608): AT+GPLMN=1
06-20 10:55:42.388 I/MUXD    (  331): [gsm0710muxd] 955:pseudo_device_read(): Enter
06-20 10:55:42.388 I/MUXD    (  331): [gsm0710muxd] 599:write_frame(): Sending frame to channel 8
06-20 10:55:42.388 I/MUXD    (  331): [gsm0710muxd] 677:write_frame(): Write a frame on channel 8 with length 11
06-20 10:55:42.389 I/RILC    (  608): RIL(1) SOCKET REQUEST: VOICE_REGISTRATION_STATE length:8
06-20 10:55:42.389 I/RILC    (  608): 14 00 00 00 54 01 00 00 01 00 00 00 01 00 00 00
06-20 10:55:42.389 D/RILC    (  608): New command received from RIL(1)
06-20 10:55:42.389 D/RIL     (  608): 1:OPERATOR is queued in RIL_CMD_PROXY_3
06-20 10:55:42.389 D/RIL     (  608): 2:DATA_REGISTRATION_STATE is queued in RIL_CMD_PROXY_3
06-20 10:55:42.389 D/RILC    (  608): RIL_CMD_PROXY_3 is busy. VOICE_REGISTRATION_STATE queued. total:3 requests pending
06-20 10:55:42.389 D/RILJ    (  792):  RIL(1) :[0341]> QUERY_NETWORK_SELECTION_MODE
06-20 10:55:42.390 I/RILC    (  608): RIL(1) SOCKET REQUEST: QUERY_NETWORK_SELECTION_MODE length:8
06-20 10:55:42.390 I/RILC    (  608): 2D 00 00 00 55 01 00 00 01 00 00 00 01 00 00 00
06-20 10:55:42.390 D/RILC    (  608): New command received from RIL(1)
06-20 10:55:42.390 D/RIL     (  608): 1:OPERATOR is queued in RIL_CMD_PROXY_3
06-20 10:55:42.390 D/RIL     (  608): 2:DATA_REGISTRATION_STATE is queued in RIL_CMD_PROXY_3
06-20 10:55:42.390 D/RIL     (  608): 3:VOICE_REGISTRATION_STATE is queued in RIL_CMD_PROXY_3
06-20 10:55:42.390 D/RILC    (  608): RIL_CMD_PROXY_3 is busy. QUERY_NETWORK_SELECTION_MODE queued. total:4 requests pending
06-20 10:55:42.391 D/GSM     (  792): [GsmSST0] BroadcastReceiver: android.intent.action.SCREEN_ON
06-20 10:55:42.391 D/GSM     (  792): [GsmSST0] ACTION_SCREEN_ON
06-20 10:55:42.391 D/GSM     (  792): [GsmSST0] cm.getRadioState() is SIM_READY
06-20 10:55:42.391 D/RILJ    (  792):  RIL(1) :[0342]> OPERATOR
06-20 10:55:42.392 I/RILC    (  608): RIL(1) SOCKET REQUEST: OPERATOR length:8
06-20 10:55:42.392 I/RILC    (  608): 16 00 00 00 56 01 00 00 01 00 00 00 01 00 00 00
06-20 10:55:42.392 D/RILC    (  608): New command received from RIL(1)
06-20 10:55:42.392 D/RIL     (  608): 1:OPERATOR is queued in RIL_CMD_PROXY_3
06-20 10:55:42.392 D/RIL     (  608): 2:DATA_REGISTRATION_STATE is queued in RIL_CMD_PROXY_3
06-20 10:55:42.392 D/RIL     (  608): 3:VOICE_REGISTRATION_STATE is queued in RIL_CMD_PROXY_3
06-20 10:55:42.392 D/RIL     (  608): 4:QUERY_NETWORK_SELECTION_MODE is queued in RIL_CMD_PROXY_3
06-20 10:55:42.392 D/RILC    (  608): RIL_CMD_PROXY_3 is busy. OPERATOR queued. total:5 requests pending
06-20 10:55:42.392 D/RILJ    (  792):  RIL(1) :[0343]> DATA_REGISTRATION_STATE
06-20 10:55:42.393 I/RILC    (  608): RIL(1) SOCKET REQUEST: DATA_REGISTRATION_STATE length:8
06-20 10:55:42.393 I/RILC    (  608): 15 00 00 00 57 01 00 00 01 00 00 00 01 00 00 00
06-20 10:55:42.393 D/RILC    (  608): New command received from RIL(1)
06-20 10:55:42.393 D/RIL     (  608): 1:OPERATOR is queued in RIL_CMD_PROXY_3
06-20 10:55:42.393 D/RIL     (  608): 2:DATA_REGISTRATION_STATE is queued in RIL_CMD_PROXY_3
06-20 10:55:42.393 D/RIL     (  608): 3:VOICE_REGISTRATION_STATE is queued in RIL_CMD_PROXY_3
06-20 10:55:42.393 D/RIL     (  608): 4:QUERY_NETWORK_SELECTION_MODE is queued in RIL_CMD_PROXY_3
06-20 10:55:42.393 D/RIL     (  608): 5:OPERATOR is queued in RIL_CMD_PROXY_3
06-20 10:55:42.393 D/RILC    (  608): RIL_CMD_PROXY_3 is busy. DATA_REGISTRATION_STATE queued. total:6 requests pending
06-20 10:55:42.393 D/RILJ    (  792):  RIL(1) :[0344]> VOICE_REGISTRATION_STATE
06-20 10:55:42.393 I/MUXD    (  331): [gsm0710muxd] 1550:gsm0710_base_buffer_get_frame(): Get a complete frame. ch:3, ctrl:239, len:19
06-20 10:55:42.393 D/AT      (  608): 
06-20 10:55:42.393 D/AT      (  608): +CME ERROR: 100
06-20 10:55:42.393 D/AT      (  608): AT< +CME ERROR: 100
06-20 10:55:42.393 D/AT      (  608): RIL_CMD_READER_1:+CME ERROR: 100
06-20 10:55:42.393 D/AT      (  608): RIL_CMD_READER_1 Enter processLine
06-20 10:55:42.393 D/AT      (  608): response received on RIL_CMD_READER_1, tid:1084949272
06-20 10:55:42.393 W/RIL     (  608): There is something wrong with the exectution of AT+GPLMN=1
06-20 10:55:42.393 I/RILC    (  608): RIL SOCKET RESPONSE: SCREEN_STATE length:12
06-20 10:55:42.393 I/RILC    (  608): 00 00 00 00 50 01 00 00 00 00 00 00 13 00 00 00
06-20 10:55:42.393 D/RIL     (  608): OPERATOR execute on RIL_CMD_PROXY_3 using channel 1
06-20 10:55:42.393 D/RIL     (  608): onRequest: OPERATOR, datalen = 0
06-20 10:55:42.393 D/RIL     (  608): radioState:4
06-20 10:55:42.393 D/AT      (  608): AT send on RIL_CMD_READER_1, tid:1084949272
06-20 10:55:42.393 D/AT      (  608): AT> AT+COPS?
06-20 10:55:42.393 D/AT      (  608): AT+COPS?
06-20 10:55:42.394 I/MUXD    (  331): [gsm0710muxd] 955:pseudo_device_read(): Enter
06-20 10:55:42.394 I/MUXD    (  331): [gsm0710muxd] 599:write_frame(): Sending frame to channel 3
06-20 10:55:42.394 I/MUXD    (  331): [gsm0710muxd] 677:write_frame(): Write a frame on channel 3 with length 9
06-20 10:55:42.394 I/MUXD    (  331): [gsm0710muxd] 1550:gsm0710_base_buffer_get_frame(): Get a complete frame. ch:8, ctrl:239, len:19
06-20 10:55:42.394 D/AT      (  608): 
06-20 10:55:42.394 D/AT      (  608): +CME ERROR: 100
06-20 10:55:42.394 D/AT      (  608): AT< +CME ERROR: 100
06-20 10:55:42.394 D/AT      (  608): RIL_CMD2_READER_1:+CME ERROR: 100
06-20 10:55:42.394 D/AT      (  608): RIL_CMD2_READER_1 Enter processLine
06-20 10:55:42.394 D/AT      (  608): response received on RIL_CMD2_READER_1, tid:1084949656
06-20 10:55:42.394 W/RIL     (  608): There is something wrong with the exectution of AT+GPLMN=1
06-20 10:55:42.394 I/RILC    (  608): RIL SOCKET RESPONSE: SCREEN_STATE length:12
06-20 10:55:42.394 I/RILC    (  608): 00 00 00 00 51 01 00 00 00 00 00 00 13 00 00 00
06-20 10:55:42.394 I/RIL     (  608): RIL_CMD2_PROXY_3 sleep
06-20 10:55:42.394 D/RILJ    (  792):  RIL(2) :[0337]< SCREEN_STATE 
06-20 10:55:42.394 D/RILJ    (  792):  RIL(1) :[0336]< SCREEN_STATE 
06-20 10:55:42.395 I/RILC    (  608): RIL(1) SOCKET REQUEST: VOICE_REGISTRATION_STATE length:8
06-20 10:55:42.395 I/RILC    (  608): 14 00 00 00 58 01 00 00 01 00 00 00 01 00 00 00
06-20 10:55:42.395 D/RILC    (  608): New command received from RIL(1)
06-20 10:55:42.395 D/RIL     (  608): 1:DATA_REGISTRATION_STATE is queued in RIL_CMD_PROXY_3
06-20 10:55:42.395 D/RIL     (  608): 2:VOICE_REGISTRATION_STATE is queued in RIL_CMD_PROXY_3
06-20 10:55:42.395 D/RIL     (  608): 3:QUERY_NETWORK_SELECTION_MODE is queued in RIL_CMD_PROXY_3
06-20 10:55:42.395 D/RIL     (  608): 4:OPERATOR is queued in RIL_CMD_PROXY_3
06-20 10:55:42.395 D/RIL     (  608): 5:DATA_REGISTRATION_STATE is queued in RIL_CMD_PROXY_3
06-20 10:55:42.395 D/RILC    (  608): RIL_CMD_PROXY_3 is busy. VOICE_REGISTRATION_STATE queued. total:6 requests pending
06-20 10:55:42.396 D/RILJ    (  792):  RIL(1) :[0345]> QUERY_NETWORK_SELECTION_MODE
06-20 10:55:42.399 I/MUXD    (  331): [gsm0710muxd] 1550:gsm0710_base_buffer_get_frame(): Get a complete frame. ch:3, ctrl:239, len:22
06-20 10:55:42.399 D/AT      (  608): 
06-20 10:55:42.399 D/AT      (  608): +COPS: 0,2,"46000"
06-20 10:55:42.399 D/AT      (  608): AT< +COPS: 0,2,"46000"
06-20 10:55:42.399 D/AT      (  608): RIL_CMD_READER_1:+COPS: 0,2,"46000"
06-20 10:55:42.399 D/AT      (  608): RIL_CMD_READER_1 Enter processLine
06-20 10:55:42.399 I/MUXD    (  331): [gsm0710muxd] 1550:gsm0710_base_buffer_get_frame(): Get a complete frame. ch:3, ctrl:239, len:6
06-20 10:55:42.399 D/AT      (  608): 
06-20 10:55:42.399 D/AT      (  608): OK
06-20 10:55:42.399 D/AT      (  608): AT< OK
06-20 10:55:42.399 D/AT      (  608): RIL_CMD_READER_1:OK
06-20 10:55:42.399 D/AT      (  608): RIL_CMD_READER_1 Enter processLine
06-20 10:55:42.399 D/AT      (  608): response received on RIL_CMD_READER_1, tid:1084949272
06-20 10:55:42.399 D/RIL     (  608): Get operator code 46000
06-20 10:55:42.399 D/RIL     (  608): Get ril_nw_nitzName_mutex in the getOperatorNamesFromNumericCode
06-20 10:55:42.399 I/RILC    (  608): RIL SOCKET RESPONSE: OPERATOR length:64
06-20 10:55:42.399 I/RILC    (  608): 00 00 00 00 52 01 00 00 00 00 00 00 03 00 00 00
06-20 10:55:42.399 I/RILC    (  608): 05 00 00 00 34 00 36 00 30 00 30 00 30 00 00 00
06-20 10:55:42.399 I/RILC    (  608): 05 00 00 00 34 00 36 00 30 00 30 00 30 00 00 00
06-20 10:55:42.399 I/RILC    (  608): 05 00 00 00 34 00 36 00 30 00 30 00 30 00 00 00
06-20 10:55:42.399 D/RIL     (  608): DATA_REGISTRATION_STATE execute on RIL_CMD_PROXY_3 using channel 1
06-20 10:55:42.399 D/RIL     (  608): onRequest: DATA_REGISTRATION_STATE, datalen = 0
06-20 10:55:42.399 D/RIL     (  608): radioState:4
06-20 10:55:42.399 D/AT      (  608): AT send on RIL_CMD_READER_1, tid:1084949272
06-20 10:55:42.399 D/AT      (  608): AT> AT+CGREG?
06-20 10:55:42.399 D/AT      (  608): AT+CGREG?
06-20 10:55:42.399 I/MUXD    (  331): [gsm0710muxd] 955:pseudo_device_read(): Enter
06-20 10:55:42.399 I/MUXD    (  331): [gsm0710muxd] 599:write_frame(): Sending frame to channel 3
06-20 10:55:42.399 I/MUXD    (  331): [gsm0710muxd] 677:write_frame(): Write a frame on channel 3 with length 10
06-20 10:55:42.400 D/RILJ    (  792):  RIL(1) :lookup RIL responseOperator()
06-20 10:55:42.400 D/GSM     (  792): [SIMRecords] [SIM0]getSpNameInEfSpn(): null
06-20 10:55:42.400 D/RILJ    (  792):  RIL(1) :the result of searching mvnoOperName by EF_SPN: null
06-20 10:55:42.400 D/GSM     (  792): [SIMRecords] [SIM0]getIMSI: 460001500827465
06-20 10:55:42.400 W/GSM     (  792): getSpnByImsi(): imsi = 460001500827465, index = 8, length = 2, pattern = 67
06-20 10:55:42.400 D/RILJ    (  792):  RIL(1) :the result of searching mvnoOperName by IMSI: null
06-20 10:55:42.400 D/GSM     (  792): [SIMRecords] [SIM0]getFirstFullNameInEfPnn(): empty
06-20 10:55:42.400 D/RILJ    (  792):  RIL(1) :the result of searching mvnoOperName by EF_PNN: null
06-20 10:55:42.400 D/GSM     (  792): [SIMRecords] [SIM0]getSpNameInEfSpn(): null
06-20 10:55:42.400 D/RILJ    (  792):  RIL(1) :the result of searching mvnoOperName by EF_SPN: null
06-20 10:55:42.400 D/GSM     (  792): [SIMRecords] [SIM0]getIMSI: 460001500827465
06-20 10:55:42.400 W/GSM     (  792): getSpnByImsi(): imsi = 460001500827465, index = 8, length = 2, pattern = 67
06-20 10:55:42.400 D/RILJ    (  792):  RIL(1) :the result of searching mvnoOperName by IMSI: null
06-20 10:55:42.400 D/GSM     (  792): [SIMRecords] [SIM0]getFirstFullNameInEfPnn(): empty
06-20 10:55:42.400 D/RILJ    (  792):  RIL(1) :the result of searching mvnoOperName by EF_PNN: null
06-20 10:55:42.400 D/RILJ    (  792):  RIL(1) :[0338]< OPERATOR {, CMCC, 46000}
06-20 10:55:42.402 I/RILC    (  608): RIL(1) SOCKET REQUEST: QUERY_NETWORK_SELECTION_MODE length:8
06-20 10:55:42.402 I/RILC    (  608): 2D 00 00 00 59 01 00 00 01 00 00 00 01 00 00 00
06-20 10:55:42.402 D/RILC    (  608): New command received from RIL(1)
06-20 10:55:42.402 D/RIL     (  608): 1:VOICE_REGISTRATION_STATE is queued in RIL_CMD_PROXY_3
06-20 10:55:42.402 D/RIL     (  608): 2:QUERY_NETWORK_SELECTION_MODE is queued in RIL_CMD_PROXY_3
06-20 10:55:42.402 D/RIL     (  608): 3:OPERATOR is queued in RIL_CMD_PROXY_3
06-20 10:55:42.402 D/RIL     (  608): 4:DATA_REGISTRATION_STATE is queued in RIL_CMD_PROXY_3
06-20 10:55:42.402 D/RIL     (  608): 5:VOICE_REGISTRATION_STATE is queued in RIL_CMD_PROXY_3
06-20 10:55:42.402 D/RILC    (  608): RIL_CMD_PROXY_3 is busy. QUERY_NETWORK_SELECTION_MODE queued. total:6 requests pending
06-20 10:55:42.402 D/GSM     (  792): [GsmSST0] set explict_update_spn = 1
06-20 10:55:42.402 D/GSM     (  792): [GsmSST0] Default Data Setting value=-1
06-20 10:55:42.402 D/GSM     (  792): GSMPhone(1) :isSimInsert true
06-20 10:55:42.404 I/MUXD    (  331): [gsm0710muxd] 1550:gsm0710_base_buffer_get_frame(): Get a complete frame. ch:3, ctrl:239, len:39
06-20 10:55:42.405 D/AT      (  608): 
06-20 10:55:42.405 D/AT      (  608): +CGREG: 2, 1, "10B5", "00002F09", 3
06-20 10:55:42.405 D/AT      (  608): AT< +CGREG: 2, 1, "10B5", "00002F09", 3
06-20 10:55:42.405 D/AT      (  608): RIL_CMD_READER_1:+CGREG: 2, 1, "10B5", "00002F09", 3
06-20 10:55:42.405 D/AT      (  608): RIL_CMD_READER_1 Enter processLine
06-20 10:55:42.405 I/MUXD    (  331): [gsm0710muxd] 1550:gsm0710_base_buffer_get_frame(): Get a complete frame. ch:3, ctrl:239, len:6
06-20 10:55:42.405 D/AT      (  608): 
06-20 10:55:42.405 D/AT      (  608): OK
06-20 10:55:42.405 D/AT      (  608): AT< OK
06-20 10:55:42.405 D/AT      (  608): RIL_CMD_READER_1:OK
06-20 10:55:42.405 D/AT      (  608): RIL_CMD_READER_1 Enter processLine
06-20 10:55:42.405 D/AT      (  608): response received on RIL_CMD_READER_1, tid:1084949272
06-20 10:55:42.405 E/RIL     (  608): The value in the field <stat> is 1.
06-20 10:55:42.405 E/RIL     (  608): The value in the field <lac> :1084951576
06-20 10:55:42.405 D/RIL     (  608): cid: 12041
06-20 10:55:42.405 E/RIL     (  608): The value of act: 3
06-20 10:55:42.405 D/AT      (  608): AT send on RIL_CMD_READER_1, tid:1084949272
06-20 10:55:42.405 D/AT      (  608): AT> AT+PSBEARER?
06-20 10:55:42.405 D/AT      (  608): AT+PSBEARER?
06-20 10:55:42.405 I/MUXD    (  331): [gsm0710muxd] 955:pseudo_device_read(): Enter
06-20 10:55:42.405 I/MUXD    (  331): [gsm0710muxd] 599:write_frame(): Sending frame to channel 3
06-20 10:55:42.405 I/MUXD    (  331): [gsm0710muxd] 677:write_frame(): Write a frame on channel 3 with length 13
06-20 10:55:42.410 I/MUXD    (  331): [gsm0710muxd] 1550:gsm0710_base_buffer_get_frame(): Get a complete frame. ch:3, ctrl:239, len:19
06-20 10:55:42.410 D/AT      (  608): 
06-20 10:55:42.410 D/AT      (  608): +PSBEARER: 2, 2
06-20 10:55:42.410 D/AT      (  608): AT< +PSBEARER: 2, 2
06-20 10:55:42.410 D/AT      (  608): RIL_CMD_READER_1:+PSBEARER: 2, 2
06-20 10:55:42.410 D/AT      (  608): RIL_CMD_READER_1 Enter processLine
06-20 10:55:42.410 I/MUXD    (  331): [gsm0710muxd] 1550:gsm0710_base_buffer_get_frame(): Get a complete frame. ch:3, ctrl:239, len:6
06-20 10:55:42.410 D/AT      (  608): 
06-20 10:55:42.410 D/AT      (  608): OK
06-20 10:55:42.410 D/AT      (  608): AT< OK
06-20 10:55:42.410 D/AT      (  608): RIL_CMD_READER_1:OK
06-20 10:55:42.410 D/AT      (  608): RIL_CMD_READER_1 Enter processLine
06-20 10:55:42.410 D/AT      (  608): response received on RIL_CMD_READER_1, tid:1084949272
06-20 10:55:42.410 E/RIL     (  608): rid: 0
06-20 10:55:42.410 D/RIL     (  608): RestrictedStateChanged: 0
06-20 10:55:42.410 I/RILC    (  608): RIL(1) UNSOLICITED: UNSOL_RESTRICTED_STATE_CHANGED length:16
06-20 10:55:42.410 I/RILC    (  608): 01 00 00 00 FF 03 00 00 01 00 00 00 00 00 00 00
06-20 10:55:42.410 I/RILC    (  608): RIL SOCKET RESPONSE: DATA_REGISTRATION_STATE length:80
06-20 10:55:42.410 I/RILC    (  608): 00 00 00 00 53 01 00 00 00 00 00 00 06 00 00 00
06-20 10:55:42.410 I/RILC    (  608): 01 00 00 00 31 00 00 00 04 00 00 00 31 00 30 00
06-20 10:55:42.410 I/RILC    (  608): 62 00 35 00 00 00 00 00 04 00 00 00 32 00 66 00
06-20 10:55:42.410 I/RILC    (  608): 30 00 39 00 00 00 00 00 01 00 00 00 32 00 00 00
06-20 10:55:42.410 I/RILC    (  608): 01 00 00 00 32 00 00 00 01 00 00 00 32 00 00 00
06-20 10:55:42.411 D/RIL     (  608): VOICE_REGISTRATION_STATE execute on RIL_CMD_PROXY_3 using channel 1
06-20 10:55:42.411 D/RIL     (  608): onRequest: VOICE_REGISTRATION_STATE, datalen = 0
06-20 10:55:42.411 D/RIL     (  608): radioState:4
06-20 10:55:42.411 D/AT      (  608): AT send on RIL_CMD_READER_1, tid:1084949272
06-20 10:55:42.411 D/AT      (  608): AT> AT+CREG?
06-20 10:55:42.411 D/AT      (  608): AT+CREG?
06-20 10:55:42.411 I/MUXD    (  331): [gsm0710muxd] 955:pseudo_device_read(): Enter
06-20 10:55:42.411 I/MUXD    (  331): [gsm0710muxd] 599:write_frame(): Sending frame to channel 3
06-20 10:55:42.411 I/MUXD    (  331): [gsm0710muxd] 677:write_frame(): Write a frame on channel 3 with length 9
06-20 10:55:42.411 V/RILJ    (  792):  RIL(1) :[UNSL RIL]< UNSOL_RESTRICTED_STATE_CHANGED {0}
06-20 10:55:42.411 D/RILJ    (  792):  RIL(1) :[0339]< DATA_REGISTRATION_STATE {1, 10b5, 2f09, 2, 2, 2}
06-20 10:55:42.416 I/MUXD    (  331): [gsm0710muxd] 1550:gsm0710_base_buffer_get_frame(): Get a complete frame. ch:3, ctrl:239, len:34
06-20 10:55:42.416 D/AT      (  608): 
06-20 10:55:42.416 D/AT      (  608): +CREG: 2,1,"10B5","00002F09",3
06-20 10:55:42.416 D/AT      (  608): AT< +CREG: 2,1,"10B5","00002F09",3
06-20 10:55:42.416 D/AT      (  608): RIL_CMD_READER_1:+CREG: 2,1,"10B5","00002F09",3
06-20 10:55:42.416 D/AT      (  608): RIL_CMD_READER_1 Enter processLine
06-20 10:55:42.416 I/MUXD    (  331): [gsm0710muxd] 1550:gsm0710_base_buffer_get_frame(): Get a complete frame. ch:3, ctrl:239, len:6
06-20 10:55:42.416 D/AT      (  608): 
06-20 10:55:42.416 D/AT      (  608): OK
06-20 10:55:42.416 D/AT      (  608): AT< OK
06-20 10:55:42.416 D/AT      (  608): RIL_CMD_READER_1:OK
06-20 10:55:42.416 D/AT      (  608): RIL_CMD_READER_1 Enter processLine
06-20 10:55:42.416 D/AT      (  608): response received on RIL_CMD_READER_1, tid:1084949272
06-20 10:55:42.416 E/RIL     (  608): The value in the field <stat> is 1.
06-20 10:55:42.416 E/RIL     (  608): The value in the field <lac> :2
06-20 10:55:42.416 D/RIL     (  608): cid: 12041
06-20 10:55:42.416 E/RIL     (  608): The value of act: 3
06-20 10:55:42.416 E/RIL     (  608): rid: 0
06-20 10:55:42.416 D/RIL     (  608): RestrictedStateChanged: 0
06-20 10:55:42.416 I/RILC    (  608): RIL(1) UNSOLICITED: UNSOL_RESTRICTED_STATE_CHANGED length:16
06-20 10:55:42.416 I/RILC    (  608): 01 00 00 00 FF 03 00 00 01 00 00 00 00 00 00 00
06-20 10:55:42.416 I/RILC    (  608): RIL SOCKET RESPONSE: VOICE_REGISTRATION_STATE length:64
06-20 10:55:42.416 I/RILC    (  608): 00 00 00 00 54 01 00 00 00 00 00 00 04 00 00 00
06-20 10:55:42.416 I/RILC    (  608): 01 00 00 00 31 00 00 00 04 00 00 00 31 00 30 00
06-20 10:55:42.416 I/RILC    (  608): 62 00 35 00 00 00 00 00 04 00 00 00 32 00 66 00
06-20 10:55:42.416 I/RILC    (  608): 30 00 39 00 00 00 00 00 01 00 00 00 32 00 00 00
06-20 10:55:42.416 D/RIL     (  608): QUERY_NETWORK_SELECTION_MODE execute on RIL_CMD_PROXY_3 using channel 1
06-20 10:55:42.416 D/RIL     (  608): onRequest: QUERY_NETWORK_SELECTION_MODE, datalen = 0
06-20 10:55:42.416 D/RIL     (  608): radioState:4
06-20 10:55:42.416 D/AT      (  608): AT send on RIL_CMD_READER_1, tid:1084949272
06-20 10:55:42.416 D/AT      (  608): AT> AT+COPS?
06-20 10:55:42.416 D/AT      (  608): AT+COPS?
06-20 10:55:42.416 I/MUXD    (  331): [gsm0710muxd] 955:pseudo_device_read(): Enter
06-20 10:55:42.416 I/MUXD    (  331): [gsm0710muxd] 599:write_frame(): Sending frame to channel 3
06-20 10:55:42.416 I/MUXD    (  331): [gsm0710muxd] 677:write_frame(): Write a frame on channel 3 with length 9
06-20 10:55:42.418 V/RILJ    (  792):  RIL(1) :[UNSL RIL]< UNSOL_RESTRICTED_STATE_CHANGED {0}
06-20 10:55:42.418 D/RILJ    (  792):  RIL(1) :[0340]< VOICE_REGISTRATION_STATE {1, 10b5, 2f09, 2}
06-20 10:55:42.422 I/MUXD    (  331): [gsm0710muxd] 1550:gsm0710_base_buffer_get_frame(): Get a complete frame. ch:3, ctrl:239, len:22
06-20 10:55:42.422 I/MUXD    (  331): [gsm0710muxd] 1550:gsm0710_base_buffer_get_frame(): Get a complete frame. ch:3, ctrl:239, len:6
06-20 10:55:42.422 D/AT      (  608): 
06-20 10:55:42.422 D/AT      (  608): +COPS: 0,2,"46000"
06-20 10:55:42.422 D/AT      (  608): 
06-20 10:55:42.422 D/AT      (  608): OK
06-20 10:55:42.422 D/AT      (  608): AT< +COPS: 0,2,"46000"
06-20 10:55:42.422 D/AT      (  608): RIL_CMD_READER_1:+COPS: 0,2,"46000"
06-20 10:55:42.422 D/AT      (  608): RIL_CMD_READER_1 Enter processLine
06-20 10:55:42.422 D/AT      (  608): AT< OK
06-20 10:55:42.422 D/AT      (  608): RIL_CMD_READER_1:OK
06-20 10:55:42.422 D/AT      (  608): RIL_CMD_READER_1 Enter processLine
06-20 10:55:42.422 D/AT      (  608): response received on RIL_CMD_READER_1, tid:1084949272
06-20 10:55:42.422 I/RILC    (  608): RIL SOCKET RESPONSE: QUERY_NETWORK_SELECTION_MODE length:20
06-20 10:55:42.422 I/RILC    (  608): 00 00 00 00 55 01 00 00 00 00 00 00 01 00 00 00
06-20 10:55:42.422 I/RILC    (  608): 00 00 00 00 30 30 30 32 46 30 39 00 2C 33 00 00
06-20 10:55:42.422 D/RIL     (  608): OPERATOR execute on RIL_CMD_PROXY_3 using channel 1
06-20 10:55:42.422 D/RIL     (  608): onRequest: OPERATOR, datalen = 0
06-20 10:55:42.422 D/RIL     (  608): radioState:4
06-20 10:55:42.422 D/AT      (  608): AT send on RIL_CMD_READER_1, tid:1084949272
06-20 10:55:42.422 D/AT      (  608): AT> AT+COPS?
06-20 10:55:42.422 D/AT      (  608): AT+COPS?
06-20 10:55:42.422 I/MUXD    (  331): [gsm0710muxd] 955:pseudo_device_read(): Enter
06-20 10:55:42.422 I/MUXD    (  331): [gsm0710muxd] 599:write_frame(): Sending frame to channel 3
06-20 10:55:42.422 I/MUXD    (  331): [gsm0710muxd] 677:write_frame(): Write a frame on channel 3 with length 9
06-20 10:55:42.423 D/RILJ    (  792):  RIL(1) :[0341]< QUERY_NETWORK_SELECTION_MODE {0}
06-20 10:55:42.423 D/PHONE   (  792): [GeminiPhone] isSimInsert[0]: true
06-20 10:55:42.423 D/GSM     (  792): [GsmSST0] onSignalStrengthResult():  LastSignalStrength=SignalStrength:SIM1 19 -1 -120 -160 -120 -1 -1 99 2147483647 2147483647 2147483647 2147483647 gsm|lte -298 0 0
06-20 10:55:42.423 D/GSM     (  792): [GsmSST0] onSignalStrengthResult():new mSignalStrength=SignalStrength:SIM1 16 -1 -120 -160 -120 -1 -1 99 2147483647 2147483647 2147483647 2147483647 gsm|lte -325 0 0
06-20 10:55:42.424 D/GSM     (  792): [GsmSST0] notifySignalStrength: mSignalStrength.getLevel=4
06-20 10:55:42.427 I/MUXD    (  331): [gsm0710muxd] 1550:gsm0710_base_buffer_get_frame(): Get a complete frame. ch:3, ctrl:239, len:22
06-20 10:55:42.427 I/MUXD    (  331): [gsm0710muxd] 1550:gsm0710_base_buffer_get_frame(): Get a complete frame. ch:3, ctrl:239, len:6
06-20 10:55:42.427 D/AT      (  608): 
06-20 10:55:42.427 D/AT      (  608): +COPS: 0,2,"46000"
06-20 10:55:42.427 D/AT      (  608): 
06-20 10:55:42.427 D/AT      (  608): OK
06-20 10:55:42.427 D/AT      (  608): AT< +COPS: 0,2,"46000"
06-20 10:55:42.427 D/AT      (  608): RIL_CMD_READER_1:+COPS: 0,2,"46000"
06-20 10:55:42.427 D/AT      (  608): RIL_CMD_READER_1 Enter processLine
06-20 10:55:42.427 D/AT      (  608): AT< OK
06-20 10:55:42.427 D/AT      (  608): RIL_CMD_READER_1:OK
06-20 10:55:42.427 D/AT      (  608): RIL_CMD_READER_1 Enter processLine
06-20 10:55:42.427 D/AT      (  608): response received on RIL_CMD_READER_1, tid:1084949272
06-20 10:55:42.427 D/RIL     (  608): Get operator code 46000
06-20 10:55:42.427 D/RIL     (  608): Get ril_nw_nitzName_mutex in the getOperatorNamesFromNumericCode
06-20 10:55:42.427 I/RILC    (  608): RIL SOCKET RESPONSE: OPERATOR length:64
06-20 10:55:42.427 I/RILC    (  608): 00 00 00 00 56 01 00 00 00 00 00 00 03 00 00 00
06-20 10:55:42.427 I/RILC    (  608): 05 00 00 00 34 00 36 00 30 00 30 00 30 00 00 00
06-20 10:55:42.427 I/RILC    (  608): 05 00 00 00 34 00 36 00 30 00 30 00 30 00 00 00
06-20 10:55:42.427 I/RILC    (  608): 05 00 00 00 34 00 36 00 30 00 30 00 30 00 00 00
06-20 10:55:42.427 D/RIL     (  608): DATA_REGISTRATION_STATE execute on RIL_CMD_PROXY_3 using channel 1
06-20 10:55:42.427 D/RIL     (  608): onRequest: DATA_REGISTRATION_STATE, datalen = 0
06-20 10:55:42.427 D/RIL     (  608): radioState:4
06-20 10:55:42.427 D/AT      (  608): AT send on RIL_CMD_READER_1, tid:1084949272
06-20 10:55:42.427 D/AT      (  608): AT> AT+CGREG?
06-20 10:55:42.427 D/AT      (  608): AT+CGREG?
06-20 10:55:42.427 I/MUXD    (  331): [gsm0710muxd] 955:pseudo_device_read(): Enter
06-20 10:55:42.427 I/MUXD    (  331): [gsm0710muxd] 599:write_frame(): Sending frame to channel 3
06-20 10:55:42.427 I/MUXD    (  331): [gsm0710muxd] 677:write_frame(): Write a frame on channel 3 with length 10
06-20 10:55:42.430 D/GSM     (  792): [GDCT][simId1]onReceive: action=android.intent.action.SCREEN_ON
06-20 10:55:42.430 D/GSM     (  792): [GDCT][simId1]stopNetStatPoll
06-20 10:55:42.431 D/GSM     (  792): [GDCT][simId1]overall state is {mApnType=dm mState=IDLE mWaitingApns=null mWaitingApnsPermanentFailureCountDown=0 mApnSetting=null mDataConnectionAc=null mReason=apnChanged mRetryCount=0 mDataEnabled=false mDependencyMet=true}, {mApnType=wap mState=IDLE mWaitingApns=null mWaitingApnsPermanentFailureCountDown=0 mApnSetting=null mDataConnectionAc=null mReason=apnChanged mRetryCount=0 mDataEnabled=false mDependencyMet=true}, {mApnType=cmmail mState=IDLE mWaitingApns=null mWaitingApnsPermanentFailureCountDown=0 mApnSetting=null mDataConnectionAc=null mReason=apnChanged mRetryCount=0 mDataEnabled=false mDependencyMet=true}, {mApnType=fota mState=IDLE mWaitingApns=null mWaitingApnsPermanentFailureCountDown=0 mApnSetting=null mDataConnectionAc=null mReason=apnChanged mRetryCount=0 mDataEnabled=false mDependencyMet=true}, {mApnType=dun mState=IDLE mWaitingApns=null mWaitingApnsPermanentFailureCountDown=0 mApnSetting=null mDataConnectionAc=null mReason=apnChanged mRetryCount=0 mDataEnabled=false mDependencyMet=true}, {mApnType=supl mState=IDLE mWaitingApns=null mWaitingApnsPermanentFailureCountDown=0 mApnSetting=null mDataConnectionAc=null mReason=apnChanged mRetryCount=0 mDataEnabled=false mDependencyMet=true}, {mApnType=hipri mState=IDLE mWaitingApns=null mWaitingApnsPermanentFailureCountDown=0 mApnSetting=null mDataConnectionAc=null mReason=apnChanged mRetryCount=0 mDataEnabled=false mDependencyMet=true}, {mApnType=ims mState=IDLE mWaitingApns=null mWaitingApnsPermanentFailureCountDown=0 mApnSetting=null mDataConnectionAc=null mReason=apnChanged mRetryCount=0 mDataEnabled=false mDependencyMet=true}, {mApnType=default mState=IDLE mWaitingApns=null mWaitingApnsPermanentFailureCountDown=0 mApnSetting=null mDataConnectionAc=null mReason=dataAttached mRetryCount=0 mDataEnabled=true mDependencyMet=true}, {mApnType=mms mState=IDLE mWaitingApns=[[ApnSettingV2]  (China Mobile), 884, 46000, cmwap, 10.0.0.172, http://mmsc.monternet.com, 10.0.0.172, 80, 80, -1, mms, IP, IP, true, 0] mWaitingApnsPermanentFailureCountDown=1 mApnSetting=null mDataConnectionAc=null mReason=dataDisabled mRetryCount=0 mDataEnabled=false mDependencyMet=true}, {mApnType=net mState=IDLE mWaitingApns=null mWaitingApnsPermanentFailureCountDown=0 mApnSetting=null mDataConnectionAc=null mReason=apnChanged mRetryCount=0 mDataEnabled=false mDependencyMet=true}, {mApnType=rcse mState=IDLE mWaitingApns=null mWaitingApnsPermanentFailureCountDown=0 mApnSetting=null mDataConnectionAc=null mReason=apnChanged mRetryCount=0 mDataEnabled=false mDependencyMet=true}, {mApnType=cbs mState=IDLE mWaitingApns=null mWaitingApnsPermanentFailureCountDown=0 mApnSetting=null mDataConnectionAc=null mReason=apnChanged mRetryCount=0 mDataEnabled=false mDependencyMet=true}, 
06-20 10:55:42.431 D/GSM     (  792): [GDCT][simId1]overall state is IDLE
06-20 10:55:42.432 D/GSM     (  792): [GDCT][simId1]FD_MD_Enable_Mode=1, 3gSimID=0, when switching to SCREEN ON
06-20 10:55:42.432 D/RILJ    (  792):  RIL(1) :[0346]> RIL_REQUEST_SET_FD_MODE
06-20 10:55:42.433 I/MUXD    (  331): [gsm0710muxd] 1550:gsm0710_base_buffer_get_frame(): Get a complete frame. ch:3, ctrl:239, len:39
06-20 10:55:42.433 I/MUXD    (  331): [gsm0710muxd] 1550:gsm0710_base_buffer_get_frame(): Get a complete frame. ch:3, ctrl:239, len:6
06-20 10:55:42.433 D/AT      (  608): 
06-20 10:55:42.433 D/AT      (  608): +CGREG: 2, 1, "10B5", "00002F09", 3
06-20 10:55:42.433 D/AT      (  608): 
06-20 10:55:42.433 D/AT      (  608): OK
06-20 10:55:42.433 D/AT      (  608): AT< +CGREG: 2, 1, "10B5", "00002F09", 3
06-20 10:55:42.433 D/AT      (  608): RIL_CMD_READER_1:+CGREG: 2, 1, "10B5", "00002F09", 3
06-20 10:55:42.433 D/AT      (  608): RIL_CMD_READER_1 Enter processLine
06-20 10:55:42.433 D/AT      (  608): AT< OK
06-20 10:55:42.433 D/AT      (  608): RIL_CMD_READER_1:OK
06-20 10:55:42.433 D/AT      (  608): RIL_CMD_READER_1 Enter processLine
06-20 10:55:42.433 D/AT      (  608): response received on RIL_CMD_READER_1, tid:1084949272
06-20 10:55:42.433 E/RIL     (  608): The value in the field <stat> is 1.
06-20 10:55:42.433 E/RIL     (  608): The value in the field <lac> :1075375504
06-20 10:55:42.433 D/RIL     (  608): cid: 12041
06-20 10:55:42.433 E/RIL     (  608): The value of act: 3
06-20 10:55:42.433 D/AT      (  608): AT send on RIL_CMD_READER_1, tid:1084949272
06-20 10:55:42.433 D/AT      (  608): AT> AT+PSBEARER?
06-20 10:55:42.433 D/AT      (  608): AT+PSBEARER?
06-20 10:55:42.433 I/MUXD    (  331): [gsm0710muxd] 955:pseudo_device_read(): Enter
06-20 10:55:42.433 I/MUXD    (  331): [gsm0710muxd] 599:write_frame(): Sending frame to channel 3
06-20 10:55:42.433 I/MUXD    (  331): [gsm0710muxd] 677:write_frame(): Write a frame on channel 3 with length 13
06-20 10:55:42.444 I/MUXD    (  331): [gsm0710muxd] 1550:gsm0710_base_buffer_get_frame(): Get a complete frame. ch:3, ctrl:239, len:19
06-20 10:55:42.444 I/MUXD    (  331): [gsm0710muxd] 1550:gsm0710_base_buffer_get_frame(): Get a complete frame. ch:3, ctrl:239, len:6
06-20 10:55:42.445 D/AT      (  608): 
06-20 10:55:42.445 D/AT      (  608): +PSBEARER: 2, 2
06-20 10:55:42.445 D/AT      (  608): 
06-20 10:55:42.445 D/AT      (  608): OK
06-20 10:55:42.445 D/AT      (  608): AT< +PSBEARER: 2, 2
06-20 10:55:42.445 D/AT      (  608): RIL_CMD_READER_1:+PSBEARER: 2, 2
06-20 10:55:42.445 D/AT      (  608): RIL_CMD_READER_1 Enter processLine
06-20 10:55:42.445 D/AT      (  608): AT< OK
06-20 10:55:42.445 D/AT      (  608): RIL_CMD_READER_1:OK
06-20 10:55:42.445 D/AT      (  608): RIL_CMD_READER_1 Enter processLine
06-20 10:55:42.445 D/AT      (  608): response received on RIL_CMD_READER_1, tid:1084949272
06-20 10:55:42.445 E/RIL     (  608): rid: 0
06-20 10:55:42.445 D/RIL     (  608): RestrictedStateChanged: 0
06-20 10:55:42.445 I/RILC    (  608): RIL(1) UNSOLICITED: UNSOL_RESTRICTED_STATE_CHANGED length:16
06-20 10:55:42.445 I/RILC    (  608): 01 00 00 00 FF 03 00 00 01 00 00 00 00 00 00 00
06-20 10:55:42.445 I/RILC    (  608): RIL SOCKET RESPONSE: DATA_REGISTRATION_STATE length:80
06-20 10:55:42.445 I/RILC    (  608): 00 00 00 00 57 01 00 00 00 00 00 00 06 00 00 00
06-20 10:55:42.445 I/RILC    (  608): 01 00 00 00 31 00 00 00 04 00 00 00 31 00 30 00
06-20 10:55:42.445 I/RILC    (  608): 62 00 35 00 00 00 00 00 04 00 00 00 32 00 66 00
06-20 10:55:42.445 I/RILC    (  608): 30 00 39 00 00 00 00 00 01 00 00 00 32 00 00 00
06-20 10:55:42.445 I/RILC    (  608): 01 00 00 00 32 00 00 00 01 00 00 00 32 00 00 00
06-20 10:55:42.445 D/RIL     (  608): VOICE_REGISTRATION_STATE execute on RIL_CMD_PROXY_3 using channel 1
06-20 10:55:42.445 D/RIL     (  608): onRequest: VOICE_REGISTRATION_STATE, datalen = 0
06-20 10:55:42.445 D/RIL     (  608): radioState:4
06-20 10:55:42.445 D/AT      (  608): AT send on RIL_CMD_READER_1, tid:1084949272
06-20 10:55:42.445 D/AT      (  608): AT> AT+CREG?
06-20 10:55:42.445 D/AT      (  608): AT+CREG?
06-20 10:55:42.445 I/MUXD    (  331): [gsm0710muxd] 955:pseudo_device_read(): Enter
06-20 10:55:42.445 I/MUXD    (  331): [gsm0710muxd] 599:write_frame(): Sending frame to channel 3
06-20 10:55:42.445 I/MUXD    (  331): [gsm0710muxd] 677:write_frame(): Write a frame on channel 3 with length 9
06-20 10:55:42.446 D/RILJ    (  792):  RIL(1) :lookup RIL responseOperator()
06-20 10:55:42.446 D/GSM     (  792): [GsmSST0] EVENT_RESTRICTED_STATE_CHANGED
06-20 10:55:42.446 D/GSM     (  792): [GsmSST0] onRestrictedStateChanged: E rs Restricted State CS: none PS:false
06-20 10:55:42.446 D/GSM     (  792): [GsmSST0] [DSAC DEB] new rs Restricted State CS: none PS:false
06-20 10:55:42.446 D/GSM     (  792): [GsmSST0] onRestrictedStateChanged: X rs Restricted State CS: none PS:false
06-20 10:55:42.447 D/GSM     (  792): [GsmSST0] EVENT_RESTRICTED_STATE_CHANGED
06-20 10:55:42.447 D/GSM     (  792): [GsmSST0] onRestrictedStateChanged: E rs Restricted State CS: none PS:false
06-20 10:55:42.447 D/GSM     (  792): [GsmSST0] [DSAC DEB] new rs Restricted State CS: none PS:false
06-20 10:55:42.447 D/GSM     (  792): [GsmSST0] onRestrictedStateChanged: X rs Restricted State CS: none PS:false
06-20 10:55:42.447 D/PHONE   (  792): [GeminiPhone] isSimInsert[1]: false
06-20 10:55:42.447 I/RILC    (  608): RIL(1) SOCKET REQUEST: SET_FD_MODE length:20
06-20 10:55:42.447 I/RILC    (  608): 19 08 00 00 5A 01 00 00 02 00 00 00 03 00 00 00
06-20 10:55:42.447 I/RILC    (  608): 01 00 00 00 01 00 00 00 30 00 00 00 30 00 31 00
06-20 10:55:42.447 D/RILC    (  608): New command received from RIL(1)
06-20 10:55:42.447 D/RIL     (  608): 1:QUERY_NETWORK_SELECTION_MODE is queued in RIL_CMD_PROXY_3
06-20 10:55:42.447 D/RILC    (  608): RIL_CMD_PROXY_3 is busy. SET_FD_MODE queued. total:2 requests pending
06-20 10:55:42.447 D/GSM     (  792): [SIMRecords] [SIM0]getSpNameInEfSpn(): null
06-20 10:55:42.447 D/RILJ    (  792):  RIL(1) :the result of searching mvnoOperName by EF_SPN: null
06-20 10:55:42.447 D/GSM     (  792): [SIMRecords] [SIM0]getIMSI: 460001500827465
06-20 10:55:42.447 W/GSM     (  792): getSpnByImsi(): imsi = 460001500827465, index = 8, length = 2, pattern = 67
06-20 10:55:42.447 D/RILJ    (  792):  RIL(1) :the result of searching mvnoOperName by IMSI: null
06-20 10:55:42.447 D/GSM     (  792): [SIMRecords] [SIM0]getFirstFullNameInEfPnn(): empty
06-20 10:55:42.448 D/RILJ    (  792):  RIL(1) :the result of searching mvnoOperName by EF_PNN: null
06-20 10:55:42.448 D/GSM     (  792): [SIMRecords] [SIM0]getSpNameInEfSpn(): null
06-20 10:55:42.448 D/RILJ    (  792):  RIL(1) :the result of searching mvnoOperName by EF_SPN: null
06-20 10:55:42.448 D/GSM     (  792): [SIMRecords] [SIM0]getIMSI: 460001500827465
06-20 10:55:42.448 W/GSM     (  792): getSpnByImsi(): imsi = 460001500827465, index = 8, length = 2, pattern = 67
06-20 10:55:42.448 D/RILJ    (  792):  RIL(1) :the result of searching mvnoOperName by IMSI: null
06-20 10:55:42.448 D/GSM     (  792): [SIMRecords] [SIM0]getFirstFullNameInEfPnn(): empty
06-20 10:55:42.448 D/RILJ    (  792):  RIL(1) :the result of searching mvnoOperName by EF_PNN: null
06-20 10:55:42.448 D/RILJ    (  792):  RIL(1) :[0342]< OPERATOR {, CMCC, 46000}
06-20 10:55:42.448 V/RILJ    (  792):  RIL(1) :[UNSL RIL]< UNSOL_RESTRICTED_STATE_CHANGED {0}
06-20 10:55:42.448 D/RILJ    (  792):  RIL(1) :[0343]< DATA_REGISTRATION_STATE {1, 10b5, 2f09, 2, 2, 2}
06-20 10:55:42.449 D/GSM     (  792): [GsmSST0] long: short:CMCC numeric:46000
06-20 10:55:42.449 D/GSM     (  792): [GsmSST0] EVENT_RESTRICTED_STATE_CHANGED
06-20 10:55:42.449 D/GSM     (  792): [GsmSST0] onRestrictedStateChanged: E rs Restricted State CS: none PS:false
06-20 10:55:42.449 D/GSM     (  792): [GsmSST0] [DSAC DEB] new rs Restricted State CS: none PS:false
06-20 10:55:42.449 D/GSM     (  792): [GsmSST0] onRestrictedStateChanged: X rs Restricted State CS: none PS:false
06-20 10:55:42.449 D/GSM     (  792): [GsmSST0] <cell_data_speed_support> 2
06-20 10:55:42.449 D/GSM     (  792): [GsmSST0] <max_data_bearer_capability> 2
06-20 10:55:42.449 D/GSM     (  792): numeric:46000mccmnc:46000
06-20 10:55:42.450 I/MUXD    (  331): [gsm0710muxd] 1550:gsm0710_base_buffer_get_frame(): Get a complete frame. ch:3, ctrl:239, len:34
06-20 10:55:42.450 I/MUXD    (  331): [gsm0710muxd] 1550:gsm0710_base_buffer_get_frame(): Get a complete frame. ch:3, ctrl:239, len:6
06-20 10:55:42.450 D/AT      (  608): 
06-20 10:55:42.450 D/AT      (  608): +CREG: 2,1,"10B5","00002F09",3
06-20 10:55:42.450 D/AT      (  608): AT< +CREG: 2,1,"10B5","00002F09",3
06-20 10:55:42.450 D/AT      (  608): RIL_CMD_READER_1:+CREG: 2,1,"10B5","00002F09",3
06-20 10:55:42.450 D/AT      (  608): RIL_CMD_READER_1 Enter processLine
06-20 10:55:42.450 D/AT      (  608): 
06-20 10:55:42.450 D/AT      (  608): OK
06-20 10:55:42.450 D/AT      (  608): AT< OK
06-20 10:55:42.450 D/AT      (  608): RIL_CMD_READER_1:OK
06-20 10:55:42.450 D/AT      (  608): RIL_CMD_READER_1 Enter processLine
06-20 10:55:42.450 D/AT      (  608): response received on RIL_CMD_READER_1, tid:1084949272
06-20 10:55:42.450 E/RIL     (  608): The value in the field <stat> is 1.
06-20 10:55:42.450 E/RIL     (  608): The value in the field <lac> :2
06-20 10:55:42.450 D/RIL     (  608): cid: 12041
06-20 10:55:42.450 E/RIL     (  608): The value of act: 3
06-20 10:55:42.450 E/RIL     (  608): rid: 0
06-20 10:55:42.450 D/RIL     (  608): RestrictedStateChanged: 0
06-20 10:55:42.450 I/RILC    (  608): RIL(1) UNSOLICITED: UNSOL_RESTRICTED_STATE_CHANGED length:16
06-20 10:55:42.450 I/RILC    (  608): 01 00 00 00 FF 03 00 00 01 00 00 00 00 00 00 00
06-20 10:55:42.450 I/RILC    (  608): RIL SOCKET RESPONSE: VOICE_REGISTRATION_STATE length:64
06-20 10:55:42.450 I/RILC    (  608): 00 00 00 00 58 01 00 00 00 00 00 00 04 00 00 00
06-20 10:55:42.450 I/RILC    (  608): 01 00 00 00 31 00 00 00 04 00 00 00 31 00 30 00
06-20 10:55:42.450 I/RILC    (  608): 62 00 35 00 00 00 00 00 04 00 00 00 32 00 66 00
06-20 10:55:42.450 I/RILC    (  608): 30 00 39 00 00 00 00 00 01 00 00 00 32 00 00 00
06-20 10:55:42.450 D/RIL     (  608): QUERY_NETWORK_SELECTION_MODE execute on RIL_CMD_PROXY_3 using channel 1
06-20 10:55:42.450 D/RIL     (  608): onRequest: QUERY_NETWORK_SELECTION_MODE, datalen = 0
06-20 10:55:42.450 D/RIL     (  608): radioState:4
06-20 10:55:42.450 D/AT      (  608): AT send on RIL_CMD_READER_1, tid:1084949272
06-20 10:55:42.450 D/AT      (  608): AT> AT+COPS?
06-20 10:55:42.450 D/AT      (  608): AT+COPS?
06-20 10:55:42.450 I/MUXD    (  331): [gsm0710muxd] 955:pseudo_device_read(): Enter
06-20 10:55:42.450 I/MUXD    (  331): [gsm0710muxd] 599:write_frame(): Sending frame to channel 3
06-20 10:55:42.450 I/MUXD    (  331): [gsm0710muxd] 677:write_frame(): Write a frame on channel 3 with length 9
06-20 10:55:42.450 V/RILJ    (  792):  RIL(1) :[UNSL RIL]< UNSOL_RESTRICTED_STATE_CHANGED {0}
06-20 10:55:42.451 D/RILJ    (  792):  RIL(1) :[0344]< VOICE_REGISTRATION_STATE {1, 10b5, 2f09, 2}
06-20 10:55:42.451 D/GSM     (  792): [GsmSST0] EVENT_RESTRICTED_STATE_CHANGED
06-20 10:55:42.451 D/GSM     (  792): [GsmSST0] onRestrictedStateChanged: E rs Restricted State CS: none PS:false
06-20 10:55:42.451 D/GSM     (  792): [GsmSST0] [DSAC DEB] new rs Restricted State CS: none PS:false
06-20 10:55:42.451 D/GSM     (  792): [GsmSST0] onRestrictedStateChanged: X rs Restricted State CS: none PS:false
06-20 10:55:42.451 D/GSM     (  792): [GsmSST0] EVENT_POLL_STATE_REGISTRATION cs_networkTyp:2,regState:1,mNewRadioTechnology:2,lac:4277,cid:12041
06-20 10:55:42.451 D/GSM     (  792): numeric:46000mccmnc:46000
06-20 10:55:42.451 D/GSM     (  792): [GsmSST0] states.length > 3
06-20 10:55:42.456 I/MUXD    (  331): [gsm0710muxd] 1550:gsm0710_base_buffer_get_frame(): Get a complete frame. ch:3, ctrl:239, len:22
06-20 10:55:42.456 I/MUXD    (  331): [gsm0710muxd] 1550:gsm0710_base_buffer_get_frame(): Get a complete frame. ch:3, ctrl:239, len:6
06-20 10:55:42.456 D/AT      (  608): 
06-20 10:55:42.456 D/AT      (  608): +COPS: 0,2,"46000"
06-20 10:55:42.456 D/AT      (  608): 
06-20 10:55:42.456 D/AT      (  608): OK
06-20 10:55:42.456 D/AT      (  608): AT< +COPS: 0,2,"46000"
06-20 10:55:42.456 D/AT      (  608): RIL_CMD_READER_1:+COPS: 0,2,"46000"
06-20 10:55:42.456 D/AT      (  608): RIL_CMD_READER_1 Enter processLine
06-20 10:55:42.456 D/AT      (  608): AT< OK
06-20 10:55:42.456 D/AT      (  608): RIL_CMD_READER_1:OK
06-20 10:55:42.456 D/AT      (  608): RIL_CMD_READER_1 Enter processLine
06-20 10:55:42.456 D/AT      (  608): response received on RIL_CMD_READER_1, tid:1084949272
06-20 10:55:42.456 I/RILC    (  608): RIL SOCKET RESPONSE: QUERY_NETWORK_SELECTION_MODE length:20
06-20 10:55:42.456 I/RILC    (  608): 00 00 00 00 59 01 00 00 00 00 00 00 01 00 00 00
06-20 10:55:42.456 I/RILC    (  608): 00 00 00 00 00 00 00 00 20 00 00 00 13 00 00 00
06-20 10:55:42.456 D/RIL     (  608): SET_FD_MODE execute on RIL_CMD_PROXY_3 using channel 1
06-20 10:55:42.456 D/RIL     (  608): onRequest: SET_FD_MODE, datalen = 16
06-20 10:55:42.456 D/RIL     (  608): radioState:4
06-20 10:55:42.456 D/RIL     (  608): requestSetFDMode:args_num=2
06-20 10:55:42.456 D/RIL     (  608): requestSetFDMode:cmd=AT+EFD=3,1
06-20 10:55:42.456 D/AT      (  608): AT send on RIL_CMD_READER_1, tid:1084949272
06-20 10:55:42.456 D/AT      (  608): AT> AT+EFD=3,1
06-20 10:55:42.456 D/AT      (  608): AT+EFD=3,1
06-20 10:55:42.456 I/MUXD    (  331): [gsm0710muxd] 955:pseudo_device_read(): Enter
06-20 10:55:42.456 I/MUXD    (  331): [gsm0710muxd] 599:write_frame(): Sending frame to channel 3
06-20 10:55:42.456 I/MUXD    (  331): [gsm0710muxd] 677:write_frame(): Write a frame on channel 3 with length 11
06-20 10:55:42.456 D/RILJ    (  792):  RIL(1) :[0345]< QUERY_NETWORK_SELECTION_MODE {0}
06-20 10:55:42.457 D/GSM     (  792): [SIMRecords] [SIM0]getIMSI: 460001500827465
06-20 10:55:42.459 D/GSM     (  792): [GsmSST0] Poll ServiceState done:  oldSS=[SIM1 0 home  CMCC 46000  EDGE CSS not supported -1 -1 RoamInd=-1 DefRoamInd=-1 EmergOnly=false Regist state: 1] newSS=[SIM1 0 home  CMCC 46000  EDGE CSS not supported -1 -1 RoamInd=-1 DefRoamInd=-1 EmergOnly=false Regist state: 1] oldGprs=0 newData=0 oldMaxDataCalls=1 mNewMaxDataCalls=1 oldReasonDataDenied=-1 mNewReasonDataDenied=-1 oldType=EDGE newType=EDGE oldGprsType=2 newGprsType=2
06-20 10:55:42.461 D/GSM     (  792): [GsmSST0] The two counts have been reset to 0
06-20 10:55:42.461 D/GSM     (  792): [GsmSST0] pollStateDone,hasRegistered:false,hasDeregistered:false,hasGprsAttached:false,hasPSNetworkTypeChanged:false,hasRadioTechnologyChanged:false,hasChanged:false,hasRoamingOn:false,hasRoamingOff:false,hasLocationChanged:false,hasRegStateChanged:false,hasLacChanged:false
06-20 10:55:42.461 D/GSM     (  792): [GsmSST0] explict_update_spn trigger to refresh SPN
06-20 10:55:42.461 D/GSM     (  792): [SIMRecords] [SIM0]EONS getEonsIfExist: plmn is 46000 nLac is 4277 bLongNameRequired: true
06-20 10:55:42.461 D/GSM     (  792): Home PLMN, get CPHS ons
06-20 10:55:42.461 D/GSM     (  792): No matched EONS and No CPHS ONS
06-20 10:55:42.461 D/GSM     (  792): setOperatorAlphaLong and update PROPERTY_OPERATOR_ALPHA to
06-20 10:55:42.462 I/MUXD    (  331): [gsm0710muxd] 1550:gsm0710_base_buffer_get_frame(): Get a complete frame. ch:3, ctrl:239, len:6
06-20 10:55:42.462 D/AT      (  608): 
06-20 10:55:42.462 D/AT      (  608): OK
06-20 10:55:42.462 D/AT      (  608): AT< OK
06-20 10:55:42.462 D/AT      (  608): RIL_CMD_READER_1:OK
06-20 10:55:42.462 D/AT      (  608): RIL_CMD_READER_1 Enter processLine
06-20 10:55:42.462 D/GSM     (  792): [GsmSST0] updateSpnDisplay mEmergencyOnly=falsegetRadioState=true
06-20 10:55:42.462 D/AT      (  608): response received on RIL_CMD_READER_1, tid:1084949272
06-20 10:55:42.462 I/RILC    (  608): RIL SOCKET RESPONSE: SET_FD_MODE length:16
06-20 10:55:42.462 I/RILC    (  608): 00 00 00 00 5A 01 00 00 00 00 00 00 00 00 00 00
06-20 10:55:42.462 I/RIL     (  608): RIL_CMD_PROXY_3 sleep
06-20 10:55:42.462 D/GSM     (  792): Current PLMN: 
06-20 10:55:42.462 D/GSM     (  792): Network Operator: 46000 Network Type: 2
06-20 10:55:42.467 D/GSM     (  792): [GsmSST0]  showSpn:false spn:null showPlmn:true plmn: rule:2
06-20 10:55:42.467 D/GSM     (  792): [GsmSST1] BroadcastReceiver: android.intent.action.SCREEN_ON
06-20 10:55:42.467 D/GSM     (  792): [GsmSST1] ACTION_SCREEN_ON
06-20 10:55:42.467 D/GSM     (  792): [GsmSST1] cm.getRadioState() is SIM_LOCKED_OR_ABSENT
06-20 10:55:42.467 D/GSM     (  792): [GsmSST1] Now airplaneMode=0,dualSimModeSetting=1,isPowerOff=0
06-20 10:55:42.468 D/GSM     (  792): GSMPhone(2) :isSimInsert false
06-20 10:55:42.468 D/GSM     (  792): GSMPhone(1) :isSimInsert true
06-20 10:55:42.468 D/GSM     (  792): [GsmSST1] pollState is locked or absent, transfer to [RADIO_OFF]
06-20 10:55:42.468 D/RILJ    (  792):  RIL(1) :[0346]< RIL_REQUEST_SET_FD_MODE {}
06-20 10:55:42.470 D/GSM     (  792): [GsmSST1] Poll ServiceState done:  oldSS=[SIM2 3 home null null null  Unknown CSS not supported -1 -1 RoamInd=-1 DefRoamInd=-1 EmergOnly=false Regist state: 0] newSS=[SIM2 3 home null null null  Unknown CSS not supported -1 -1 RoamInd=-1 DefRoamInd=-1 EmergOnly=false Regist state: 0] oldGprs=3 newData=3 oldMaxDataCalls=1 mNewMaxDataCalls=1 oldReasonDataDenied=-1 mNewReasonDataDenied=-1 oldType=Unknown newType=Unknown oldGprsType=0 newGprsType=0
06-20 10:55:42.470 D/GSM     (  792): [GsmSST1] pollStateDone,hasRegistered:false,hasDeregistered:false,hasGprsAttached:false,hasPSNetworkTypeChanged:false,hasRadioTechnologyChanged:false,hasChanged:false,hasRoamingOn:false,hasRoamingOff:false,hasLocationChanged:false,hasRegStateChanged:false,hasLacChanged:false
06-20 10:55:42.470 D/GSM     (  792): [GsmSST1] set explict_update_spn = 1
06-20 10:55:42.470 D/GSM     (  792): [GsmSST1] Default Data Setting value=-1
06-20 10:55:42.470 D/GSM     (  792): GSMPhone(2) :isSimInsert false
06-20 10:55:42.471 D/GSM     (  792): [GDCT][simId1]handleMessage msg={ what=270376 when=-2ms obj=android.os.AsyncResult@41b82c00 target=Handler (com.android.internal.telephony.gsm.GsmDataConnectionTracker) {418e9698} }
06-20 10:55:42.471 D/GSM     (  792): [GDCT][simId1]RECV RSP for EVENT_FD_MODE_SET
06-20 10:55:42.471 D/GSM     (  792): [GDCT][simId1]SET_FD_MODE OK
06-20 10:55:42.472 D/GSM     (  792): [GDCT][simId2]onReceive: action=android.intent.action.SCREEN_ON
06-20 10:55:42.472 D/GSM     (  792): [GDCT][simId2]stopNetStatPoll
06-20 10:55:42.512 D/GSM     (  792): [GDCT][simId2]overall state is {mApnType=dm mState=IDLE mWaitingApns=null mWaitingApnsPermanentFailureCountDown=0 mApnSetting=null mDataConnectionAc=null mReason=radioTurnedOff mRetryCount=0 mDataEnabled=false mDependencyMet=true}, {mApnType=wap mState=IDLE mWaitingApns=null mWaitingApnsPermanentFailureCountDown=0 mApnSetting=null mDataConnectionAc=null mReason=radioTurnedOff mRetryCount=0 mDataEnabled=false mDependencyMet=true}, {mApnType=cmmail mState=IDLE mWaitingApns=null mWaitingApnsPermanentFailureCountDown=0 mApnSetting=null mDataConnectionAc=null mReason=radioTurnedOff mRetryCount=0 mDataEnabled=false mDependencyMet=true}, {mApnType=fota mState=IDLE mWaitingApns=null mWaitingApnsPermanentFailureCountDown=0 mApnSetting=null mDataConnectionAc=null mReason=radioTurnedOff mRetryCount=0 mDataEnabled=false mDependencyMet=true}, {mApnType=dun mState=IDLE mWaitingApns=null mWaitingApnsPermanentFailureCountDown=0 mApnSetting=null mDataConnectionAc=null mReason=radioTurnedOff mRetryCount=0 mDataEnabled=false mDependencyMet=true}, {mApnType=supl mState=IDLE mWaitingApns=null mWaitingApnsPermanentFailureCountDown=0 mApnSetting=null mDataConnectionAc=null mReason=radioTurnedOff mRetryCount=0 mDataEnabled=false mDependencyMet=true}, {mApnType=hipri mState=IDLE mWaitingApns=null mWaitingApnsPermanentFailureCountDown=0 mApnSetting=null mDataConnectionAc=null mReason=radioTurnedOff mRetryCount=0 mDataEnabled=false mDependencyMet=true}, {mApnType=ims mState=IDLE mWaitingApns=null mWaitingApnsPermanentFailureCountDown=0 mApnSetting=null mDataConnectionAc=null mReason=radioTurnedOff mRetryCount=0 mDataEnabled=false mDependencyMet=true}, {mApnType=default mState=IDLE mWaitingApns=null mWaitingApnsPermanentFailureCountDown=0 mApnSetting=null mDataConnectionAc=null mReason=radioTurnedOff mRetryCount=0 mDataEnabled=true mDependencyMet=true}, {mApnType=mms mState=IDLE mWaitingApns=null mWaitingApnsPermanentFailureCountDown=0 mApnSetting=null mDataConnectionAc=null mReason=radioTurnedOff mRetryCount=0 mDataEnabled=false mDependencyMet=true}, {mApnType=net mState=IDLE mWaitingApns=null mWaitingApnsPermanentFailureCountDown=0 mApnSetting=null mDataConnectionAc=null mReason=radioTurnedOff mRetryCount=0 mDataEnabled=false mDependencyMet=true}, {mApnType=rcse mState=IDLE mWaitingApns=null mWaitingApnsPermanentFailureCountDown=0 mApnSetting=null mDataConnectionAc=null mReason=radioTurnedOff mRetryCount=0 mDataEnabled=false mDependencyMet=true}, {mApnType=cbs mState=IDLE mWaitingApns=null mWaitingApnsPermanentFailureCountDown=0 mApnSetting=null mDataConnectionAc=null mReason=radioTurnedOff mRetryCount=0 mDataEnabled=false mDependencyMet=true}, 
06-20 10:55:42.512 D/GSM     (  792): [GDCT][simId2]overall state is IDLE
06-20 10:55:42.513 D/GSM     (  792): [GDCT][simId2]FD_MD_Enable_Mode=1, 3gSimID=0, when switching to SCREEN ON
06-20 10:55:42.547 D/PHONE   (  792): [GeminiPhone] isSimInsert[0]: true
06-20 10:55:42.548 D/PHONE   (  792): [GeminiPhone] isSimInsert[0]: true
06-20 10:55:42.549 D/PHONE   (  792): [GeminiPhone] isSimInsert[0]: true
06-20 10:55:42.549 D/PHONE   (  792): [GeminiPhone] isSimInsert[0]: true
06-20 10:55:42.602 D/PHONE   (  792): [GeminiPhone] isSimInsert[0]: true
06-20 10:55:42.604 D/PHONE   (  792): [GeminiPhone] isSimInsert[1]: false
06-20 10:55:43.038 I/MUXD    (  331): [gsm0710muxd] 1550:gsm0710_base_buffer_get_frame(): Get a complete frame. ch:2, ctrl:239, len:19
06-20 10:55:43.039 I/MUXD    (  331): [gsm0710muxd] 1550:gsm0710_base_buffer_get_frame(): Get a complete frame. ch:2, ctrl:239, len:38
06-20 10:55:43.039 D/AT      (  608): 
06-20 10:55:43.039 D/AT      (  608): +PSBEARER: 2, 0
06-20 10:55:43.039 D/AT      (  608): 
